
21. Executing STA pass (static timing analysis).
Warning: Module 'CARRY4' has no timing arcs!
Warning: Module 'MUXF7' has no timing arcs!
Warning: Module 'MUXF8' has no timing arcs!
Latest arrival time in 'scaler_bicubic' is 3841:
    3841 (<unknown>)
Warning: Critical-path does not terminate in a recognised endpoint.
           $flatten\u_core.\u_fb.$auto$alumacc.cc:485:replace_alu$48321.X [8]
    3841 $flatten\u_core.\u_fb.$abc$242456$auto$blifparse.cc:525:parse_blif$244013 (LUT2.I1->O)
           $flatten\u_core.\u_fb.$auto$alumacc.cc:485:replace_alu$48321.B [8]
    3714 $flatten\u_core.\u_fb.$mul$/home/claude/scaler_ips/scaler_bicubic/yosys/scaler_bicubic.sv2v.v:748$4511 (DSP48E1.A->P)
           \u_core.u_ctrl.fb_wy [2]
     891 $flatten\u_core.\u_ctrl.$auto$ff.cc:266:slice$234877 (FDCE.CLR->Q)
           $flatten\u_core.\u_ctrl.$abc$241755$auto$rtlil.cc:2600:NotGate$240391
     127 $flatten\u_core.\u_ctrl.$abc$241755$auto$blifparse.cc:525:parse_blif$242111 (INV.I->O)
       0   \rst_n (<primary input>)
Warning: Endpoint scaler_bicubic.\u_core.u_fb.hi_y [1] has no (* sta_arrival *) value.
Warning: Endpoint scaler_bicubic.\u_core.u_fb.hi_y [0] has no (* sta_arrival *) value.
Warning: Endpoint scaler_bicubic.\u_core.u_fb.lo_y [1] has no (* sta_arrival *) value.
Warning: Endpoint scaler_bicubic.\u_core.u_fb.lo_y [0] has no (* sta_arrival *) value.
Warning: Endpoint scaler_bicubic.\u_core.u_fb.hi_x [1] has no (* sta_arrival *) value.
Warning: Endpoint scaler_bicubic.\u_core.u_fb.hi_x [0] has no (* sta_arrival *) value.
Warning: Endpoint scaler_bicubic.\u_core.u_fb.lo_x [1] has no (* sta_arrival *) value.
Warning: Endpoint scaler_bicubic.\u_core.u_fb.lo_x [0] has no (* sta_arrival *) value.
Warning: Endpoint scaler_bicubic.$flatten\u_core.\u_fb.$techmap46810$mul$/home/claude/scaler_ips/scaler_bicubic/yosys/scaler_bicubic.sv2v.v:811$4845.Y [9] has no (* sta_arrival *) value.
Warning: Endpoint scaler_bicubic.$flatten\u_core.\u_fb.$techmap46810$mul$/home/claude/scaler_ips/scaler_bicubic/yosys/scaler_bicubic.sv2v.v:811$4845.Y [8] has no (* sta_arrival *) value.
Warning: Endpoint scaler_bicubic.$flatten\u_core.\u_fb.$techmap46810$mul$/home/claude/scaler_ips/scaler_bicubic/yosys/scaler_bicubic.sv2v.v:811$4845.Y [7] has no (* sta_arrival *) value.
Warning: Endpoint scaler_bicubic.$flatten\u_core.\u_fb.$techmap46810$mul$/home/claude/scaler_ips/scaler_bicubic/yosys/scaler_bicubic.sv2v.v:811$4845.Y [6] has no (* sta_arrival *) value.
Warning: Endpoint scaler_bicubic.$flatten\u_core.\u_fb.$techmap46810$mul$/home/claude/scaler_ips/scaler_bicubic/yosys/scaler_bicubic.sv2v.v:811$4845.Y [5] has no (* sta_arrival *) value.
Warning: Endpoint scaler_bicubic.$flatten\u_core.\u_fb.$techmap46810$mul$/home/claude/scaler_ips/scaler_bicubic/yosys/scaler_bicubic.sv2v.v:811$4845.Y [4] has no (* sta_arrival *) value.
Warning: Endpoint scaler_bicubic.$flatten\u_core.\u_fb.$techmap46810$mul$/home/claude/scaler_ips/scaler_bicubic/yosys/scaler_bicubic.sv2v.v:811$4845.Y [3] has no (* sta_arrival *) value.
Warning: Endpoint scaler_bicubic.$flatten\u_core.\u_fb.$techmap46810$mul$/home/claude/scaler_ips/scaler_bicubic/yosys/scaler_bicubic.sv2v.v:811$4845.Y [2] has no (* sta_arrival *) value.
Warning: Endpoint scaler_bicubic.$flatten\u_core.\u_fb.$techmap46810$mul$/home/claude/scaler_ips/scaler_bicubic/yosys/scaler_bicubic.sv2v.v:811$4845.Y [1] has no (* sta_arrival *) value.
Warning: Endpoint scaler_bicubic.$flatten\u_core.\u_fb.$techmap46810$mul$/home/claude/scaler_ips/scaler_bicubic/yosys/scaler_bicubic.sv2v.v:811$4845.Y [0] has no (* sta_arrival *) value.
Warning: Endpoint scaler_bicubic.$flatten\u_core.\u_fb.$techmap46809$mul$/home/claude/scaler_ips/scaler_bicubic/yosys/scaler_bicubic.sv2v.v:811$4839.Y [9] has no (* sta_arrival *) value.
Warning: Endpoint scaler_bicubic.$flatten\u_core.\u_fb.$techmap46809$mul$/home/claude/scaler_ips/scaler_bicubic/yosys/scaler_bicubic.sv2v.v:811$4839.Y [8] has no (* sta_arrival *) value.
Warning: Endpoint scaler_bicubic.$flatten\u_core.\u_fb.$techmap46809$mul$/home/claude/scaler_ips/scaler_bicubic/yosys/scaler_bicubic.sv2v.v:811$4839.Y [7] has no (* sta_arrival *) value.
Warning: Endpoint scaler_bicubic.$flatten\u_core.\u_fb.$techmap46809$mul$/home/claude/scaler_ips/scaler_bicubic/yosys/scaler_bicubic.sv2v.v:811$4839.Y [6] has no (* sta_arrival *) value.
Warning: Endpoint scaler_bicubic.$flatten\u_core.\u_fb.$techmap46809$mul$/home/claude/scaler_ips/scaler_bicubic/yosys/scaler_bicubic.sv2v.v:811$4839.Y [5] has no (* sta_arrival *) value.
Warning: Endpoint scaler_bicubic.$flatten\u_core.\u_fb.$techmap46809$mul$/home/claude/scaler_ips/scaler_bicubic/yosys/scaler_bicubic.sv2v.v:811$4839.Y [4] has no (* sta_arrival *) value.
Warning: Endpoint scaler_bicubic.$flatten\u_core.\u_fb.$techmap46809$mul$/home/claude/scaler_ips/scaler_bicubic/yosys/scaler_bicubic.sv2v.v:811$4839.Y [3] has no (* sta_arrival *) value.
Warning: Endpoint scaler_bicubic.$flatten\u_core.\u_fb.$techmap46809$mul$/home/claude/scaler_ips/scaler_bicubic/yosys/scaler_bicubic.sv2v.v:811$4839.Y [2] has no (* sta_arrival *) value.
Warning: Endpoint scaler_bicubic.$flatten\u_core.\u_fb.$techmap46809$mul$/home/claude/scaler_ips/scaler_bicubic/yosys/scaler_bicubic.sv2v.v:811$4839.Y [1] has no (* sta_arrival *) value.
Warning: Endpoint scaler_bicubic.$flatten\u_core.\u_fb.$techmap46809$mul$/home/claude/scaler_ips/scaler_bicubic/yosys/scaler_bicubic.sv2v.v:811$4839.Y [0] has no (* sta_arrival *) value.
Warning: Endpoint scaler_bicubic.$flatten\u_core.\u_fb.$techmap46808$mul$/home/claude/scaler_ips/scaler_bicubic/yosys/scaler_bicubic.sv2v.v:811$4833.Y [9] has no (* sta_arrival *) value.
Warning: Endpoint scaler_bicubic.$flatten\u_core.\u_fb.$techmap46808$mul$/home/claude/scaler_ips/scaler_bicubic/yosys/scaler_bicubic.sv2v.v:811$4833.Y [8] has no (* sta_arrival *) value.
Warning: Endpoint scaler_bicubic.$flatten\u_core.\u_fb.$techmap46808$mul$/home/claude/scaler_ips/scaler_bicubic/yosys/scaler_bicubic.sv2v.v:811$4833.Y [7] has no (* sta_arrival *) value.
Warning: Endpoint scaler_bicubic.$flatten\u_core.\u_fb.$techmap46808$mul$/home/claude/scaler_ips/scaler_bicubic/yosys/scaler_bicubic.sv2v.v:811$4833.Y [6] has no (* sta_arrival *) value.
Warning: Endpoint scaler_bicubic.$flatten\u_core.\u_fb.$techmap46808$mul$/home/claude/scaler_ips/scaler_bicubic/yosys/scaler_bicubic.sv2v.v:811$4833.Y [5] has no (* sta_arrival *) value.
Warning: Endpoint scaler_bicubic.$flatten\u_core.\u_fb.$techmap46808$mul$/home/claude/scaler_ips/scaler_bicubic/yosys/scaler_bicubic.sv2v.v:811$4833.Y [4] has no (* sta_arrival *) value.
Warning: Endpoint scaler_bicubic.$flatten\u_core.\u_fb.$techmap46808$mul$/home/claude/scaler_ips/scaler_bicubic/yosys/scaler_bicubic.sv2v.v:811$4833.Y [3] has no (* sta_arrival *) value.
Warning: Endpoint scaler_bicubic.$flatten\u_core.\u_fb.$techmap46808$mul$/home/claude/scaler_ips/scaler_bicubic/yosys/scaler_bicubic.sv2v.v:811$4833.Y [2] has no (* sta_arrival *) value.
Warning: Endpoint scaler_bicubic.$flatten\u_core.\u_fb.$techmap46808$mul$/home/claude/scaler_ips/scaler_bicubic/yosys/scaler_bicubic.sv2v.v:811$4833.Y [1] has no (* sta_arrival *) value.
Warning: Endpoint scaler_bicubic.$flatten\u_core.\u_fb.$techmap46808$mul$/home/claude/scaler_ips/scaler_bicubic/yosys/scaler_bicubic.sv2v.v:811$4833.Y [0] has no (* sta_arrival *) value.
Warning: Endpoint scaler_bicubic.$flatten\u_core.\u_fb.$techmap46807$mul$/home/claude/scaler_ips/scaler_bicubic/yosys/scaler_bicubic.sv2v.v:811$4827.Y [9] has no (* sta_arrival *) value.
Warning: Endpoint scaler_bicubic.$flatten\u_core.\u_fb.$techmap46807$mul$/home/claude/scaler_ips/scaler_bicubic/yosys/scaler_bicubic.sv2v.v:811$4827.Y [8] has no (* sta_arrival *) value.
Warning: Endpoint scaler_bicubic.$flatten\u_core.\u_fb.$techmap46807$mul$/home/claude/scaler_ips/scaler_bicubic/yosys/scaler_bicubic.sv2v.v:811$4827.Y [7] has no (* sta_arrival *) value.
Warning: Endpoint scaler_bicubic.$flatten\u_core.\u_fb.$techmap46807$mul$/home/claude/scaler_ips/scaler_bicubic/yosys/scaler_bicubic.sv2v.v:811$4827.Y [6] has no (* sta_arrival *) value.
Warning: Endpoint scaler_bicubic.$flatten\u_core.\u_fb.$techmap46807$mul$/home/claude/scaler_ips/scaler_bicubic/yosys/scaler_bicubic.sv2v.v:811$4827.Y [5] has no (* sta_arrival *) value.
Warning: Endpoint scaler_bicubic.$flatten\u_core.\u_fb.$techmap46807$mul$/home/claude/scaler_ips/scaler_bicubic/yosys/scaler_bicubic.sv2v.v:811$4827.Y [4] has no (* sta_arrival *) value.
Warning: Endpoint scaler_bicubic.$flatten\u_core.\u_fb.$techmap46807$mul$/home/claude/scaler_ips/scaler_bicubic/yosys/scaler_bicubic.sv2v.v:811$4827.Y [3] has no (* sta_arrival *) value.
Warning: Endpoint scaler_bicubic.$flatten\u_core.\u_fb.$techmap46807$mul$/home/claude/scaler_ips/scaler_bicubic/yosys/scaler_bicubic.sv2v.v:811$4827.Y [2] has no (* sta_arrival *) value.
Warning: Endpoint scaler_bicubic.$flatten\u_core.\u_fb.$techmap46807$mul$/home/claude/scaler_ips/scaler_bicubic/yosys/scaler_bicubic.sv2v.v:811$4827.Y [1] has no (* sta_arrival *) value.
Warning: Endpoint scaler_bicubic.$flatten\u_core.\u_fb.$techmap46807$mul$/home/claude/scaler_ips/scaler_bicubic/yosys/scaler_bicubic.sv2v.v:811$4827.Y [0] has no (* sta_arrival *) value.
Warning: Endpoint scaler_bicubic.\u_core.u_fb.bcx[3] [15] has no (* sta_arrival *) value.
Warning: Endpoint scaler_bicubic.\u_core.u_fb.bcx[3] [14] has no (* sta_arrival *) value.
Warning: Endpoint scaler_bicubic.\u_core.u_fb.bcx[3] [13] has no (* sta_arrival *) value.
Warning: Endpoint scaler_bicubic.\u_core.u_fb.bcx[3] [12] has no (* sta_arrival *) value.
Warning: Endpoint scaler_bicubic.\u_core.u_fb.bcx[3] [11] has no (* sta_arrival *) value.
Warning: Endpoint scaler_bicubic.\u_core.u_fb.bcx[3] [10] has no (* sta_arrival *) value.
Warning: Endpoint scaler_bicubic.\u_core.u_fb.bcx[3] [9] has no (* sta_arrival *) value.
Warning: Endpoint scaler_bicubic.\u_core.u_fb.bcx[3] [8] has no (* sta_arrival *) value.
Warning: Endpoint scaler_bicubic.\u_core.u_fb.bcx[3] [7] has no (* sta_arrival *) value.
Warning: Endpoint scaler_bicubic.\u_core.u_fb.bcx[3] [6] has no (* sta_arrival *) value.
Warning: Endpoint scaler_bicubic.\u_core.u_fb.bcx[3] [5] has no (* sta_arrival *) value.
Warning: Endpoint scaler_bicubic.\u_core.u_fb.bcx[3] [4] has no (* sta_arrival *) value.
Warning: Endpoint scaler_bicubic.\u_core.u_fb.bcx[3] [3] has no (* sta_arrival *) value.
Warning: Endpoint scaler_bicubic.\u_core.u_fb.bcx[3] [2] has no (* sta_arrival *) value.
Warning: Endpoint scaler_bicubic.\u_core.u_fb.bcx[2] [15] has no (* sta_arrival *) value.
Warning: Endpoint scaler_bicubic.\u_core.u_fb.bcx[2] [14] has no (* sta_arrival *) value.
Warning: Endpoint scaler_bicubic.\u_core.u_fb.bcx[2] [13] has no (* sta_arrival *) value.
Warning: Endpoint scaler_bicubic.\u_core.u_fb.bcx[2] [12] has no (* sta_arrival *) value.
Warning: Endpoint scaler_bicubic.\u_core.u_fb.bcx[2] [11] has no (* sta_arrival *) value.
Warning: Endpoint scaler_bicubic.\u_core.u_fb.bcx[2] [10] has no (* sta_arrival *) value.
Warning: Endpoint scaler_bicubic.\u_core.u_fb.bcx[2] [9] has no (* sta_arrival *) value.
Warning: Endpoint scaler_bicubic.\u_core.u_fb.bcx[2] [8] has no (* sta_arrival *) value.
Warning: Endpoint scaler_bicubic.\u_core.u_fb.bcx[2] [7] has no (* sta_arrival *) value.
Warning: Endpoint scaler_bicubic.\u_core.u_fb.bcx[2] [6] has no (* sta_arrival *) value.
Warning: Endpoint scaler_bicubic.\u_core.u_fb.bcx[2] [5] has no (* sta_arrival *) value.
Warning: Endpoint scaler_bicubic.\u_core.u_fb.bcx[2] [4] has no (* sta_arrival *) value.
Warning: Endpoint scaler_bicubic.\u_core.u_fb.bcx[2] [3] has no (* sta_arrival *) value.
Warning: Endpoint scaler_bicubic.\u_core.u_fb.bcx[2] [2] has no (* sta_arrival *) value.
Warning: Endpoint scaler_bicubic.\u_core.u_fb.bcx[1] [15] has no (* sta_arrival *) value.
Warning: Endpoint scaler_bicubic.\u_core.u_fb.bcx[1] [14] has no (* sta_arrival *) value.
Warning: Endpoint scaler_bicubic.\u_core.u_fb.bcx[1] [13] has no (* sta_arrival *) value.
Warning: Endpoint scaler_bicubic.\u_core.u_fb.bcx[1] [12] has no (* sta_arrival *) value.
Warning: Endpoint scaler_bicubic.\u_core.u_fb.bcx[1] [11] has no (* sta_arrival *) value.
Warning: Endpoint scaler_bicubic.\u_core.u_fb.bcx[1] [10] has no (* sta_arrival *) value.
Warning: Endpoint scaler_bicubic.\u_core.u_fb.bcx[1] [9] has no (* sta_arrival *) value.
Warning: Endpoint scaler_bicubic.\u_core.u_fb.bcx[1] [8] has no (* sta_arrival *) value.
Warning: Endpoint scaler_bicubic.\u_core.u_fb.bcx[1] [7] has no (* sta_arrival *) value.
Warning: Endpoint scaler_bicubic.\u_core.u_fb.bcx[1] [6] has no (* sta_arrival *) value.
Warning: Endpoint scaler_bicubic.\u_core.u_fb.bcx[1] [5] has no (* sta_arrival *) value.
Warning: Endpoint scaler_bicubic.\u_core.u_fb.bcx[1] [4] has no (* sta_arrival *) value.
Warning: Endpoint scaler_bicubic.\u_core.u_fb.bcx[1] [3] has no (* sta_arrival *) value.
Warning: Endpoint scaler_bicubic.\u_core.u_fb.bcx[1] [2] has no (* sta_arrival *) value.
Warning: Endpoint scaler_bicubic.\u_core.u_fb.bcx[0] [15] has no (* sta_arrival *) value.
Warning: Endpoint scaler_bicubic.\u_core.u_fb.bcx[0] [14] has no (* sta_arrival *) value.
Warning: Endpoint scaler_bicubic.\u_core.u_fb.bcx[0] [13] has no (* sta_arrival *) value.
Warning: Endpoint scaler_bicubic.\u_core.u_fb.bcx[0] [12] has no (* sta_arrival *) value.
Warning: Endpoint scaler_bicubic.\u_core.u_fb.bcx[0] [11] has no (* sta_arrival *) value.
Warning: Endpoint scaler_bicubic.\u_core.u_fb.bcx[0] [10] has no (* sta_arrival *) value.
Warning: Endpoint scaler_bicubic.\u_core.u_fb.bcx[0] [9] has no (* sta_arrival *) value.
Warning: Endpoint scaler_bicubic.\u_core.u_fb.bcx[0] [8] has no (* sta_arrival *) value.
Warning: Endpoint scaler_bicubic.\u_core.u_fb.bcx[0] [7] has no (* sta_arrival *) value.
Warning: Endpoint scaler_bicubic.\u_core.u_fb.bcx[0] [6] has no (* sta_arrival *) value.
Warning: Endpoint scaler_bicubic.\u_core.u_fb.bcx[0] [5] has no (* sta_arrival *) value.
Warning: Endpoint scaler_bicubic.\u_core.u_fb.bcx[0] [4] has no (* sta_arrival *) value.
Warning: Endpoint scaler_bicubic.\u_core.u_fb.bcx[0] [3] has no (* sta_arrival *) value.
Warning: Endpoint scaler_bicubic.\u_core.u_fb.bcx[0] [2] has no (* sta_arrival *) value.

Arrival histogram:
 legend: * represents 25 endpoint(s)
         + represents [1,25) endpoint(s)
(  3140,   2983] |************************************************************ 
(  2983,   2826] | 
(  2826,   2669] |+
(  2669,   2512] |+
(  2512,   2355] |*+
(  2355,   2198] |***+
(  2198,   2041] |**********+
(  2041,   1884] |+
(  1884,   1727] |***+
(  1727,   1570] |****+
(  1570,   1413] |*+
(  1413,   1256] |***+
(  1256,   1099] |****************+
(  1099,    942] |**+
(   942,    785] |************+
(   785,    628] | 
(   628,    471] |*****************************+
(   471,    314] | 
(   314,    157] |***************+
(   157,      0] |***+
