
17. Printing statistics.

=== $paramod$22b184c8b09b5b69755fa74a5884a8273e8154f8\axil_regbus ===

   Number of wires:                197
   Number of wire bits:            428
   Number of public wires:          33
   Number of public wire bits:     264
   Number of memories:               0
   Number of memory bits:            0
   Number of processes:              0
   Number of cells:                321
     FDCE                          154
     INV                           156
     LUT2                            3
     LUT3                            4
     LUT4                            4

   Estimated number of LCs:          8

=== $paramod$6cb6b769eb0a25e2304b9d13af4e7cf0ef0a0b20\scaler_ctrl ===

   Number of wires:                656
   Number of wire bits:           2352
   Number of public wires:          92
   Number of public wire bits:    1155
   Number of memories:               0
   Number of memory bits:            0
   Number of processes:              0
   Number of cells:               1102
     $paramod$22b184c8b09b5b69755fa74a5884a8273e8154f8\axil_regbus      1
     CARRY4                         27
     FDCE                          355
     FDPE                            6
     INV                           398
     LUT2                           66
     LUT3                           55
     LUT4                            8
     LUT5                           34
     LUT6                          138
     MUXF7                          12
     MUXF8                           2

   Estimated number of LCs:        237

=== $paramod$b82dc2d100ad9990681c7a8800b66ca2525c6eb3\banked_framebuf ===

   Number of wires:               4584
   Number of wire bits:          55316
   Number of public wires:         114
   Number of public wire bits:    1876
   Number of memories:               0
   Number of memory bits:            0
   Number of processes:              0
   Number of cells:               4774
     CARRY4                        171
     DSP48E1                         5
     FDRE                          220
     INV                            42
     LUT1                          768
     LUT2                          171
     LUT3                          885
     LUT4                           64
     LUT5                           16
     LUT6                         1040
     MUXF7                         768
     MUXF8                         384
     RAMB36E1                      240

   Estimated number of LCs:       2005

=== $paramod$dd5a5a10bb737d72e174c2a24a3b25f8def5ecdc\scaler_polyphase ===

   Number of wires:               2771
   Number of wire bits:          32783
   Number of public wires:         771
   Number of public wire bits:   16570
   Number of memories:               0
   Number of memory bits:            0
   Number of processes:              0
   Number of cells:              13315
     $paramod$6cb6b769eb0a25e2304b9d13af4e7cf0ef0a0b20\scaler_ctrl      1
     $paramod$b82dc2d100ad9990681c7a8800b66ca2525c6eb3\banked_framebuf      1
     CARRY4                        419
     DSP48E1                        60
     FDCE                           85
     FDRE                         7769
     INV                           132
     LUT1                            2
     LUT2                         1521
     LUT3                           15
     LUT4                          235
     LUT5                           79
     LUT6                         2664
     MUXF7                         210
     MUXF8                           1
     RAM64M                        120
     scaler_dda                      1

   Estimated number of LCs:       3629

=== scaler_bicubic ===

   Number of wires:                 29
   Number of wire bits:            168
   Number of public wires:          29
   Number of public wire bits:     168
   Number of memories:               0
   Number of memory bits:            0
   Number of processes:              0
   Number of cells:                  1
     $paramod$dd5a5a10bb737d72e174c2a24a3b25f8def5ecdc\scaler_polyphase      1

   Estimated number of LCs:          0

=== scaler_dda ===

   Number of wires:                269
   Number of wire bits:           1080
   Number of public wires:          24
   Number of public wire bits:     363
   Number of memories:               0
   Number of memory bits:            0
   Number of processes:              0
   Number of cells:                600
     CARRY4                         32
     FDCE                          165
     INV                           197
     LUT2                           69
     LUT3                           35
     LUT4                           46
     LUT6                           44
     MUXF7                           8
     MUXF8                           4

   Estimated number of LCs:        125

=== design hierarchy ===

   scaler_bicubic                    1
     $paramod$dd5a5a10bb737d72e174c2a24a3b25f8def5ecdc\scaler_polyphase      1
       $paramod$6cb6b769eb0a25e2304b9d13af4e7cf0ef0a0b20\scaler_ctrl      1
         $paramod$22b184c8b09b5b69755fa74a5884a8273e8154f8\axil_regbus      1
       $paramod$b82dc2d100ad9990681c7a8800b66ca2525c6eb3\banked_framebuf      1
       scaler_dda                    1

   Number of wires:               8506
   Number of wire bits:          92127
   Number of public wires:        1063
   Number of public wire bits:   20396
   Number of memories:               0
   Number of memory bits:            0
   Number of processes:              0
   Number of cells:              20108
     CARRY4                        649
     DSP48E1                        65
     FDCE                          759
     FDPE                            6
     FDRE                         7989
     INV                           925
     LUT1                          770
     LUT2                         1830
     LUT3                          994
     LUT4                          357
     LUT5                          129
     LUT6                         3886
     MUXF7                         998
     MUXF8                         391
     RAM64M                        120
     RAMB36E1                      240

   Estimated number of LCs:       5926

