
 /----------------------------------------------------------------------------\
 |  yosys -- Yosys Open SYnthesis Suite                                       |
 |  Copyright (C) 2012 - 2026  Claire Xenia Wolf <claire@yosyshq.com>         |
 |  Distributed under an ISC-like license, type "license" to see terms        |
 \----------------------------------------------------------------------------/
 Yosys 0.69+154 (git sha1 30d62572e-dirty, Release, Clang /usr/local/osxcross/target/bin/x86_64-apple-darwin25.5-clang++ 21.1.8)
[TCL: yosys -import] Command name collision: found pre-existing command `cd' -> skip.
[TCL: yosys -import] Command name collision: found pre-existing command `eval' -> skip.
[TCL: yosys -import] Command name collision: found pre-existing command `exec' -> skip.
[TCL: yosys -import] Command name collision: found pre-existing command `read' -> skip.
[TCL: yosys -import] Command name collision: found pre-existing command `trace' -> skip.

1. Read sources

2. Executing Verilog-2005 frontend: /Applications/oss-cad-suite/libexec/../share/yosys/xilinx/cells_sim.v
Parsing Verilog input from `/Applications/oss-cad-suite/libexec/../share/yosys/xilinx/cells_sim.v' to AST representation.
Generating RTLIL representation for module `\VCC'.
Generating RTLIL representation for module `\GND'.
Generating RTLIL representation for module `\IBUF'.
Generating RTLIL representation for module `\IBUFG'.
Generating RTLIL representation for module `\OBUF'.
Generating RTLIL representation for module `\IOBUF'.
Generating RTLIL representation for module `\OBUFT'.
Generating RTLIL representation for module `\BUFG'.
Generating RTLIL representation for module `\BUFGCTRL'.
Generating RTLIL representation for module `\BUFHCE'.
Generating RTLIL representation for module `\INV'.
Generating RTLIL representation for module `\LUT1'.
Generating RTLIL representation for module `\LUT2'.
Generating RTLIL representation for module `\LUT3'.
Generating RTLIL representation for module `\LUT4'.
Generating RTLIL representation for module `\LUT5'.
Generating RTLIL representation for module `\LUT6'.
Generating RTLIL representation for module `\LUT6_2'.
Generating RTLIL representation for module `\$__ABC9_LUT7'.
Generating RTLIL representation for module `\$__ABC9_LUT8'.
Generating RTLIL representation for module `\MUXCY'.
Generating RTLIL representation for module `\MUXF5'.
Generating RTLIL representation for module `\MUXF6'.
Generating RTLIL representation for module `\MUXF7'.
Generating RTLIL representation for module `\MUXF8'.
Generating RTLIL representation for module `\MUXF9'.
Generating RTLIL representation for module `\XORCY'.
Generating RTLIL representation for module `\CARRY4'.
Generating RTLIL representation for module `\CARRY8'.
Generating RTLIL representation for module `\ORCY'.
Generating RTLIL representation for module `\MULT_AND'.
Generating RTLIL representation for module `\FDRE'.
Generating RTLIL representation for module `\FDRE_1'.
Generating RTLIL representation for module `\FDSE'.
Generating RTLIL representation for module `\FDSE_1'.
Generating RTLIL representation for module `\FDRSE'.
Generating RTLIL representation for module `\FDRSE_1'.
Generating RTLIL representation for module `\FDCE'.
Generating RTLIL representation for module `\FDCE_1'.
Generating RTLIL representation for module `\FDPE'.
Generating RTLIL representation for module `\FDPE_1'.
Generating RTLIL representation for module `\FDCPE'.
Generating RTLIL representation for module `\FDCPE_1'.
Generating RTLIL representation for module `\LDCE'.
Generating RTLIL representation for module `\LDPE'.
Generating RTLIL representation for module `\LDCPE'.
Generating RTLIL representation for module `\AND2B1L'.
Generating RTLIL representation for module `\OR2L'.
Generating RTLIL representation for module `\RAM16X1S'.
Generating RTLIL representation for module `\RAM16X1S_1'.
Generating RTLIL representation for module `\RAM32X1S'.
Generating RTLIL representation for module `\RAM32X1S_1'.
Generating RTLIL representation for module `\RAM64X1S'.
Generating RTLIL representation for module `\RAM64X1S_1'.
Generating RTLIL representation for module `\RAM128X1S'.
Generating RTLIL representation for module `\RAM128X1S_1'.
Generating RTLIL representation for module `\RAM256X1S'.
Generating RTLIL representation for module `\RAM512X1S'.
Generating RTLIL representation for module `\RAM16X2S'.
Generating RTLIL representation for module `\RAM32X2S'.
Generating RTLIL representation for module `\RAM64X2S'.
Generating RTLIL representation for module `\RAM16X4S'.
Generating RTLIL representation for module `\RAM32X4S'.
Generating RTLIL representation for module `\RAM16X8S'.
Generating RTLIL representation for module `\RAM32X8S'.
Generating RTLIL representation for module `\RAM16X1D'.
Generating RTLIL representation for module `\RAM16X1D_1'.
Generating RTLIL representation for module `\RAM32X1D'.
Generating RTLIL representation for module `\RAM32X1D_1'.
Generating RTLIL representation for module `\RAM64X1D'.
Generating RTLIL representation for module `\RAM64X1D_1'.
Generating RTLIL representation for module `\RAM128X1D'.
Generating RTLIL representation for module `\RAM256X1D'.
Generating RTLIL representation for module `\RAM32M'.
Generating RTLIL representation for module `\RAM32M16'.
Generating RTLIL representation for module `\RAM64M'.
Generating RTLIL representation for module `\RAM64M8'.
Generating RTLIL representation for module `\RAM32X16DR8'.
Generating RTLIL representation for module `\RAM64X8SW'.
Generating RTLIL representation for module `\ROM16X1'.
Generating RTLIL representation for module `\ROM32X1'.
Generating RTLIL representation for module `\ROM64X1'.
Generating RTLIL representation for module `\ROM128X1'.
Generating RTLIL representation for module `\ROM256X1'.
Generating RTLIL representation for module `\SRL16'.
Generating RTLIL representation for module `\SRL16E'.
Generating RTLIL representation for module `\SRLC16'.
Generating RTLIL representation for module `\SRLC16E'.
Generating RTLIL representation for module `\SRLC32E'.
Generating RTLIL representation for module `\CFGLUT5'.
Generating RTLIL representation for module `\MULT18X18'.
Generating RTLIL representation for module `\MULT18X18S'.
Generating RTLIL representation for module `\MULT18X18SIO'.
Generating RTLIL representation for module `\DSP48A'.
Generating RTLIL representation for module `\DSP48A1'.
Generating RTLIL representation for module `\DSP48'.
Generating RTLIL representation for module `\DSP48E1'.
Generating RTLIL representation for module `\RAMB18E1'.
Generating RTLIL representation for module `\RAMB36E1'.
Successfully finished Verilog frontend.

3. Executing Verilog-2005 frontend: /Applications/oss-cad-suite/libexec/../share/yosys/xilinx/cells_xtra.v
Parsing Verilog input from `/Applications/oss-cad-suite/libexec/../share/yosys/xilinx/cells_xtra.v' to AST representation.
Generating RTLIL representation for module `\RAMB4_S1'.
Generating RTLIL representation for module `\RAMB4_S2'.
Generating RTLIL representation for module `\RAMB4_S4'.
Generating RTLIL representation for module `\RAMB4_S8'.
Generating RTLIL representation for module `\RAMB4_S16'.
Generating RTLIL representation for module `\RAMB4_S1_S1'.
Generating RTLIL representation for module `\RAMB4_S1_S2'.
Generating RTLIL representation for module `\RAMB4_S1_S4'.
Generating RTLIL representation for module `\RAMB4_S1_S8'.
Generating RTLIL representation for module `\RAMB4_S1_S16'.
Generating RTLIL representation for module `\RAMB4_S2_S2'.
Generating RTLIL representation for module `\RAMB4_S2_S4'.
Generating RTLIL representation for module `\RAMB4_S2_S8'.
Generating RTLIL representation for module `\RAMB4_S2_S16'.
Generating RTLIL representation for module `\RAMB4_S4_S4'.
Generating RTLIL representation for module `\RAMB4_S4_S8'.
Generating RTLIL representation for module `\RAMB4_S4_S16'.
Generating RTLIL representation for module `\RAMB4_S8_S8'.
Generating RTLIL representation for module `\RAMB4_S8_S16'.
Generating RTLIL representation for module `\RAMB4_S16_S16'.
Generating RTLIL representation for module `\RAMB16_S1'.
Generating RTLIL representation for module `\RAMB16_S2'.
Generating RTLIL representation for module `\RAMB16_S4'.
Generating RTLIL representation for module `\RAMB16_S9'.
Generating RTLIL representation for module `\RAMB16_S18'.
Generating RTLIL representation for module `\RAMB16_S36'.
Generating RTLIL representation for module `\RAMB16_S1_S1'.
Generating RTLIL representation for module `\RAMB16_S1_S2'.
Generating RTLIL representation for module `\RAMB16_S1_S4'.
Generating RTLIL representation for module `\RAMB16_S1_S9'.
Generating RTLIL representation for module `\RAMB16_S1_S18'.
Generating RTLIL representation for module `\RAMB16_S1_S36'.
Generating RTLIL representation for module `\RAMB16_S2_S2'.
Generating RTLIL representation for module `\RAMB16_S2_S4'.
Generating RTLIL representation for module `\RAMB16_S2_S9'.
Generating RTLIL representation for module `\RAMB16_S2_S18'.
Generating RTLIL representation for module `\RAMB16_S2_S36'.
Generating RTLIL representation for module `\RAMB16_S4_S4'.
Generating RTLIL representation for module `\RAMB16_S4_S9'.
Generating RTLIL representation for module `\RAMB16_S4_S18'.
Generating RTLIL representation for module `\RAMB16_S4_S36'.
Generating RTLIL representation for module `\RAMB16_S9_S9'.
Generating RTLIL representation for module `\RAMB16_S9_S18'.
Generating RTLIL representation for module `\RAMB16_S9_S36'.
Generating RTLIL representation for module `\RAMB16_S18_S18'.
Generating RTLIL representation for module `\RAMB16_S18_S36'.
Generating RTLIL representation for module `\RAMB16_S36_S36'.
Generating RTLIL representation for module `\RAMB16BWE_S18'.
Generating RTLIL representation for module `\RAMB16BWE_S36'.
Generating RTLIL representation for module `\RAMB16BWE_S18_S9'.
Generating RTLIL representation for module `\RAMB16BWE_S18_S18'.
Generating RTLIL representation for module `\RAMB16BWE_S36_S9'.
Generating RTLIL representation for module `\RAMB16BWE_S36_S18'.
Generating RTLIL representation for module `\RAMB16BWE_S36_S36'.
Generating RTLIL representation for module `\RAMB16BWER'.
Generating RTLIL representation for module `\RAMB8BWER'.
Generating RTLIL representation for module `\FIFO16'.
Generating RTLIL representation for module `\RAMB16'.
Generating RTLIL representation for module `\RAMB32_S64_ECC'.
Generating RTLIL representation for module `\FIFO18'.
Generating RTLIL representation for module `\FIFO18_36'.
Generating RTLIL representation for module `\FIFO36'.
Generating RTLIL representation for module `\FIFO36_72'.
Generating RTLIL representation for module `\RAMB18'.
Generating RTLIL representation for module `\RAMB36'.
Generating RTLIL representation for module `\RAMB18SDP'.
Generating RTLIL representation for module `\RAMB36SDP'.
Generating RTLIL representation for module `\FIFO18E1'.
Generating RTLIL representation for module `\FIFO36E1'.
Generating RTLIL representation for module `\FIFO18E2'.
Generating RTLIL representation for module `\FIFO36E2'.
Generating RTLIL representation for module `\RAMB18E2'.
Generating RTLIL representation for module `\RAMB36E2'.
Generating RTLIL representation for module `\URAM288'.
Generating RTLIL representation for module `\URAM288_BASE'.
Generating RTLIL representation for module `\DSP48E'.
Generating RTLIL representation for module `\DSP48E2'.
Generating RTLIL representation for module `\FDDRCPE'.
Generating RTLIL representation for module `\FDDRRSE'.
Generating RTLIL representation for module `\IFDDRCPE'.
Generating RTLIL representation for module `\IFDDRRSE'.
Generating RTLIL representation for module `\OFDDRCPE'.
Generating RTLIL representation for module `\OFDDRRSE'.
Generating RTLIL representation for module `\OFDDRTCPE'.
Generating RTLIL representation for module `\OFDDRTRSE'.
Generating RTLIL representation for module `\IDDR2'.
Generating RTLIL representation for module `\ODDR2'.
Generating RTLIL representation for module `\IDDR'.
Generating RTLIL representation for module `\IDDR_2CLK'.
Generating RTLIL representation for module `\ODDR'.
Generating RTLIL representation for module `\IDELAYCTRL'.
Generating RTLIL representation for module `\IDELAY'.
Generating RTLIL representation for module `\ISERDES'.
Generating RTLIL representation for module `\OSERDES'.
Generating RTLIL representation for module `\IODELAY'.
Generating RTLIL representation for module `\ISERDES_NODELAY'.
Generating RTLIL representation for module `\IODELAYE1'.
Generating RTLIL representation for module `\ISERDESE1'.
Generating RTLIL representation for module `\OSERDESE1'.
Generating RTLIL representation for module `\IDELAYE2'.
Generating RTLIL representation for module `\ODELAYE2'.
Generating RTLIL representation for module `\ISERDESE2'.
Generating RTLIL representation for module `\OSERDESE2'.
Generating RTLIL representation for module `\PHASER_IN'.
Generating RTLIL representation for module `\PHASER_IN_PHY'.
Generating RTLIL representation for module `\PHASER_OUT'.
Generating RTLIL representation for module `\PHASER_OUT_PHY'.
Generating RTLIL representation for module `\PHASER_REF'.
Generating RTLIL representation for module `\PHY_CONTROL'.
Generating RTLIL representation for module `\IDDRE1'.
Generating RTLIL representation for module `\ODDRE1'.
Generating RTLIL representation for module `\IDELAYE3'.
Generating RTLIL representation for module `\ODELAYE3'.
Generating RTLIL representation for module `\ISERDESE3'.
Generating RTLIL representation for module `\OSERDESE3'.
Generating RTLIL representation for module `\BITSLICE_CONTROL'.
Generating RTLIL representation for module `\RIU_OR'.
Generating RTLIL representation for module `\RX_BITSLICE'.
Generating RTLIL representation for module `\RXTX_BITSLICE'.
Generating RTLIL representation for module `\TX_BITSLICE'.
Generating RTLIL representation for module `\TX_BITSLICE_TRI'.
Generating RTLIL representation for module `\IODELAY2'.
Generating RTLIL representation for module `\IODRP2'.
Generating RTLIL representation for module `\IODRP2_MCB'.
Generating RTLIL representation for module `\ISERDES2'.
Generating RTLIL representation for module `\OSERDES2'.
Generating RTLIL representation for module `\IBUF_DLY_ADJ'.
Generating RTLIL representation for module `\IBUF_IBUFDISABLE'.
Generating RTLIL representation for module `\IBUF_INTERMDISABLE'.
Generating RTLIL representation for module `\IBUF_ANALOG'.
Generating RTLIL representation for module `\IBUFE3'.
Generating RTLIL representation for module `\IBUFDS'.
Generating RTLIL representation for module `\IBUFDS_DLY_ADJ'.
Generating RTLIL representation for module `\IBUFDS_IBUFDISABLE'.
Generating RTLIL representation for module `\IBUFDS_INTERMDISABLE'.
Generating RTLIL representation for module `\IBUFDS_DIFF_OUT'.
Generating RTLIL representation for module `\IBUFDS_DIFF_OUT_IBUFDISABLE'.
Generating RTLIL representation for module `\IBUFDS_DIFF_OUT_INTERMDISABLE'.
Generating RTLIL representation for module `\IBUFDSE3'.
Generating RTLIL representation for module `\IBUFDS_DPHY'.
Generating RTLIL representation for module `\IBUFGDS'.
Generating RTLIL representation for module `\IBUFGDS_DIFF_OUT'.
Generating RTLIL representation for module `\IOBUF_DCIEN'.
Generating RTLIL representation for module `\IOBUF_INTERMDISABLE'.
Generating RTLIL representation for module `\IOBUFE3'.
Generating RTLIL representation for module `\IOBUFDS'.
Generating RTLIL representation for module `\IOBUFDS_DCIEN'.
Generating RTLIL representation for module `\IOBUFDS_INTERMDISABLE'.
Generating RTLIL representation for module `\IOBUFDS_DIFF_OUT'.
Generating RTLIL representation for module `\IOBUFDS_DIFF_OUT_DCIEN'.
Generating RTLIL representation for module `\IOBUFDS_DIFF_OUT_INTERMDISABLE'.
Generating RTLIL representation for module `\IOBUFDSE3'.
Generating RTLIL representation for module `\OBUFDS'.
Generating RTLIL representation for module `\OBUFDS_DPHY'.
Generating RTLIL representation for module `\OBUFTDS'.
Generating RTLIL representation for module `\KEEPER'.
Generating RTLIL representation for module `\PULLDOWN'.
Generating RTLIL representation for module `\PULLUP'.
Generating RTLIL representation for module `\DCIRESET'.
Generating RTLIL representation for module `\HPIO_VREF'.
Generating RTLIL representation for module `\BUFGCE'.
Generating RTLIL representation for module `\BUFGCE_1'.
Generating RTLIL representation for module `\BUFGMUX'.
Generating RTLIL representation for module `\BUFGMUX_1'.
Generating RTLIL representation for module `\BUFGMUX_CTRL'.
Generating RTLIL representation for module `\BUFGMUX_VIRTEX4'.
Generating RTLIL representation for module `\BUFG_GT'.
Generating RTLIL representation for module `\BUFG_GT_SYNC'.
Generating RTLIL representation for module `\BUFG_PS'.
Generating RTLIL representation for module `\BUFGCE_DIV'.
Generating RTLIL representation for module `\BUFH'.
Generating RTLIL representation for module `\BUFIO2'.
Generating RTLIL representation for module `\BUFIO2_2CLK'.
Generating RTLIL representation for module `\BUFIO2FB'.
Generating RTLIL representation for module `\BUFPLL'.
Generating RTLIL representation for module `\BUFPLL_MCB'.
Generating RTLIL representation for module `\BUFIO'.
Generating RTLIL representation for module `\BUFIODQS'.
Generating RTLIL representation for module `\BUFR'.
Generating RTLIL representation for module `\BUFMR'.
Generating RTLIL representation for module `\BUFMRCE'.
Generating RTLIL representation for module `\DCM'.
Generating RTLIL representation for module `\DCM_SP'.
Generating RTLIL representation for module `\DCM_CLKGEN'.
Generating RTLIL representation for module `\DCM_ADV'.
Generating RTLIL representation for module `\DCM_BASE'.
Generating RTLIL representation for module `\DCM_PS'.
Generating RTLIL representation for module `\PMCD'.
Generating RTLIL representation for module `\PLL_ADV'.
Generating RTLIL representation for module `\PLL_BASE'.
Generating RTLIL representation for module `\MMCM_ADV'.
Generating RTLIL representation for module `\MMCM_BASE'.
Generating RTLIL representation for module `\MMCME2_ADV'.
Generating RTLIL representation for module `\MMCME2_BASE'.
Generating RTLIL representation for module `\PLLE2_ADV'.
Generating RTLIL representation for module `\PLLE2_BASE'.
Generating RTLIL representation for module `\MMCME3_ADV'.
Generating RTLIL representation for module `\MMCME3_BASE'.
Generating RTLIL representation for module `\PLLE3_ADV'.
Generating RTLIL representation for module `\PLLE3_BASE'.
Generating RTLIL representation for module `\MMCME4_ADV'.
Generating RTLIL representation for module `\MMCME4_BASE'.
Generating RTLIL representation for module `\PLLE4_ADV'.
Generating RTLIL representation for module `\PLLE4_BASE'.
Generating RTLIL representation for module `\BUFT'.
Generating RTLIL representation for module `\IN_FIFO'.
Generating RTLIL representation for module `\OUT_FIFO'.
Generating RTLIL representation for module `\HARD_SYNC'.
Generating RTLIL representation for module `\STARTUP_SPARTAN3'.
Generating RTLIL representation for module `\STARTUP_SPARTAN3E'.
Generating RTLIL representation for module `\STARTUP_SPARTAN3A'.
Generating RTLIL representation for module `\STARTUP_SPARTAN6'.
Generating RTLIL representation for module `\STARTUP_VIRTEX4'.
Generating RTLIL representation for module `\STARTUP_VIRTEX5'.
Generating RTLIL representation for module `\STARTUP_VIRTEX6'.
Generating RTLIL representation for module `\STARTUPE2'.
Generating RTLIL representation for module `\STARTUPE3'.
Generating RTLIL representation for module `\CAPTURE_SPARTAN3'.
Generating RTLIL representation for module `\CAPTURE_SPARTAN3A'.
Generating RTLIL representation for module `\CAPTURE_VIRTEX4'.
Generating RTLIL representation for module `\CAPTURE_VIRTEX5'.
Generating RTLIL representation for module `\CAPTURE_VIRTEX6'.
Generating RTLIL representation for module `\CAPTUREE2'.
Generating RTLIL representation for module `\ICAP_SPARTAN3A'.
Generating RTLIL representation for module `\ICAP_SPARTAN6'.
Generating RTLIL representation for module `\ICAP_VIRTEX4'.
Generating RTLIL representation for module `\ICAP_VIRTEX5'.
Generating RTLIL representation for module `\ICAP_VIRTEX6'.
Generating RTLIL representation for module `\ICAPE2'.
Generating RTLIL representation for module `\ICAPE3'.
Generating RTLIL representation for module `\BSCAN_SPARTAN3'.
Generating RTLIL representation for module `\BSCAN_SPARTAN3A'.
Generating RTLIL representation for module `\BSCAN_SPARTAN6'.
Generating RTLIL representation for module `\BSCAN_VIRTEX4'.
Generating RTLIL representation for module `\BSCAN_VIRTEX5'.
Generating RTLIL representation for module `\BSCAN_VIRTEX6'.
Generating RTLIL representation for module `\BSCANE2'.
Generating RTLIL representation for module `\DNA_PORT'.
Generating RTLIL representation for module `\DNA_PORTE2'.
Generating RTLIL representation for module `\FRAME_ECC_VIRTEX4'.
Generating RTLIL representation for module `\FRAME_ECC_VIRTEX5'.
Generating RTLIL representation for module `\FRAME_ECC_VIRTEX6'.
Generating RTLIL representation for module `\FRAME_ECCE2'.
Generating RTLIL representation for module `\FRAME_ECCE3'.
Generating RTLIL representation for module `\FRAME_ECCE4'.
Generating RTLIL representation for module `\USR_ACCESS_VIRTEX4'.
Generating RTLIL representation for module `\USR_ACCESS_VIRTEX5'.
Generating RTLIL representation for module `\USR_ACCESS_VIRTEX6'.
Generating RTLIL representation for module `\USR_ACCESSE2'.
Generating RTLIL representation for module `\POST_CRC_INTERNAL'.
Generating RTLIL representation for module `\SUSPEND_SYNC'.
Generating RTLIL representation for module `\KEY_CLEAR'.
Generating RTLIL representation for module `\MASTER_JTAG'.
Generating RTLIL representation for module `\SPI_ACCESS'.
Generating RTLIL representation for module `\EFUSE_USR'.
Generating RTLIL representation for module `\SYSMON'.
Generating RTLIL representation for module `\XADC'.
Generating RTLIL representation for module `\SYSMONE1'.
Generating RTLIL representation for module `\SYSMONE4'.
Generating RTLIL representation for module `\GTPA1_DUAL'.
Generating RTLIL representation for module `\GT11_CUSTOM'.
Generating RTLIL representation for module `\GT11_DUAL'.
Generating RTLIL representation for module `\GT11CLK'.
Generating RTLIL representation for module `\GT11CLK_MGT'.
Generating RTLIL representation for module `\GTP_DUAL'.
Generating RTLIL representation for module `\GTX_DUAL'.
Generating RTLIL representation for module `\CRC32'.
Generating RTLIL representation for module `\CRC64'.
Generating RTLIL representation for module `\GTHE1_QUAD'.
Generating RTLIL representation for module `\GTXE1'.
Generating RTLIL representation for module `\IBUFDS_GTXE1'.
Generating RTLIL representation for module `\IBUFDS_GTHE1'.
Generating RTLIL representation for module `\GTHE2_CHANNEL'.
Generating RTLIL representation for module `\GTHE2_COMMON'.
Generating RTLIL representation for module `\GTPE2_CHANNEL'.
Generating RTLIL representation for module `\GTPE2_COMMON'.
Generating RTLIL representation for module `\GTXE2_CHANNEL'.
Generating RTLIL representation for module `\GTXE2_COMMON'.
Generating RTLIL representation for module `\IBUFDS_GTE2'.
Generating RTLIL representation for module `\GTHE3_CHANNEL'.
Generating RTLIL representation for module `\GTHE3_COMMON'.
Generating RTLIL representation for module `\GTYE3_CHANNEL'.
Generating RTLIL representation for module `\GTYE3_COMMON'.
Generating RTLIL representation for module `\IBUFDS_GTE3'.
Generating RTLIL representation for module `\OBUFDS_GTE3'.
Generating RTLIL representation for module `\OBUFDS_GTE3_ADV'.
Generating RTLIL representation for module `\GTHE4_CHANNEL'.
Generating RTLIL representation for module `\GTHE4_COMMON'.
Generating RTLIL representation for module `\GTYE4_CHANNEL'.
Generating RTLIL representation for module `\GTYE4_COMMON'.
Generating RTLIL representation for module `\IBUFDS_GTE4'.
Generating RTLIL representation for module `\OBUFDS_GTE4'.
Generating RTLIL representation for module `\OBUFDS_GTE4_ADV'.
Generating RTLIL representation for module `\GTM_DUAL'.
Generating RTLIL representation for module `\IBUFDS_GTM'.
Generating RTLIL representation for module `\OBUFDS_GTM'.
Generating RTLIL representation for module `\OBUFDS_GTM_ADV'.
Generating RTLIL representation for module `\HSDAC'.
Generating RTLIL representation for module `\HSADC'.
Generating RTLIL representation for module `\RFDAC'.
Generating RTLIL representation for module `\RFADC'.
Generating RTLIL representation for module `\PCIE_A1'.
Generating RTLIL representation for module `\PCIE_EP'.
Generating RTLIL representation for module `\PCIE_2_0'.
Generating RTLIL representation for module `\PCIE_2_1'.
Generating RTLIL representation for module `\PCIE_3_0'.
Generating RTLIL representation for module `\PCIE_3_1'.
Generating RTLIL representation for module `\PCIE40E4'.
Generating RTLIL representation for module `\PCIE4CE4'.
Generating RTLIL representation for module `\EMAC'.
Generating RTLIL representation for module `\TEMAC'.
Generating RTLIL representation for module `\TEMAC_SINGLE'.
Generating RTLIL representation for module `\CMAC'.
Generating RTLIL representation for module `\CMACE4'.
Generating RTLIL representation for module `\MCB'.
Generating RTLIL representation for module `\HBM_REF_CLK'.
Generating RTLIL representation for module `\HBM_SNGLBLI_INTF_APB'.
Generating RTLIL representation for module `\HBM_SNGLBLI_INTF_AXI'.
Generating RTLIL representation for module `\HBM_ONE_STACK_INTF'.
Generating RTLIL representation for module `\HBM_TWO_STACK_INTF'.
Generating RTLIL representation for module `\PPC405_ADV'.
Generating RTLIL representation for module `\PPC440'.
Generating RTLIL representation for module `\PS7'.
Generating RTLIL representation for module `\PS8'.
Generating RTLIL representation for module `\ILKN'.
Generating RTLIL representation for module `\ILKNE4'.
Generating RTLIL representation for module `\VCU'.
Generating RTLIL representation for module `\FE'.
Successfully finished Verilog frontend.

4. Executing Verilog-2005 frontend: /Users/paulbarcelona/Library/CloudStorage/OneDrive-Personal/GitHub/digital_ip/image_processing/scaler_ips/axil_regbus/yosys/axil_regbus.sv2v.v
Parsing Verilog input from `/Users/paulbarcelona/Library/CloudStorage/OneDrive-Personal/GitHub/digital_ip/image_processing/scaler_ips/axil_regbus/yosys/axil_regbus.sv2v.v' to AST representation.
Storing AST representation for module `$abstract\axil_regbus'.
Successfully finished Verilog frontend.

5. Elaborate axil_regbus 

6. Executing HIERARCHY pass (managing design hierarchy).

7. Executing AST frontend in derive mode using pre-parsed AST for module `\axil_regbus'.
Generating RTLIL representation for module `\axil_regbus'.

7.1. Analyzing design hierarchy..
Top module:  \axil_regbus

7.2. Analyzing design hierarchy..
Top module:  \axil_regbus
Removing unused module `$abstract\axil_regbus'.
Removed 1 unused modules.

8. Compile (generic RTL optimisation)

8.1. Executing SYNTH_XILINX pass.

8.1.1. Executing PROC pass (convert processes to netlists).

8.1.1.1. Executing PROC_CLEAN pass (remove empty switches from decision trees).
Cleaned up 0 empty switches.

8.1.1.2. Executing PROC_RMDEAD pass (remove dead branches from decision trees).
Marked 2 switch rules as full_case in process $proc$/Users/paulbarcelona/Library/CloudStorage/OneDrive-Personal/GitHub/digital_ip/image_processing/scaler_ips/axil_regbus/yosys/axil_regbus.sv2v.v:105$1110 in module axil_regbus.
Marked 2 switch rules as full_case in process $proc$/Users/paulbarcelona/Library/CloudStorage/OneDrive-Personal/GitHub/digital_ip/image_processing/scaler_ips/axil_regbus/yosys/axil_regbus.sv2v.v:65$1099 in module axil_regbus.
Removed a total of 0 dead cases.

8.1.1.3. Executing PROC_PRUNE pass (remove redundant assignments in processes).
Removed 3 redundant assignments.
Promoted 0 assignments to connections.

8.1.1.4. Executing PROC_INIT pass (extract init attributes).

8.1.1.5. Executing PROC_ARST pass (detect async resets in processes).
Found async reset \rst_n in `\axil_regbus.$proc$/Users/paulbarcelona/Library/CloudStorage/OneDrive-Personal/GitHub/digital_ip/image_processing/scaler_ips/axil_regbus/yosys/axil_regbus.sv2v.v:105$1110'.
Found async reset \rst_n in `\axil_regbus.$proc$/Users/paulbarcelona/Library/CloudStorage/OneDrive-Personal/GitHub/digital_ip/image_processing/scaler_ips/axil_regbus/yosys/axil_regbus.sv2v.v:65$1099'.

8.1.1.6. Executing PROC_ROM pass (convert switches to ROMs).
Converted 0 switches.
<suppressed ~7 debug messages>

8.1.1.7. Executing PROC_MUX pass (convert decision trees to multiplexers).
Creating decoders for process `\axil_regbus.$proc$/Users/paulbarcelona/Library/CloudStorage/OneDrive-Personal/GitHub/digital_ip/image_processing/scaler_ips/axil_regbus/yosys/axil_regbus.sv2v.v:105$1110'.
     1/6: $0\rd_d[0:0]
     2/6: $0\reg_rd[0:0]
     3/6: $0\rd_pend[0:0]
     4/6: $0\reg_raddr[15:0]
     5/6: $0\s_axil_rvalid[0:0]
     6/6: $0\s_axil_rdata[31:0]
Creating decoders for process `\axil_regbus.$proc$/Users/paulbarcelona/Library/CloudStorage/OneDrive-Personal/GitHub/digital_ip/image_processing/scaler_ips/axil_regbus/yosys/axil_regbus.sv2v.v:65$1099'.
     1/10: $0\reg_wr[0:0]
     2/10: $0\wstrb_q[3:0]
     3/10: $0\wdata_q[31:0]
     4/10: $0\awaddr_q[15:0]
     5/10: $0\w_held[0:0]
     6/10: $0\aw_held[0:0]
     7/10: $0\reg_wstrb[3:0]
     8/10: $0\reg_wdata[31:0]
     9/10: $0\reg_waddr[15:0]
    10/10: $0\s_axil_bvalid[0:0]

8.1.1.8. Executing PROC_DLATCH pass (convert process syncs to latches).

8.1.1.9. Executing PROC_DFF pass (convert process syncs to FFs).
Creating register for signal `\axil_regbus.\s_axil_rdata' using process `\axil_regbus.$proc$/Users/paulbarcelona/Library/CloudStorage/OneDrive-Personal/GitHub/digital_ip/image_processing/scaler_ips/axil_regbus/yosys/axil_regbus.sv2v.v:105$1110'.
  created $adff cell `$procdff$1168' with positive edge clock and positive level reset.
Creating register for signal `\axil_regbus.\s_axil_rvalid' using process `\axil_regbus.$proc$/Users/paulbarcelona/Library/CloudStorage/OneDrive-Personal/GitHub/digital_ip/image_processing/scaler_ips/axil_regbus/yosys/axil_regbus.sv2v.v:105$1110'.
  created $adff cell `$procdff$1173' with positive edge clock and positive level reset.
Creating register for signal `\axil_regbus.\reg_rd' using process `\axil_regbus.$proc$/Users/paulbarcelona/Library/CloudStorage/OneDrive-Personal/GitHub/digital_ip/image_processing/scaler_ips/axil_regbus/yosys/axil_regbus.sv2v.v:105$1110'.
  created $adff cell `$procdff$1178' with positive edge clock and positive level reset.
Creating register for signal `\axil_regbus.\reg_raddr' using process `\axil_regbus.$proc$/Users/paulbarcelona/Library/CloudStorage/OneDrive-Personal/GitHub/digital_ip/image_processing/scaler_ips/axil_regbus/yosys/axil_regbus.sv2v.v:105$1110'.
  created $adff cell `$procdff$1183' with positive edge clock and positive level reset.
Creating register for signal `\axil_regbus.\rd_pend' using process `\axil_regbus.$proc$/Users/paulbarcelona/Library/CloudStorage/OneDrive-Personal/GitHub/digital_ip/image_processing/scaler_ips/axil_regbus/yosys/axil_regbus.sv2v.v:105$1110'.
  created $adff cell `$procdff$1188' with positive edge clock and positive level reset.
Creating register for signal `\axil_regbus.\rd_d' using process `\axil_regbus.$proc$/Users/paulbarcelona/Library/CloudStorage/OneDrive-Personal/GitHub/digital_ip/image_processing/scaler_ips/axil_regbus/yosys/axil_regbus.sv2v.v:105$1110'.
  created $adff cell `$procdff$1193' with positive edge clock and positive level reset.
Creating register for signal `\axil_regbus.\s_axil_bvalid' using process `\axil_regbus.$proc$/Users/paulbarcelona/Library/CloudStorage/OneDrive-Personal/GitHub/digital_ip/image_processing/scaler_ips/axil_regbus/yosys/axil_regbus.sv2v.v:65$1099'.
  created $adff cell `$procdff$1198' with positive edge clock and positive level reset.
Creating register for signal `\axil_regbus.\reg_wr' using process `\axil_regbus.$proc$/Users/paulbarcelona/Library/CloudStorage/OneDrive-Personal/GitHub/digital_ip/image_processing/scaler_ips/axil_regbus/yosys/axil_regbus.sv2v.v:65$1099'.
  created $adff cell `$procdff$1203' with positive edge clock and positive level reset.
Creating register for signal `\axil_regbus.\reg_waddr' using process `\axil_regbus.$proc$/Users/paulbarcelona/Library/CloudStorage/OneDrive-Personal/GitHub/digital_ip/image_processing/scaler_ips/axil_regbus/yosys/axil_regbus.sv2v.v:65$1099'.
  created $adff cell `$procdff$1208' with positive edge clock and positive level reset.
Creating register for signal `\axil_regbus.\reg_wdata' using process `\axil_regbus.$proc$/Users/paulbarcelona/Library/CloudStorage/OneDrive-Personal/GitHub/digital_ip/image_processing/scaler_ips/axil_regbus/yosys/axil_regbus.sv2v.v:65$1099'.
  created $adff cell `$procdff$1213' with positive edge clock and positive level reset.
Creating register for signal `\axil_regbus.\reg_wstrb' using process `\axil_regbus.$proc$/Users/paulbarcelona/Library/CloudStorage/OneDrive-Personal/GitHub/digital_ip/image_processing/scaler_ips/axil_regbus/yosys/axil_regbus.sv2v.v:65$1099'.
  created $adff cell `$procdff$1218' with positive edge clock and positive level reset.
Creating register for signal `\axil_regbus.\aw_held' using process `\axil_regbus.$proc$/Users/paulbarcelona/Library/CloudStorage/OneDrive-Personal/GitHub/digital_ip/image_processing/scaler_ips/axil_regbus/yosys/axil_regbus.sv2v.v:65$1099'.
  created $adff cell `$procdff$1223' with positive edge clock and positive level reset.
Creating register for signal `\axil_regbus.\w_held' using process `\axil_regbus.$proc$/Users/paulbarcelona/Library/CloudStorage/OneDrive-Personal/GitHub/digital_ip/image_processing/scaler_ips/axil_regbus/yosys/axil_regbus.sv2v.v:65$1099'.
  created $adff cell `$procdff$1228' with positive edge clock and positive level reset.
Creating register for signal `\axil_regbus.\awaddr_q' using process `\axil_regbus.$proc$/Users/paulbarcelona/Library/CloudStorage/OneDrive-Personal/GitHub/digital_ip/image_processing/scaler_ips/axil_regbus/yosys/axil_regbus.sv2v.v:65$1099'.
  created $adff cell `$procdff$1233' with positive edge clock and positive level reset.
Creating register for signal `\axil_regbus.\wdata_q' using process `\axil_regbus.$proc$/Users/paulbarcelona/Library/CloudStorage/OneDrive-Personal/GitHub/digital_ip/image_processing/scaler_ips/axil_regbus/yosys/axil_regbus.sv2v.v:65$1099'.
  created $adff cell `$procdff$1238' with positive edge clock and positive level reset.
Creating register for signal `\axil_regbus.\wstrb_q' using process `\axil_regbus.$proc$/Users/paulbarcelona/Library/CloudStorage/OneDrive-Personal/GitHub/digital_ip/image_processing/scaler_ips/axil_regbus/yosys/axil_regbus.sv2v.v:65$1099'.
  created $adff cell `$procdff$1243' with positive edge clock and positive level reset.

8.1.1.10. Executing PROC_MEMWR pass (convert process memory writes to cells).

8.1.1.11. Executing PROC_CLEAN pass (remove empty switches from decision trees).
Found and cleaned up 3 empty switches in `\axil_regbus.$proc$/Users/paulbarcelona/Library/CloudStorage/OneDrive-Personal/GitHub/digital_ip/image_processing/scaler_ips/axil_regbus/yosys/axil_regbus.sv2v.v:105$1110'.
Removing empty process `axil_regbus.$proc$/Users/paulbarcelona/Library/CloudStorage/OneDrive-Personal/GitHub/digital_ip/image_processing/scaler_ips/axil_regbus/yosys/axil_regbus.sv2v.v:105$1110'.
Found and cleaned up 4 empty switches in `\axil_regbus.$proc$/Users/paulbarcelona/Library/CloudStorage/OneDrive-Personal/GitHub/digital_ip/image_processing/scaler_ips/axil_regbus/yosys/axil_regbus.sv2v.v:65$1099'.
Removing empty process `axil_regbus.$proc$/Users/paulbarcelona/Library/CloudStorage/OneDrive-Personal/GitHub/digital_ip/image_processing/scaler_ips/axil_regbus/yosys/axil_regbus.sv2v.v:65$1099'.
Cleaned up 7 empty switches.

8.1.1.12. Executing OPT_EXPR pass (perform const folding).
Optimizing module axil_regbus.
<suppressed ~32 debug messages>

8.1.2. Executing TRIBUF pass.

8.1.3. Executing DEMINOUT pass (demote inout ports to input or output).

8.1.4. Executing OPT_EXPR pass (perform const folding).
Optimizing module axil_regbus.

8.1.5. Executing CHECK pass (checking for obvious problems).
Checking module axil_regbus...
Found and reported 0 problems.

8.1.6. Executing OPT_CLEAN pass (remove unused cells and wires).
Finding unused cells or wires in module \axil_regbus..
Removed 18 unused cells and 73 unused wires.
<suppressed ~19 debug messages>

8.1.7. Executing OPT pass (performing simple optimizations).

8.1.7.1. Executing OPT_EXPR pass (perform const folding).
Optimizing module axil_regbus.

8.1.7.2. Executing OPT_MERGE pass (detect identical cells).
Finding identical cells in module `\axil_regbus'.
Computing hashes of 49 cells of `\axil_regbus'.
Finding duplicate cells in `\axil_regbus'.
Removed a total of 0 cells.

8.1.7.3. Executing OPT_MUXTREE pass (detect dead branches in mux trees).
Running muxtree optimizer on module \axil_regbus..
  Creating internal representation of mux trees.
  Evaluating internal representation of mux trees.
  Analyzing evaluation results.
Removed 0 multiplexer ports.
<suppressed ~35 debug messages>

8.1.7.4. Executing OPT_REDUCE pass (consolidate $*mux and $reduce_* inputs).
  Optimizing cells in module \axil_regbus.
Performed a total of 0 changes.

8.1.7.5. Executing OPT_MERGE pass (detect identical cells).
Finding identical cells in module `\axil_regbus'.
Computing hashes of 49 cells of `\axil_regbus'.
Finding duplicate cells in `\axil_regbus'.
Removed a total of 0 cells.

8.1.7.6. Executing OPT_DFF pass (perform DFF optimizations).

8.1.7.7. Executing OPT_CLEAN pass (remove unused cells and wires).
Finding unused cells or wires in module \axil_regbus..

8.1.7.8. Executing OPT_EXPR pass (perform const folding).
Optimizing module axil_regbus.

8.1.7.9. Finished fast OPT passes. (There is nothing left to do.)

8.1.8. Executing FSM pass (extract and optimize FSM).

8.1.8.1. Executing FSM_DETECT pass (finding FSMs in design).

8.1.8.2. Executing FSM_EXTRACT pass (extracting FSM from design).

8.1.8.3. Executing FSM_OPT pass (simple optimizations of FSMs).

8.1.8.4. Executing OPT_CLEAN pass (remove unused cells and wires).
Finding unused cells or wires in module \axil_regbus..

8.1.8.5. Executing FSM_OPT pass (simple optimizations of FSMs).

8.1.8.6. Executing FSM_RECODE pass (re-assigning FSM state encoding).

8.1.8.7. Executing FSM_INFO pass (dumping all available information on FSM cells).

8.1.8.8. Executing FSM_MAP pass (mapping FSMs to basic logic).

8.1.9. Executing OPT pass (performing simple optimizations).

8.1.9.1. Executing OPT_EXPR pass (perform const folding).
Optimizing module axil_regbus.

8.1.9.2. Executing OPT_MERGE pass (detect identical cells).
Finding identical cells in module `\axil_regbus'.
Computing hashes of 49 cells of `\axil_regbus'.
Finding duplicate cells in `\axil_regbus'.
Removed a total of 0 cells.

8.1.9.3. Executing OPT_MUXTREE pass (detect dead branches in mux trees).
Running muxtree optimizer on module \axil_regbus..
  Creating internal representation of mux trees.
  Evaluating internal representation of mux trees.
  Analyzing evaluation results.
Removed 0 multiplexer ports.
<suppressed ~35 debug messages>

8.1.9.4. Executing OPT_REDUCE pass (consolidate $*mux and $reduce_* inputs).
  Optimizing cells in module \axil_regbus.
Performed a total of 0 changes.

8.1.9.5. Executing OPT_MERGE pass (detect identical cells).
Finding identical cells in module `\axil_regbus'.
Computing hashes of 49 cells of `\axil_regbus'.
Finding duplicate cells in `\axil_regbus'.
Removed a total of 0 cells.

8.1.9.6. Executing OPT_DFF pass (perform DFF optimizations).
Adding EN signal on $procdff$1188 ($adff) from module axil_regbus (D = $0\rd_pend[0:0], Q = \rd_pend).
Adding EN signal on $procdff$1238 ($adff) from module axil_regbus (D = \s_axil_wdata, Q = \wdata_q).
Adding EN signal on $procdff$1218 ($adff) from module axil_regbus (D = \wstrb_q, Q = \reg_wstrb).
Adding EN signal on $procdff$1168 ($adff) from module axil_regbus (D = \reg_rdata, Q = \s_axil_rdata).
Adding EN signal on $procdff$1208 ($adff) from module axil_regbus (D = \awaddr_q, Q = \reg_waddr).
Adding EN signal on $procdff$1173 ($adff) from module axil_regbus (D = $0\s_axil_rvalid[0:0], Q = \s_axil_rvalid).
Adding EN signal on $procdff$1213 ($adff) from module axil_regbus (D = \wdata_q, Q = \reg_wdata).
Adding EN signal on $procdff$1243 ($adff) from module axil_regbus (D = \s_axil_wstrb, Q = \wstrb_q).
Adding EN signal on $procdff$1228 ($adff) from module axil_regbus (D = $0\w_held[0:0], Q = \w_held).
Adding EN signal on $procdff$1223 ($adff) from module axil_regbus (D = $0\aw_held[0:0], Q = \aw_held).
Adding EN signal on $procdff$1183 ($adff) from module axil_regbus (D = \s_axil_araddr, Q = \reg_raddr).
Adding EN signal on $procdff$1198 ($adff) from module axil_regbus (D = $0\s_axil_bvalid[0:0], Q = \s_axil_bvalid).
Adding EN signal on $procdff$1233 ($adff) from module axil_regbus (D = \s_axil_awaddr, Q = \awaddr_q).

8.1.9.7. Executing OPT_CLEAN pass (remove unused cells and wires).
Finding unused cells or wires in module \axil_regbus..
Removed 8 unused cells and 8 unused wires.
<suppressed ~9 debug messages>

8.1.9.8. Executing OPT_EXPR pass (perform const folding).
Optimizing module axil_regbus.
<suppressed ~5 debug messages>

8.1.9.9. Rerunning OPT passes. (Maybe there is more to do..)

8.1.9.10. Executing OPT_MUXTREE pass (detect dead branches in mux trees).
Running muxtree optimizer on module \axil_regbus..
  Creating internal representation of mux trees.
  Evaluating internal representation of mux trees.
  Analyzing evaluation results.
Removed 0 multiplexer ports.
<suppressed ~19 debug messages>

8.1.9.11. Executing OPT_REDUCE pass (consolidate $*mux and $reduce_* inputs).
  Optimizing cells in module \axil_regbus.
Performed a total of 0 changes.

8.1.9.12. Executing OPT_MERGE pass (detect identical cells).
Finding identical cells in module `\axil_regbus'.
Computing hashes of 46 cells of `\axil_regbus'.
Finding duplicate cells in `\axil_regbus'.
Removed a total of 0 cells.

8.1.9.13. Executing OPT_DFF pass (perform DFF optimizations).

8.1.9.14. Executing OPT_CLEAN pass (remove unused cells and wires).
Finding unused cells or wires in module \axil_regbus..

8.1.9.15. Executing OPT_EXPR pass (perform const folding).
Optimizing module axil_regbus.

8.1.9.16. Finished fast OPT passes. (There is nothing left to do.)

8.1.10. Executing WREDUCE pass (reducing word size of cells).

8.1.11. Executing PEEPOPT pass (run peephole optimizers).

8.1.12. Executing OPT_CLEAN pass (remove unused cells and wires).
Finding unused cells or wires in module \axil_regbus..

8.1.13. Executing SORT pass.

9. pmux2shiftx (normally skipped with -nosrl)

10. Executing PMUX2SHIFTX pass.

11. Map multipliers to DSP48 blocks (no register/adder packing)

11.1. Executing MEMORY_DFF pass (merging $dff cells to $memrd).

11.2. Executing TECHMAP pass (map to technology primitives).

11.2.1. Executing Verilog-2005 frontend: /Applications/oss-cad-suite/libexec/../share/yosys/mul2dsp.v
Parsing Verilog input from `/Applications/oss-cad-suite/libexec/../share/yosys/mul2dsp.v' to AST representation.
Generating RTLIL representation for module `\_80_mul'.
Generating RTLIL representation for module `\_90_soft_mul'.
Successfully finished Verilog frontend.

11.2.2. Executing Verilog-2005 frontend: /Applications/oss-cad-suite/libexec/../share/yosys/xilinx/xc7_dsp_map.v
Parsing Verilog input from `/Applications/oss-cad-suite/libexec/../share/yosys/xilinx/xc7_dsp_map.v' to AST representation.
Generating RTLIL representation for module `$__MUL25X18'.
Successfully finished Verilog frontend.

11.2.3. Continuing TECHMAP pass.
No more expansions possible.
<suppressed ~5 debug messages>

11.3. Executing OPT_EXPR pass (perform const folding).

11.4. Executing WREDUCE pass (reducing word size of cells).

12. Optimize (coarse grain)

12.1. Executing SYNTH_XILINX pass.

12.1.1. Executing TECHMAP pass (map to technology primitives).

12.1.1.1. Executing Verilog-2005 frontend: /Applications/oss-cad-suite/libexec/../share/yosys/cmp2lut.v
Parsing Verilog input from `/Applications/oss-cad-suite/libexec/../share/yosys/cmp2lut.v' to AST representation.
Generating RTLIL representation for module `\_90_lut_cmp_'.
Successfully finished Verilog frontend.

12.1.1.2. Executing Verilog-2005 frontend: /Applications/oss-cad-suite/libexec/../share/yosys/cmp2lcu.v
Parsing Verilog input from `/Applications/oss-cad-suite/libexec/../share/yosys/cmp2lcu.v' to AST representation.
Generating RTLIL representation for module `\_80_lcu_cmp_'.
Generating RTLIL representation for module `$__CMP2LCU'.
Successfully finished Verilog frontend.

12.1.1.3. Continuing TECHMAP pass.
No more expansions possible.
<suppressed ~7 debug messages>

12.1.2. Executing ALUMACC pass (create $alu and $macc cells).
Extracting $alu and $macc cells in module axil_regbus:
  created 0 $alu and 0 $macc cells.

12.1.3. Executing SHARE pass (SAT-based resource sharing).

12.1.4. Executing OPT pass (performing simple optimizations).

12.1.4.1. Executing OPT_EXPR pass (perform const folding).
Optimizing module axil_regbus.

12.1.4.2. Executing OPT_MERGE pass (detect identical cells).
Finding identical cells in module `\axil_regbus'.
Computing hashes of 46 cells of `\axil_regbus'.
Finding duplicate cells in `\axil_regbus'.
Removed a total of 0 cells.

12.1.4.3. Executing OPT_MUXTREE pass (detect dead branches in mux trees).
Running muxtree optimizer on module \axil_regbus..
  Creating internal representation of mux trees.
  Evaluating internal representation of mux trees.
  Analyzing evaluation results.
Removed 0 multiplexer ports.
<suppressed ~19 debug messages>

12.1.4.4. Executing OPT_REDUCE pass (consolidate $*mux and $reduce_* inputs).
  Optimizing cells in module \axil_regbus.
Performed a total of 0 changes.

12.1.4.5. Executing OPT_MERGE pass (detect identical cells).
Finding identical cells in module `\axil_regbus'.
Computing hashes of 46 cells of `\axil_regbus'.
Finding duplicate cells in `\axil_regbus'.
Removed a total of 0 cells.

12.1.4.6. Executing OPT_DFF pass (perform DFF optimizations).

12.1.4.7. Executing OPT_CLEAN pass (remove unused cells and wires).
Finding unused cells or wires in module \axil_regbus..

12.1.4.8. Executing OPT_EXPR pass (perform const folding).
Optimizing module axil_regbus.

12.1.4.9. Finished fast OPT passes. (There is nothing left to do.)

12.1.5. Executing MEMORY pass.

12.1.5.1. Executing OPT_MEM pass (optimize memories).
Performed a total of 0 transformations.

12.1.5.2. Executing OPT_MEM_PRIORITY pass (removing unnecessary memory write priority relations).
Performed a total of 0 transformations.

12.1.5.3. Executing OPT_MEM_FEEDBACK pass (finding memory read-to-write feedback paths).

12.1.5.4. Executing MEMORY_BMUX2ROM pass (converting muxes to ROMs).

12.1.5.5. Executing MEMORY_DFF pass (merging $dff cells to $memrd).

12.1.5.6. Executing OPT_CLEAN pass (remove unused cells and wires).
Finding unused cells or wires in module \axil_regbus..

12.1.5.7. Executing MEMORY_SHARE pass (consolidating $memrd/$memwr cells).

12.1.5.8. Executing OPT_MEM_WIDEN pass (optimize memories where all ports are wide).
Performed a total of 0 transformations.

12.1.5.9. Executing OPT_CLEAN pass (remove unused cells and wires).
Finding unused cells or wires in module \axil_regbus..

12.1.5.10. Executing MEMORY_COLLECT pass (generating $mem cells).

12.1.6. Executing OPT_CLEAN pass (remove unused cells and wires).
Finding unused cells or wires in module \axil_regbus..

13. Map memories to block RAM / LUT RAM

13.1. Executing SYNTH_XILINX pass.

13.1.1. Executing MEMORY_LIBMAP pass (mapping memories to cells).

13.1.2. Executing TECHMAP pass (map to technology primitives).

13.1.2.1. Executing Verilog-2005 frontend: /Applications/oss-cad-suite/libexec/../share/yosys/xilinx/lutrams_xc5v_map.v
Parsing Verilog input from `/Applications/oss-cad-suite/libexec/../share/yosys/xilinx/lutrams_xc5v_map.v' to AST representation.
Generating RTLIL representation for module `$__XILINX_LUTRAM_SP_'.
Generating RTLIL representation for module `$__XILINX_LUTRAM_DP_'.
Generating RTLIL representation for module `$__XILINX_LUTRAM_QP_'.
Generating RTLIL representation for module `$__XILINX_LUTRAM_OP_'.
Generating RTLIL representation for module `$__XILINX_LUTRAM_SDP_'.
Generating RTLIL representation for module `$__XILINX_LUTRAM_64X8SW_'.
Generating RTLIL representation for module `$__XILINX_LUTRAM_32X16DR8_'.
Successfully finished Verilog frontend.

13.1.2.2. Continuing TECHMAP pass.
No more expansions possible.
<suppressed ~9 debug messages>

13.1.3. Executing TECHMAP pass (map to technology primitives).

13.1.3.1. Executing Verilog-2005 frontend: /Applications/oss-cad-suite/libexec/../share/yosys/xilinx/brams_xc6v_map.v
Parsing Verilog input from `/Applications/oss-cad-suite/libexec/../share/yosys/xilinx/brams_xc6v_map.v' to AST representation.
Generating RTLIL representation for module `$__XILINX_BLOCKRAM_TDP_'.
Generating RTLIL representation for module `$__XILINX_BLOCKRAM_SDP_'.
Successfully finished Verilog frontend.

13.1.3.2. Continuing TECHMAP pass.
No more expansions possible.
<suppressed ~4 debug messages>

13.1.4. Executing OPT pass (performing simple optimizations).

13.1.4.1. Executing OPT_EXPR pass (perform const folding).
Optimizing module axil_regbus.
<suppressed ~11 debug messages>

13.1.4.2. Executing OPT_MERGE pass (detect identical cells).
Finding identical cells in module `\axil_regbus'.
Computing hashes of 37 cells of `\axil_regbus'.
Finding duplicate cells in `\axil_regbus'.
Computing hashes of 36 cells of `\axil_regbus'.
Finding duplicate cells in `\axil_regbus'.
<suppressed ~3 debug messages>
Removed a total of 1 cells.

13.1.4.3. Executing OPT_DFF pass (perform DFF optimizations).

13.1.4.4. Executing OPT_CLEAN pass (remove unused cells and wires).
Finding unused cells or wires in module \axil_regbus..
Removed 0 unused cells and 10 unused wires.
<suppressed ~1 debug messages>

13.1.4.5. Finished fast OPT passes.

13.1.5. Executing MEMORY_MAP pass (converting memories to logic and flip-flops).

14. Map to LUTs, carry chains and flip-flops

14.1. Executing SYNTH_XILINX pass.

14.1.1. Executing OPT pass (performing simple optimizations).

14.1.1.1. Executing OPT_EXPR pass (perform const folding).
Optimizing module axil_regbus.
<suppressed ~2 debug messages>

14.1.1.2. Executing OPT_MERGE pass (detect identical cells).
Finding identical cells in module `\axil_regbus'.
Computing hashes of 36 cells of `\axil_regbus'.
Finding duplicate cells in `\axil_regbus'.
Removed a total of 0 cells.

14.1.1.3. Executing OPT_MUXTREE pass (detect dead branches in mux trees).
Running muxtree optimizer on module \axil_regbus..
  Creating internal representation of mux trees.
  No muxes found in this module.
Removed 0 multiplexer ports.

14.1.1.4. Executing OPT_REDUCE pass (consolidate $*mux and $reduce_* inputs).
  Optimizing cells in module \axil_regbus.
Performed a total of 0 changes.

14.1.1.5. Executing OPT_MERGE pass (detect identical cells).
Finding identical cells in module `\axil_regbus'.
Computing hashes of 36 cells of `\axil_regbus'.
Finding duplicate cells in `\axil_regbus'.
Removed a total of 0 cells.

14.1.1.6. Executing OPT_SHARE pass.

14.1.1.7. Executing OPT_DFF pass (perform DFF optimizations).

14.1.1.8. Executing OPT_CLEAN pass (remove unused cells and wires).
Finding unused cells or wires in module \axil_regbus..

14.1.1.9. Executing OPT_EXPR pass (perform const folding).
Optimizing module axil_regbus.

14.1.1.10. Finished fast OPT passes. (There is nothing left to do.)

14.1.2. Executing TECHMAP pass (map to technology primitives).

14.1.2.1. Executing Verilog-2005 frontend: /Applications/oss-cad-suite/libexec/../share/yosys/techmap.v
Parsing Verilog input from `/Applications/oss-cad-suite/libexec/../share/yosys/techmap.v' to AST representation.
Generating RTLIL representation for module `\_90_simplemap_bool_ops'.
Generating RTLIL representation for module `\_90_simplemap_reduce_ops'.
Generating RTLIL representation for module `\_90_simplemap_logic_ops'.
Generating RTLIL representation for module `\_90_simplemap_compare_ops'.
Generating RTLIL representation for module `\_90_simplemap_various'.
Generating RTLIL representation for module `\_90_simplemap_registers'.
Generating RTLIL representation for module `\_90_shift_ops_shr_shl_sshl_sshr'.
Generating RTLIL representation for module `\_90_shift_shiftx'.
Generating RTLIL representation for module `\_90_fa'.
Generating RTLIL representation for module `\_90_lcu_brent_kung'.
Generating RTLIL representation for module `\_90_alu'.
Generating RTLIL representation for module `\_90_macc'.
Generating RTLIL representation for module `\_90_alumacc'.
Generating RTLIL representation for module `$__div_mod_u'.
Generating RTLIL representation for module `$__div_mod_trunc'.
Generating RTLIL representation for module `\_90_div'.
Generating RTLIL representation for module `\_90_mod'.
Generating RTLIL representation for module `$__div_mod_floor'.
Generating RTLIL representation for module `\_90_divfloor'.
Generating RTLIL representation for module `\_90_modfloor'.
Generating RTLIL representation for module `\_90_pow'.
Generating RTLIL representation for module `\_90_demux'.
Generating RTLIL representation for module `\_90_lut'.
Generating RTLIL representation for module `$connect'.
Generating RTLIL representation for module `$input_port'.
Successfully finished Verilog frontend.

14.1.2.2. Executing Verilog-2005 frontend: /Applications/oss-cad-suite/libexec/../share/yosys/xilinx/arith_map.v
Parsing Verilog input from `/Applications/oss-cad-suite/libexec/../share/yosys/xilinx/arith_map.v' to AST representation.
Generating RTLIL representation for module `\_80_xilinx_lcu'.
Generating RTLIL representation for module `\_80_xilinx_alu'.
Successfully finished Verilog frontend.

14.1.2.3. Continuing TECHMAP pass.
Using extmapper simplemap for cells of type $adffe.
Using extmapper simplemap for cells of type $reduce_bool.
Using extmapper simplemap for cells of type $logic_not.
Using extmapper simplemap for cells of type $logic_and.
Using extmapper simplemap for cells of type $not.
Using extmapper simplemap for cells of type $adff.
No more expansions possible.
<suppressed ~113 debug messages>

14.1.3. Executing OPT pass (performing simple optimizations).

14.1.3.1. Executing OPT_EXPR pass (perform const folding).
Optimizing module axil_regbus.

14.1.3.2. Executing OPT_MERGE pass (detect identical cells).
Finding identical cells in module `\axil_regbus'.
Computing hashes of 180 cells of `\axil_regbus'.
Finding duplicate cells in `\axil_regbus'.
Removed a total of 0 cells.

14.1.3.3. Executing OPT_DFF pass (perform DFF optimizations).

14.1.3.4. Executing OPT_CLEAN pass (remove unused cells and wires).
Finding unused cells or wires in module \axil_regbus..
Removed 0 unused cells and 5 unused wires.
<suppressed ~1 debug messages>

14.1.3.5. Finished fast OPT passes.

14.1.4. Executing TECHMAP pass (map to technology primitives).

14.1.4.1. Executing Verilog-2005 frontend: /Applications/oss-cad-suite/libexec/../share/yosys/techmap.v
Parsing Verilog input from `/Applications/oss-cad-suite/libexec/../share/yosys/techmap.v' to AST representation.
Generating RTLIL representation for module `\_90_simplemap_bool_ops'.
Generating RTLIL representation for module `\_90_simplemap_reduce_ops'.
Generating RTLIL representation for module `\_90_simplemap_logic_ops'.
Generating RTLIL representation for module `\_90_simplemap_compare_ops'.
Generating RTLIL representation for module `\_90_simplemap_various'.
Generating RTLIL representation for module `\_90_simplemap_registers'.
Generating RTLIL representation for module `\_90_shift_ops_shr_shl_sshl_sshr'.
Generating RTLIL representation for module `\_90_shift_shiftx'.
Generating RTLIL representation for module `\_90_fa'.
Generating RTLIL representation for module `\_90_lcu_brent_kung'.
Generating RTLIL representation for module `\_90_alu'.
Generating RTLIL representation for module `\_90_macc'.
Generating RTLIL representation for module `\_90_alumacc'.
Generating RTLIL representation for module `$__div_mod_u'.
Generating RTLIL representation for module `$__div_mod_trunc'.
Generating RTLIL representation for module `\_90_div'.
Generating RTLIL representation for module `\_90_mod'.
Generating RTLIL representation for module `$__div_mod_floor'.
Generating RTLIL representation for module `\_90_divfloor'.
Generating RTLIL representation for module `\_90_modfloor'.
Generating RTLIL representation for module `\_90_pow'.
Generating RTLIL representation for module `\_90_demux'.
Generating RTLIL representation for module `\_90_lut'.
Generating RTLIL representation for module `$connect'.
Generating RTLIL representation for module `$input_port'.
Successfully finished Verilog frontend.

14.1.4.2. Executing Verilog-2005 frontend: /Applications/oss-cad-suite/libexec/../share/yosys/xilinx/cells_map.v
Parsing Verilog input from `/Applications/oss-cad-suite/libexec/../share/yosys/xilinx/cells_map.v' to AST representation.
Generating RTLIL representation for module `$__SHREG_'.
Generating RTLIL representation for module `$__XILINX_SHREG_'.
Generating RTLIL representation for module `$__XILINX_MUXF78'.
Successfully finished Verilog frontend.

14.1.4.3. Continuing TECHMAP pass.
No more expansions possible.
<suppressed ~80 debug messages>

14.1.5. Executing DFFLEGALIZE pass (convert FFs and LATCHes to types supported by the target).

14.1.6. Executing TECHMAP pass (map to technology primitives).

14.1.6.1. Executing Verilog-2005 frontend: /Applications/oss-cad-suite/libexec/../share/yosys/xilinx/ff_map.v
Parsing Verilog input from `/Applications/oss-cad-suite/libexec/../share/yosys/xilinx/ff_map.v' to AST representation.
Generating RTLIL representation for module `$_DFFE_NP0P_'.
Generating RTLIL representation for module `$_DFFE_PP0P_'.
Generating RTLIL representation for module `$_DFFE_NP1P_'.
Generating RTLIL representation for module `$_DFFE_PP1P_'.
Generating RTLIL representation for module `$_DFFSRE_NPPP_'.
Generating RTLIL representation for module `$_DFFSRE_PPPP_'.
Generating RTLIL representation for module `$_SDFFE_NP0P_'.
Generating RTLIL representation for module `$_SDFFE_PP0P_'.
Generating RTLIL representation for module `$_SDFFE_NP1P_'.
Generating RTLIL representation for module `$_SDFFE_PP1P_'.
Generating RTLIL representation for module `$_DLATCH_NP0_'.
Generating RTLIL representation for module `$_DLATCH_PP0_'.
Generating RTLIL representation for module `$_DLATCH_NP1_'.
Generating RTLIL representation for module `$_DLATCH_PP1_'.
Generating RTLIL representation for module `$_DLATCH_NPP_'.
Generating RTLIL representation for module `$_DLATCH_PPP_'.
Successfully finished Verilog frontend.

14.1.6.2. Continuing TECHMAP pass.
Using template $paramod$_DFFE_PP0P_\_TECHMAP_WIREINIT_Q_=1'x for cells of type $_DFFE_PP0P_.
No more expansions possible.
<suppressed ~187 debug messages>

14.1.7. Executing OPT_EXPR pass (perform const folding).
Optimizing module axil_regbus.

14.1.8. Executing Verilog-2005 frontend: /Applications/oss-cad-suite/libexec/../share/yosys/xilinx/abc9_model.v
Parsing Verilog input from `/Applications/oss-cad-suite/libexec/../share/yosys/xilinx/abc9_model.v' to AST representation.
Generating RTLIL representation for module `$__XILINX_MUXF78'.
Successfully finished Verilog frontend.

14.1.9. Executing ABC9 pass.

14.1.9.1. Executing ABC9_OPS pass (helper functions for ABC9).

14.1.9.2. Executing ABC9_OPS pass (helper functions for ABC9).

14.1.9.3. Executing PROC pass (convert processes to netlists).

14.1.9.3.1. Executing PROC_CLEAN pass (remove empty switches from decision trees).
Cleaned up 0 empty switches.

14.1.9.3.2. Executing PROC_RMDEAD pass (remove dead branches from decision trees).
Marked 1 switch rules as full_case in process $proc$/Applications/oss-cad-suite/libexec/../share/yosys/xilinx/cells_sim.v:695$2439 in module $paramod\FDCE\INIT=1'x.
Removed a total of 0 dead cases.

14.1.9.3.3. Executing PROC_PRUNE pass (remove redundant assignments in processes).
Removed 0 redundant assignments.
Promoted 1 assignment to connection.

14.1.9.3.4. Executing PROC_INIT pass (extract init attributes).
Found init rule in `$paramod\FDCE\INIT=1'x.$proc$/Applications/oss-cad-suite/libexec/../share/yosys/xilinx/cells_sim.v:692$2441'.
  Set init value: \Q = 1'x

14.1.9.3.5. Executing PROC_ARST pass (detect async resets in processes).
Found async reset \CLR in `$paramod\FDCE\INIT=1'x.$proc$/Applications/oss-cad-suite/libexec/../share/yosys/xilinx/cells_sim.v:695$2439'.

14.1.9.3.6. Executing PROC_ROM pass (convert switches to ROMs).
Converted 0 switches.
<suppressed ~1 debug messages>

14.1.9.3.7. Executing PROC_MUX pass (convert decision trees to multiplexers).
Creating decoders for process `$paramod\FDCE\INIT=1'x.$proc$/Applications/oss-cad-suite/libexec/../share/yosys/xilinx/cells_sim.v:692$2441'.
Creating decoders for process `$paramod\FDCE\INIT=1'x.$proc$/Applications/oss-cad-suite/libexec/../share/yosys/xilinx/cells_sim.v:695$2439'.
     1/1: $0\Q[0:0]

14.1.9.3.8. Executing PROC_DLATCH pass (convert process syncs to latches).

14.1.9.3.9. Executing PROC_DFF pass (convert process syncs to FFs).
Creating register for signal `$paramod\FDCE\INIT=1'x.\Q' using process `$paramod\FDCE\INIT=1'x.$proc$/Applications/oss-cad-suite/libexec/../share/yosys/xilinx/cells_sim.v:695$2439'.
  created $adff cell `$procdff$2446' with positive edge clock and positive level reset.

14.1.9.3.10. Executing PROC_MEMWR pass (convert process memory writes to cells).

14.1.9.3.11. Executing PROC_CLEAN pass (remove empty switches from decision trees).
Removing empty process `$paramod\FDCE\INIT=1'x.$proc$/Applications/oss-cad-suite/libexec/../share/yosys/xilinx/cells_sim.v:692$2441'.
Found and cleaned up 1 empty switch in `$paramod\FDCE\INIT=1'x.$proc$/Applications/oss-cad-suite/libexec/../share/yosys/xilinx/cells_sim.v:695$2439'.
Removing empty process `$paramod\FDCE\INIT=1'x.$proc$/Applications/oss-cad-suite/libexec/../share/yosys/xilinx/cells_sim.v:695$2439'.
Cleaned up 1 empty switch.

14.1.9.4. Executing SCC pass (detecting logic loops).
Found 0 SCCs in module axil_regbus.
Found 0 SCCs.

14.1.9.5. Executing ABC9_OPS pass (helper functions for ABC9).

14.1.9.6. Executing TECHMAP pass (map to technology primitives).

14.1.9.6.1. Executing Verilog-2005 frontend: /Applications/oss-cad-suite/libexec/../share/yosys/techmap.v
Parsing Verilog input from `/Applications/oss-cad-suite/libexec/../share/yosys/techmap.v' to AST representation.
Generating RTLIL representation for module `\_90_simplemap_bool_ops'.
Generating RTLIL representation for module `\_90_simplemap_reduce_ops'.
Generating RTLIL representation for module `\_90_simplemap_logic_ops'.
Generating RTLIL representation for module `\_90_simplemap_compare_ops'.
Generating RTLIL representation for module `\_90_simplemap_various'.
Generating RTLIL representation for module `\_90_simplemap_registers'.
Generating RTLIL representation for module `\_90_shift_ops_shr_shl_sshl_sshr'.
Generating RTLIL representation for module `\_90_shift_shiftx'.
Generating RTLIL representation for module `\_90_fa'.
Generating RTLIL representation for module `\_90_lcu_brent_kung'.
Generating RTLIL representation for module `\_90_alu'.
Generating RTLIL representation for module `\_90_macc'.
Generating RTLIL representation for module `\_90_alumacc'.
Generating RTLIL representation for module `$__div_mod_u'.
Generating RTLIL representation for module `$__div_mod_trunc'.
Generating RTLIL representation for module `\_90_div'.
Generating RTLIL representation for module `\_90_mod'.
Generating RTLIL representation for module `$__div_mod_floor'.
Generating RTLIL representation for module `\_90_divfloor'.
Generating RTLIL representation for module `\_90_modfloor'.
Generating RTLIL representation for module `\_90_pow'.
Generating RTLIL representation for module `\_90_demux'.
Generating RTLIL representation for module `\_90_lut'.
Generating RTLIL representation for module `$connect'.
Generating RTLIL representation for module `$input_port'.
Successfully finished Verilog frontend.

14.1.9.6.2. Continuing TECHMAP pass.
No more expansions possible.
<suppressed ~508 debug messages>

14.1.9.7. Executing OPT pass (performing simple optimizations).

14.1.9.7.1. Executing OPT_EXPR pass (perform const folding).
Optimizing module $paramod\FDCE\INIT=1'x.

14.1.9.7.2. Executing OPT_MERGE pass (detect identical cells).
Finding identical cells in module `$paramod\FDCE\INIT=1'x'.
Computing hashes of 2 cells of `$paramod\FDCE\INIT=1'x'.
Finding duplicate cells in `$paramod\FDCE\INIT=1'x'.
Removed a total of 0 cells.

14.1.9.7.3. Executing OPT_MUXTREE pass (detect dead branches in mux trees).
Running muxtree optimizer on module $paramod\FDCE\INIT=1'x..
  Creating internal representation of mux trees.
  No muxes found in this module.
Removed 0 multiplexer ports.

14.1.9.7.4. Executing OPT_REDUCE pass (consolidate $*mux and $reduce_* inputs).
  Optimizing cells in module $paramod\FDCE\INIT=1'x.
Performed a total of 0 changes.

14.1.9.7.5. Executing OPT_MERGE pass (detect identical cells).
Finding identical cells in module `$paramod\FDCE\INIT=1'x'.
Computing hashes of 2 cells of `$paramod\FDCE\INIT=1'x'.
Finding duplicate cells in `$paramod\FDCE\INIT=1'x'.
Removed a total of 0 cells.

14.1.9.7.6. Executing OPT_DFF pass (perform DFF optimizations).

14.1.9.7.7. Executing OPT_CLEAN pass (remove unused cells and wires).
Finding unused cells or wires in module $paramod\FDCE\INIT=1'x..

14.1.9.7.8. Executing OPT_EXPR pass (perform const folding).
Optimizing module $paramod\FDCE\INIT=1'x.

14.1.9.7.9. Finished fast OPT passes. (There is nothing left to do.)

14.1.9.8. Executing TECHMAP pass (map to technology primitives).

14.1.9.8.1. Executing Verilog-2005 frontend: /Applications/oss-cad-suite/libexec/../share/yosys/abc9_map.v
Parsing Verilog input from `/Applications/oss-cad-suite/libexec/../share/yosys/abc9_map.v' to AST representation.
Successfully finished Verilog frontend.

14.1.9.8.2. Continuing TECHMAP pass.
Using template $paramod\FDCE\INIT=1'x for cells of type $paramod\FDCE\INIT=1'x.
No more expansions possible.
<suppressed ~163 debug messages>

14.1.9.9. Executing Verilog-2005 frontend: /Applications/oss-cad-suite/libexec/../share/yosys/abc9_model.v
Parsing Verilog input from `/Applications/oss-cad-suite/libexec/../share/yosys/abc9_model.v' to AST representation.
Generating RTLIL representation for module `$__ABC9_DELAY'.
Generating RTLIL representation for module `$__ABC9_SCC_BREAKER'.
Generating RTLIL representation for module `$__DFF_N__$abc9_flop'.
Generating RTLIL representation for module `$__DFF_P__$abc9_flop'.
Successfully finished Verilog frontend.

14.1.9.10. Executing ABC9_OPS pass (helper functions for ABC9).
<suppressed ~2 debug messages>

14.1.9.11. Executing ABC9_OPS pass (helper functions for ABC9).

14.1.9.12. Executing ABC9_OPS pass (helper functions for ABC9).
<suppressed ~2 debug messages>

14.1.9.13. Executing TECHMAP pass (map to technology primitives).

14.1.9.13.1. Executing Verilog-2005 frontend: /Applications/oss-cad-suite/libexec/../share/yosys/techmap.v
Parsing Verilog input from `/Applications/oss-cad-suite/libexec/../share/yosys/techmap.v' to AST representation.
Generating RTLIL representation for module `\_90_simplemap_bool_ops'.
Generating RTLIL representation for module `\_90_simplemap_reduce_ops'.
Generating RTLIL representation for module `\_90_simplemap_logic_ops'.
Generating RTLIL representation for module `\_90_simplemap_compare_ops'.
Generating RTLIL representation for module `\_90_simplemap_various'.
Generating RTLIL representation for module `\_90_simplemap_registers'.
Generating RTLIL representation for module `\_90_shift_ops_shr_shl_sshl_sshr'.
Generating RTLIL representation for module `\_90_shift_shiftx'.
Generating RTLIL representation for module `\_90_fa'.
Generating RTLIL representation for module `\_90_lcu_brent_kung'.
Generating RTLIL representation for module `\_90_alu'.
Generating RTLIL representation for module `\_90_macc'.
Generating RTLIL representation for module `\_90_alumacc'.
Generating RTLIL representation for module `$__div_mod_u'.
Generating RTLIL representation for module `$__div_mod_trunc'.
Generating RTLIL representation for module `\_90_div'.
Generating RTLIL representation for module `\_90_mod'.
Generating RTLIL representation for module `$__div_mod_floor'.
Generating RTLIL representation for module `\_90_divfloor'.
Generating RTLIL representation for module `\_90_modfloor'.
Generating RTLIL representation for module `\_90_pow'.
Generating RTLIL representation for module `\_90_demux'.
Generating RTLIL representation for module `\_90_lut'.
Generating RTLIL representation for module `$connect'.
Generating RTLIL representation for module `$input_port'.
Successfully finished Verilog frontend.

14.1.9.13.2. Continuing TECHMAP pass.
No more expansions possible.
<suppressed ~512 debug messages>

14.1.9.14. Executing OPT pass (performing simple optimizations).

14.1.9.14.1. Executing OPT_EXPR pass (perform const folding).
Optimizing module axil_regbus.

14.1.9.14.2. Executing OPT_MERGE pass (detect identical cells).
Finding identical cells in module `\axil_regbus'.
Computing hashes of 0 cells of `\axil_regbus'.
Finding duplicate cells in `\axil_regbus'.
Removed a total of 0 cells.

14.1.9.14.3. Executing OPT_MUXTREE pass (detect dead branches in mux trees).
Running muxtree optimizer on module \axil_regbus..
  Creating internal representation of mux trees.
  No muxes found in this module.
Removed 0 multiplexer ports.

14.1.9.14.4. Executing OPT_REDUCE pass (consolidate $*mux and $reduce_* inputs).
  Optimizing cells in module \axil_regbus.
Performed a total of 0 changes.

14.1.9.14.5. Executing OPT_MERGE pass (detect identical cells).
Finding identical cells in module `\axil_regbus'.
Computing hashes of 0 cells of `\axil_regbus'.
Finding duplicate cells in `\axil_regbus'.
Removed a total of 0 cells.

14.1.9.14.6. Executing OPT_DFF pass (perform DFF optimizations).

14.1.9.14.7. Executing OPT_CLEAN pass (remove unused cells and wires).
Finding unused cells or wires in module \axil_regbus..

14.1.9.14.8. Executing OPT_EXPR pass (perform const folding).
Optimizing module axil_regbus.

14.1.9.14.9. Finished fast OPT passes. (There is nothing left to do.)

14.1.9.15. Executing AIGMAP pass (map logic to AIG).
Module axil_regbus: replaced 5 cells with 20 new cells, skipped 495 cells.
  replaced 1 cell types:
       5 $_OR_
  not replaced 4 cell types:
       8 $_AND_
     167 $_NOT_
     160 $paramod\FDCE\INIT=1'x
     160 $paramod\FDCE\INIT=1'x_$abc9_byp

14.1.9.15.1. Executing ABC9_OPS pass (helper functions for ABC9).

14.1.9.15.2. Executing ABC9_OPS pass (helper functions for ABC9).
Warning: Feature 'write_xaiger2' is experimental.

14.1.9.15.3. Executing XAIGER2 backend.
<suppressed ~650 debug messages>
Extracted 441 AND gates and 0 wires from module `axil_regbus' to a netlist network with 427 inputs and 1068 outputs.

14.1.9.15.4. Executing ABC9_EXE pass (technology mapping using ABC9).

14.1.9.15.5. Executing ABC9.
Running ABC command: "<yosys-exe-dir>/yosys-abc" -s -f <abc-temp-dir>/abc.script 2>&1
ABC: ======== ABC command line "source <abc-temp-dir>/abc.script"
ABC: + read_lut <abc-temp-dir>/input.lut 
ABC: + read_box <abc-temp-dir>/input.box 
ABC: + &read <abc-temp-dir>/input.xaig 
ABC: + &ps 
ABC: <abc-temp-dir>/input : i/o =    267/    748  and =      13  lev =    3 (0.20)  mem = 0.02 MB  box = 160  bb = 160
ABC: + &scorr 
ABC: Warning: The network is combinational.
ABC: + &sweep 
ABC: + &dc2 
ABC: + &dch -f -r 
ABC: + &ps 
ABC: <abc-temp-dir>/input : i/o =    267/    748  and =      15  lev =    3 (0.20)  mem = 0.02 MB  ch =    1  box = 160  bb = 160
ABC: cst =       0  cls =      1  lit =       1  unused =     440  proof =     0
ABC: + &if -W 300 -v 
ABC: K = 8. Memory (bytes): Truth =    0. Cut =   80. Obj =  160. Set =  816. CutMin = no
ABC: Node =      15.  Ch =     1.  Total mem =    0.25 MB. Peak cut mem =    0.00 MB.
ABC: P:  Del = 1471.00.  Ar =      27.0.  Edge =       31.  Cut =       42.  T =     0.00 sec
ABC: P:  Del = 1471.00.  Ar =      27.0.  Edge =       31.  Cut =       42.  T =     0.00 sec
ABC: P:  Del = 1471.00.  Ar =      27.0.  Edge =       31.  Cut =       42.  T =     0.00 sec
ABC: F:  Del = 1471.00.  Ar =      27.0.  Edge =       31.  Cut =       29.  T =     0.00 sec
ABC: A:  Del = 1471.00.  Ar =      27.0.  Edge =       31.  Cut =       29.  T =     0.00 sec
ABC: A:  Del = 1471.00.  Ar =      27.0.  Edge =       31.  Cut =       29.  T =     0.00 sec
ABC: Total time =     0.00 sec
ABC: + &write -n <abc-temp-dir>/output.aig 
ABC: + &mfs 
ABC: The network is not changed by "&mfs".
ABC: + &ps -l 
ABC: <abc-temp-dir>/input : i/o =    267/    748  and =      24  lev =    3 (0.20)  mem = 0.02 MB  box = 160  bb = 160
ABC: Mapping (K=4)  :  lut =     10  edge =      31  lev =    1 (0.12)  levB =    2  mem = 0.01 MB
ABC: LUT = 10 : 2=3 30.0 %  3=3 30.0 %  4=4 40.0 %  Ave = 3.10
ABC: + &write -n <abc-temp-dir>/output.aig 
ABC: + &verify 
ABC: Networks are equivalent.  Time =     0.02 sec
ABC: + time 
ABC: elapse: 0.09 seconds, total: 0.09 seconds

14.1.9.15.6. Executing AIGER frontend.
<suppressed ~10 debug messages>
Removed 25 unused cells and 945 unused wires.

14.1.9.15.7. Executing ABC_OPS_REINTEGRATE pass (reintegrate ABC mapped design into module).
ABC RESULTS:              $lut cells:       14
ABC RESULTS:   $paramod\FDCE\INIT=1'x_$abc9_byp cells:      160
ABC RESULTS:           input signals:      172
ABC RESULTS:          output signals:       14
<suppressed ~2030 debug messages>
Removing temp directory.

14.1.9.16. Executing TECHMAP pass (map to technology primitives).

14.1.9.16.1. Executing Verilog-2005 frontend: /Applications/oss-cad-suite/libexec/../share/yosys/abc9_unmap.v
Parsing Verilog input from `/Applications/oss-cad-suite/libexec/../share/yosys/abc9_unmap.v' to AST representation.
Generating RTLIL representation for module `$__DFF_x__$abc9_flop'.
Generating RTLIL representation for module `$__ABC9_SCC_BREAKER'.
Successfully finished Verilog frontend.

14.1.9.16.2. Continuing TECHMAP pass.
Using template $paramod\FDCE\INIT=1'x for cells of type $paramod\FDCE\INIT=1'x.
Using template $paramod\FDCE\INIT=1'x_$abc9_byp for cells of type $paramod\FDCE\INIT=1'x_$abc9_byp.
No more expansions possible.
<suppressed ~327 debug messages>
Removed 5 unused cells and 3043 unused wires.

14.1.10. Executing TECHMAP pass (map to technology primitives).

14.1.10.1. Executing Verilog-2005 frontend: /Applications/oss-cad-suite/libexec/../share/yosys/xilinx/lut_map.v
Parsing Verilog input from `/Applications/oss-cad-suite/libexec/../share/yosys/xilinx/lut_map.v' to AST representation.
Generating RTLIL representation for module `$lut'.
Successfully finished Verilog frontend.

14.1.10.2. Executing Verilog-2005 frontend: /Applications/oss-cad-suite/libexec/../share/yosys/xilinx/cells_map.v
Parsing Verilog input from `/Applications/oss-cad-suite/libexec/../share/yosys/xilinx/cells_map.v' to AST representation.
Generating RTLIL representation for module `$__SHREG_'.
Generating RTLIL representation for module `$__XILINX_SHREG_'.
Generating RTLIL representation for module `$__XILINX_MUXF78'.
Successfully finished Verilog frontend.

14.1.10.3. Continuing TECHMAP pass.
Using template $paramod$a7be344af0979c41b8930051bf1455c2976339f4$lut for cells of type $lut.
Using template $paramod$lut\WIDTH=32'00000000000000000000000000000011\LUT=8'11011111 for cells of type $lut.
Using template $paramod$lut\WIDTH=32'00000000000000000000000000000011\LUT=8'11101100 for cells of type $lut.
Using template $paramod$f054a7d7ab239e8c6ce022005b59678182897bfe$lut for cells of type $lut.
Using template $paramod$dd860dc915df955be7c55367504d6e99660c7b0b$lut for cells of type $lut.
Using template $paramod$1d45edc614defc815d133246b330a66b08944a6c$lut for cells of type $lut.
Using template $paramod$lut\WIDTH=32'00000000000000000000000000000001\LUT=2'01 for cells of type $lut.
Using template $paramod$lut\WIDTH=32'00000000000000000000000000000010\LUT=4'0001 for cells of type $lut.
Using template $paramod$lut\WIDTH=32'00000000000000000000000000000011\LUT=8'00000010 for cells of type $lut.
Using template $paramod$lut\WIDTH=32'00000000000000000000000000000010\LUT=4'0010 for cells of type $lut.
Using template $paramod$lut\WIDTH=32'00000000000000000000000000000011\LUT=8'00100000 for cells of type $lut.
No more expansions possible.
<suppressed ~142 debug messages>

14.1.11. Executing XILINX_DFFOPT pass (optimize FF control signal usage).
Optimizing FFs in axil_regbus.
  Merging D + CE LUTs for $auto$ff.cc:337:slice$1846/$abc$23961$aiger$i338 (1 -> 4)

14.1.12. Executing OPT_LUT_INS pass (discard unused LUT inputs).
Optimizing LUTs in axil_regbus.
Removed 2 unused cells and 32 unused wires.

15. Final checks

15.1. Executing SYNTH_XILINX pass.

15.1.1. Executing HIERARCHY pass (managing design hierarchy).
Attribute `top' found on module `axil_regbus'. Setting top module to axil_regbus.

15.1.1.1. Analyzing design hierarchy..
Top module:  \axil_regbus

15.1.1.2. Analyzing design hierarchy..
Top module:  \axil_regbus
Removed 0 unused modules.

15.1.2. Printing statistics.

=== axil_regbus ===

        +----------Local Count, excluding submodules.
        | 
       93 wires
      288 wire bits
       26 public wires
      218 public wire bits
       26 ports
      218 port bits
       14 cells
        3   INV
        3   LUT2
        4   LUT3
        4   LUT4
      160 submodules
      160   FDCE

   Estimated number of LCs:          8

=== design hierarchy ===

        +----------Count including submodules.
        | 
       14 axil_regbus

        +----------Count including submodules.
        | 
       93 wires
      288 wire bits
       26 public wires
      218 public wire bits
       26 ports
      218 port bits
        - memories
        - memory bits
        - processes
       14 cells
        3   INV
        3   LUT2
        4   LUT3
        4   LUT4
      160 submodules
      160   FDCE

   Estimated number of LCs:          8

15.1.3. Executing CHECK pass (checking for obvious problems).
Checking module axil_regbus...
Found and reported 0 problems.

16. Reports
18. Executing Verilog backend.

18.1. Executing BMUXMAP pass.

18.2. Executing DEMUXMAP pass.
Dumping module `\axil_regbus'.

19. Executing EDIF backend.

20. Timing estimate (cell delays only)

21. Executing FLATTEN pass (flatten design).

Warnings: 6 unique messages, 6 total
Warnings: 1 experimental features used (not excluded with -x).
End of script. Logfile hash: d4738061fa, time: 6.57s, user: 6.01s, system: 0.26s, MEM: 142.01 MB peak
Yosys 0.69+154 (git sha1 30d62572e-dirty, Release, Clang /usr/local/osxcross/target/bin/x86_64-apple-darwin25.5-clang++ 21.1.8)
Time spent: 72% 27x read_verilog (4 sec), 7% 13x design (0 sec), ...
