
20. Executing STA pass (static timing analysis).
Latest arrival time in 'axil_regbus' is 1472:
    1472 $auto$ff.cc:266:slice$2268 (FDCE.CE)
           $abc$2718$auto$opt_dff.cc:194:make_patterns_logic$1698
    1363 $abc$2718$auto$blifparse.cc:525:parse_blif$2725 (LUT4.I0->O)
           \s_axil_bvalid
     891 $auto$ff.cc:266:slice$2215 (FDCE.CLR->Q)
           $abc$2718$auto$rtlil.cc:2600:NotGate$2513
     127 $abc$2718$auto$blifparse.cc:525:parse_blif$2790 (INV.I->O)
       0   \rst_n (<primary input>)

Arrival histogram:
 legend: * represents 2 endpoint(s)
         + represents [1,2) endpoint(s)
(  1480,   1406] |**+
(  1406,   1332] | 
(  1332,   1258] |+
(  1258,   1184] |+
(  1184,   1110] |+
(  1110,   1036] | 
(  1036,    962] |*+
(   962,    888] |**********************************************************+
(   888,    814] | 
(   814,    740] | 
(   740,    666] | 
(   666,    592] | 
(   592,    518] |************************************************************ 
(   518,    444] | 
(   444,    370] | 
(   370,    296] | 
(   296,    222] | 
(   222,    148] | 
(   148,     74] | 
(    74,      0] |*************************************+
