
21. Executing STA pass (static timing analysis).
Warning: Module 'CARRY4' has no timing arcs!
Warning: Module 'MUXF7' has no timing arcs!
Warning: Module 'MUXF8' has no timing arcs!
Latest arrival time in 'spatial_upscaler' is 3976:
    3976 $flatten\u_sharpen.$auto$ff.cc:266:slice$145161 (FDRE.D)
           $flatten\u_sharpen.$auto$pmux2shiftx.cc:711:execute$106444.Y [0]
    3976 $flatten\u_sharpen.$abc$1050012$auto$blifparse.cc:525:parse_blif$1051232 (LUT6.I0->O)
           $flatten\u_sharpen.$abc$1050012$auto$blifparse.cc:525:parse_blif$1050905.A [0]
    3334 $flatten\u_sharpen.$abc$1050012$auto$blifparse.cc:525:parse_blif$1050903 (LUT3.I1->O)
           $flatten\u_sharpen.$techmap1072734$abc$1050012$auto$blifparse.cc:525:parse_blif$1050903.A [1]
    3096 $flatten\u_sharpen.$abc$1050012$auto$blifparse.cc:525:parse_blif$1050904 (LUT6.I0->O)
           $flatten\u_sharpen.$techmap1072733$abc$1050012$auto$blifparse.cc:525:parse_blif$1050904.A [0]
    2454 u_sharpen.g_line[1].mem.0.0 (RAMB36E1.CLKARDCLK->DOADO)
       0   \clk (<primary input>)
Warning: Endpoint spatial_upscaler.$flatten\u_scaler.\u_core.\u_fb.$techmap108401$mul$/home/claude/scaler_ips/spatial_upscaler/yosys/spatial_upscaler.sv2v.v:1030$12758.Y [0] has no (* sta_arrival *) value.
Warning: Endpoint spatial_upscaler.$flatten\u_scaler.\u_core.\u_fb.$techmap108401$mul$/home/claude/scaler_ips/spatial_upscaler/yosys/spatial_upscaler.sv2v.v:1030$12758.Y [1] has no (* sta_arrival *) value.
Warning: Endpoint spatial_upscaler.$flatten\u_scaler.\u_core.\u_fb.$techmap108401$mul$/home/claude/scaler_ips/spatial_upscaler/yosys/spatial_upscaler.sv2v.v:1030$12758.Y [2] has no (* sta_arrival *) value.
Warning: Endpoint spatial_upscaler.$flatten\u_scaler.\u_core.\u_fb.$techmap108401$mul$/home/claude/scaler_ips/spatial_upscaler/yosys/spatial_upscaler.sv2v.v:1030$12758.Y [3] has no (* sta_arrival *) value.
Warning: Endpoint spatial_upscaler.$flatten\u_scaler.\u_core.\u_fb.$techmap108401$mul$/home/claude/scaler_ips/spatial_upscaler/yosys/spatial_upscaler.sv2v.v:1030$12758.Y [4] has no (* sta_arrival *) value.
Warning: Endpoint spatial_upscaler.$flatten\u_scaler.\u_core.\u_fb.$techmap108401$mul$/home/claude/scaler_ips/spatial_upscaler/yosys/spatial_upscaler.sv2v.v:1030$12758.Y [5] has no (* sta_arrival *) value.
Warning: Endpoint spatial_upscaler.$flatten\u_scaler.\u_core.\u_fb.$techmap108401$mul$/home/claude/scaler_ips/spatial_upscaler/yosys/spatial_upscaler.sv2v.v:1030$12758.Y [6] has no (* sta_arrival *) value.
Warning: Endpoint spatial_upscaler.$flatten\u_scaler.\u_core.\u_fb.$techmap108401$mul$/home/claude/scaler_ips/spatial_upscaler/yosys/spatial_upscaler.sv2v.v:1030$12758.Y [7] has no (* sta_arrival *) value.
Warning: Endpoint spatial_upscaler.$flatten\u_scaler.\u_core.\u_fb.$techmap108401$mul$/home/claude/scaler_ips/spatial_upscaler/yosys/spatial_upscaler.sv2v.v:1030$12758.Y [8] has no (* sta_arrival *) value.
Warning: Endpoint spatial_upscaler.\u_scaler.u_core.u_fb.bcx[0] [3] has no (* sta_arrival *) value.
Warning: Endpoint spatial_upscaler.\u_scaler.u_core.u_fb.bcx[0] [4] has no (* sta_arrival *) value.
Warning: Endpoint spatial_upscaler.\u_scaler.u_core.u_fb.bcx[0] [5] has no (* sta_arrival *) value.
Warning: Endpoint spatial_upscaler.\u_scaler.u_core.u_fb.bcx[0] [6] has no (* sta_arrival *) value.
Warning: Endpoint spatial_upscaler.\u_scaler.u_core.u_fb.bcx[0] [7] has no (* sta_arrival *) value.
Warning: Endpoint spatial_upscaler.\u_scaler.u_core.u_fb.bcx[0] [8] has no (* sta_arrival *) value.
Warning: Endpoint spatial_upscaler.\u_scaler.u_core.u_fb.bcx[0] [9] has no (* sta_arrival *) value.
Warning: Endpoint spatial_upscaler.\u_scaler.u_core.u_fb.bcx[0] [10] has no (* sta_arrival *) value.
Warning: Endpoint spatial_upscaler.\u_scaler.u_core.u_fb.bcx[0] [11] has no (* sta_arrival *) value.
Warning: Endpoint spatial_upscaler.\u_scaler.u_core.u_fb.bcx[0] [12] has no (* sta_arrival *) value.
Warning: Endpoint spatial_upscaler.\u_scaler.u_core.u_fb.bcx[0] [13] has no (* sta_arrival *) value.
Warning: Endpoint spatial_upscaler.\u_scaler.u_core.u_fb.bcx[0] [14] has no (* sta_arrival *) value.
Warning: Endpoint spatial_upscaler.\u_scaler.u_core.u_fb.bcx[0] [15] has no (* sta_arrival *) value.
Warning: Endpoint spatial_upscaler.\u_scaler.u_core.u_fb.bcx[1] [3] has no (* sta_arrival *) value.
Warning: Endpoint spatial_upscaler.\u_scaler.u_core.u_fb.bcx[1] [4] has no (* sta_arrival *) value.
Warning: Endpoint spatial_upscaler.\u_scaler.u_core.u_fb.bcx[1] [5] has no (* sta_arrival *) value.
Warning: Endpoint spatial_upscaler.\u_scaler.u_core.u_fb.bcx[1] [6] has no (* sta_arrival *) value.
Warning: Endpoint spatial_upscaler.\u_scaler.u_core.u_fb.bcx[1] [7] has no (* sta_arrival *) value.
Warning: Endpoint spatial_upscaler.\u_scaler.u_core.u_fb.bcx[1] [8] has no (* sta_arrival *) value.
Warning: Endpoint spatial_upscaler.\u_scaler.u_core.u_fb.bcx[1] [9] has no (* sta_arrival *) value.
Warning: Endpoint spatial_upscaler.\u_scaler.u_core.u_fb.bcx[1] [10] has no (* sta_arrival *) value.
Warning: Endpoint spatial_upscaler.\u_scaler.u_core.u_fb.bcx[1] [11] has no (* sta_arrival *) value.
Warning: Endpoint spatial_upscaler.\u_scaler.u_core.u_fb.bcx[1] [12] has no (* sta_arrival *) value.
Warning: Endpoint spatial_upscaler.\u_scaler.u_core.u_fb.bcx[1] [13] has no (* sta_arrival *) value.
Warning: Endpoint spatial_upscaler.\u_scaler.u_core.u_fb.bcx[1] [14] has no (* sta_arrival *) value.
Warning: Endpoint spatial_upscaler.\u_scaler.u_core.u_fb.bcx[1] [15] has no (* sta_arrival *) value.
Warning: Endpoint spatial_upscaler.\u_scaler.u_core.u_fb.bcx[2] [3] has no (* sta_arrival *) value.
Warning: Endpoint spatial_upscaler.\u_scaler.u_core.u_fb.bcx[2] [4] has no (* sta_arrival *) value.
Warning: Endpoint spatial_upscaler.\u_scaler.u_core.u_fb.bcx[2] [5] has no (* sta_arrival *) value.
Warning: Endpoint spatial_upscaler.\u_scaler.u_core.u_fb.bcx[2] [6] has no (* sta_arrival *) value.
Warning: Endpoint spatial_upscaler.\u_scaler.u_core.u_fb.bcx[2] [7] has no (* sta_arrival *) value.
Warning: Endpoint spatial_upscaler.\u_scaler.u_core.u_fb.bcx[2] [8] has no (* sta_arrival *) value.
Warning: Endpoint spatial_upscaler.\u_scaler.u_core.u_fb.bcx[2] [9] has no (* sta_arrival *) value.
Warning: Endpoint spatial_upscaler.\u_scaler.u_core.u_fb.bcx[2] [10] has no (* sta_arrival *) value.
Warning: Endpoint spatial_upscaler.\u_scaler.u_core.u_fb.bcx[2] [11] has no (* sta_arrival *) value.
Warning: Endpoint spatial_upscaler.\u_scaler.u_core.u_fb.bcx[2] [12] has no (* sta_arrival *) value.
Warning: Endpoint spatial_upscaler.\u_scaler.u_core.u_fb.bcx[2] [13] has no (* sta_arrival *) value.
Warning: Endpoint spatial_upscaler.\u_scaler.u_core.u_fb.bcx[2] [14] has no (* sta_arrival *) value.
Warning: Endpoint spatial_upscaler.\u_scaler.u_core.u_fb.bcx[2] [15] has no (* sta_arrival *) value.
Warning: Endpoint spatial_upscaler.\u_scaler.u_core.u_fb.bcx[3] [3] has no (* sta_arrival *) value.
Warning: Endpoint spatial_upscaler.\u_scaler.u_core.u_fb.bcx[3] [4] has no (* sta_arrival *) value.
Warning: Endpoint spatial_upscaler.\u_scaler.u_core.u_fb.bcx[3] [5] has no (* sta_arrival *) value.
Warning: Endpoint spatial_upscaler.\u_scaler.u_core.u_fb.bcx[3] [6] has no (* sta_arrival *) value.
Warning: Endpoint spatial_upscaler.\u_scaler.u_core.u_fb.bcx[3] [7] has no (* sta_arrival *) value.
Warning: Endpoint spatial_upscaler.\u_scaler.u_core.u_fb.bcx[3] [8] has no (* sta_arrival *) value.
Warning: Endpoint spatial_upscaler.\u_scaler.u_core.u_fb.bcx[3] [9] has no (* sta_arrival *) value.
Warning: Endpoint spatial_upscaler.\u_scaler.u_core.u_fb.bcx[3] [10] has no (* sta_arrival *) value.
Warning: Endpoint spatial_upscaler.\u_scaler.u_core.u_fb.bcx[3] [11] has no (* sta_arrival *) value.
Warning: Endpoint spatial_upscaler.\u_scaler.u_core.u_fb.bcx[3] [12] has no (* sta_arrival *) value.
Warning: Endpoint spatial_upscaler.\u_scaler.u_core.u_fb.bcx[3] [13] has no (* sta_arrival *) value.
Warning: Endpoint spatial_upscaler.\u_scaler.u_core.u_fb.bcx[3] [14] has no (* sta_arrival *) value.
Warning: Endpoint spatial_upscaler.\u_scaler.u_core.u_fb.bcx[3] [15] has no (* sta_arrival *) value.
Warning: Endpoint spatial_upscaler.\u_scaler.u_core.u_fb.bcx[4] [3] has no (* sta_arrival *) value.
Warning: Endpoint spatial_upscaler.\u_scaler.u_core.u_fb.bcx[4] [4] has no (* sta_arrival *) value.
Warning: Endpoint spatial_upscaler.\u_scaler.u_core.u_fb.bcx[4] [5] has no (* sta_arrival *) value.
Warning: Endpoint spatial_upscaler.\u_scaler.u_core.u_fb.bcx[4] [6] has no (* sta_arrival *) value.
Warning: Endpoint spatial_upscaler.\u_scaler.u_core.u_fb.bcx[4] [7] has no (* sta_arrival *) value.
Warning: Endpoint spatial_upscaler.\u_scaler.u_core.u_fb.bcx[4] [8] has no (* sta_arrival *) value.
Warning: Endpoint spatial_upscaler.\u_scaler.u_core.u_fb.bcx[4] [9] has no (* sta_arrival *) value.
Warning: Endpoint spatial_upscaler.\u_scaler.u_core.u_fb.bcx[4] [10] has no (* sta_arrival *) value.
Warning: Endpoint spatial_upscaler.\u_scaler.u_core.u_fb.bcx[4] [11] has no (* sta_arrival *) value.
Warning: Endpoint spatial_upscaler.\u_scaler.u_core.u_fb.bcx[4] [12] has no (* sta_arrival *) value.
Warning: Endpoint spatial_upscaler.\u_scaler.u_core.u_fb.bcx[4] [13] has no (* sta_arrival *) value.
Warning: Endpoint spatial_upscaler.\u_scaler.u_core.u_fb.bcx[4] [14] has no (* sta_arrival *) value.
Warning: Endpoint spatial_upscaler.\u_scaler.u_core.u_fb.bcx[4] [15] has no (* sta_arrival *) value.
Warning: Endpoint spatial_upscaler.\u_scaler.u_core.u_fb.bcx[5] [3] has no (* sta_arrival *) value.
Warning: Endpoint spatial_upscaler.\u_scaler.u_core.u_fb.bcx[5] [4] has no (* sta_arrival *) value.
Warning: Endpoint spatial_upscaler.\u_scaler.u_core.u_fb.bcx[5] [5] has no (* sta_arrival *) value.
Warning: Endpoint spatial_upscaler.\u_scaler.u_core.u_fb.bcx[5] [6] has no (* sta_arrival *) value.
Warning: Endpoint spatial_upscaler.\u_scaler.u_core.u_fb.bcx[5] [7] has no (* sta_arrival *) value.
Warning: Endpoint spatial_upscaler.\u_scaler.u_core.u_fb.bcx[5] [8] has no (* sta_arrival *) value.
Warning: Endpoint spatial_upscaler.\u_scaler.u_core.u_fb.bcx[5] [9] has no (* sta_arrival *) value.
Warning: Endpoint spatial_upscaler.\u_scaler.u_core.u_fb.bcx[5] [10] has no (* sta_arrival *) value.
Warning: Endpoint spatial_upscaler.\u_scaler.u_core.u_fb.bcx[5] [11] has no (* sta_arrival *) value.
Warning: Endpoint spatial_upscaler.\u_scaler.u_core.u_fb.bcx[5] [12] has no (* sta_arrival *) value.
Warning: Endpoint spatial_upscaler.\u_scaler.u_core.u_fb.bcx[5] [13] has no (* sta_arrival *) value.
Warning: Endpoint spatial_upscaler.\u_scaler.u_core.u_fb.bcx[5] [14] has no (* sta_arrival *) value.
Warning: Endpoint spatial_upscaler.\u_scaler.u_core.u_fb.bcx[5] [15] has no (* sta_arrival *) value.
Warning: Endpoint spatial_upscaler.\u_scaler.u_core.u_fb.bcx[6] [3] has no (* sta_arrival *) value.
Warning: Endpoint spatial_upscaler.\u_scaler.u_core.u_fb.bcx[6] [4] has no (* sta_arrival *) value.
Warning: Endpoint spatial_upscaler.\u_scaler.u_core.u_fb.bcx[6] [5] has no (* sta_arrival *) value.
Warning: Endpoint spatial_upscaler.\u_scaler.u_core.u_fb.bcx[6] [6] has no (* sta_arrival *) value.
Warning: Endpoint spatial_upscaler.\u_scaler.u_core.u_fb.bcx[6] [7] has no (* sta_arrival *) value.
Warning: Endpoint spatial_upscaler.\u_scaler.u_core.u_fb.bcx[6] [8] has no (* sta_arrival *) value.
Warning: Endpoint spatial_upscaler.\u_scaler.u_core.u_fb.bcx[6] [9] has no (* sta_arrival *) value.
Warning: Endpoint spatial_upscaler.\u_scaler.u_core.u_fb.bcx[6] [10] has no (* sta_arrival *) value.
Warning: Endpoint spatial_upscaler.\u_scaler.u_core.u_fb.bcx[6] [11] has no (* sta_arrival *) value.
Warning: Endpoint spatial_upscaler.\u_scaler.u_core.u_fb.bcx[6] [12] has no (* sta_arrival *) value.
Warning: Endpoint spatial_upscaler.\u_scaler.u_core.u_fb.bcx[6] [13] has no (* sta_arrival *) value.
Warning: Endpoint spatial_upscaler.\u_scaler.u_core.u_fb.bcx[6] [14] has no (* sta_arrival *) value.
Warning: Endpoint spatial_upscaler.\u_scaler.u_core.u_fb.bcx[6] [15] has no (* sta_arrival *) value.
Warning: Endpoint spatial_upscaler.\u_scaler.u_core.u_fb.bcx[7] [3] has no (* sta_arrival *) value.
Warning: Endpoint spatial_upscaler.\u_scaler.u_core.u_fb.bcx[7] [4] has no (* sta_arrival *) value.
Warning: Endpoint spatial_upscaler.\u_scaler.u_core.u_fb.bcx[7] [5] has no (* sta_arrival *) value.
Warning: Endpoint spatial_upscaler.\u_scaler.u_core.u_fb.bcx[7] [6] has no (* sta_arrival *) value.
Warning: Endpoint spatial_upscaler.\u_scaler.u_core.u_fb.bcx[7] [7] has no (* sta_arrival *) value.
Warning: Endpoint spatial_upscaler.\u_scaler.u_core.u_fb.bcx[7] [8] has no (* sta_arrival *) value.
Warning: Endpoint spatial_upscaler.\u_scaler.u_core.u_fb.bcx[7] [9] has no (* sta_arrival *) value.
Warning: Endpoint spatial_upscaler.\u_scaler.u_core.u_fb.bcx[7] [10] has no (* sta_arrival *) value.
Warning: Endpoint spatial_upscaler.\u_scaler.u_core.u_fb.bcx[7] [11] has no (* sta_arrival *) value.
Warning: Endpoint spatial_upscaler.\u_scaler.u_core.u_fb.bcx[7] [12] has no (* sta_arrival *) value.
Warning: Endpoint spatial_upscaler.\u_scaler.u_core.u_fb.bcx[7] [13] has no (* sta_arrival *) value.
Warning: Endpoint spatial_upscaler.\u_scaler.u_core.u_fb.bcx[7] [14] has no (* sta_arrival *) value.
Warning: Endpoint spatial_upscaler.\u_scaler.u_core.u_fb.bcx[7] [15] has no (* sta_arrival *) value.
Warning: Endpoint spatial_upscaler.$flatten\u_scaler.\u_core.\u_fb.$techmap108402$mul$/home/claude/scaler_ips/spatial_upscaler/yosys/spatial_upscaler.sv2v.v:1030$12764.Y [0] has no (* sta_arrival *) value.
Warning: Endpoint spatial_upscaler.$flatten\u_scaler.\u_core.\u_fb.$techmap108402$mul$/home/claude/scaler_ips/spatial_upscaler/yosys/spatial_upscaler.sv2v.v:1030$12764.Y [1] has no (* sta_arrival *) value.
Warning: Endpoint spatial_upscaler.$flatten\u_scaler.\u_core.\u_fb.$techmap108402$mul$/home/claude/scaler_ips/spatial_upscaler/yosys/spatial_upscaler.sv2v.v:1030$12764.Y [2] has no (* sta_arrival *) value.
Warning: Endpoint spatial_upscaler.$flatten\u_scaler.\u_core.\u_fb.$techmap108402$mul$/home/claude/scaler_ips/spatial_upscaler/yosys/spatial_upscaler.sv2v.v:1030$12764.Y [3] has no (* sta_arrival *) value.
Warning: Endpoint spatial_upscaler.$flatten\u_scaler.\u_core.\u_fb.$techmap108402$mul$/home/claude/scaler_ips/spatial_upscaler/yosys/spatial_upscaler.sv2v.v:1030$12764.Y [4] has no (* sta_arrival *) value.
Warning: Endpoint spatial_upscaler.$flatten\u_scaler.\u_core.\u_fb.$techmap108402$mul$/home/claude/scaler_ips/spatial_upscaler/yosys/spatial_upscaler.sv2v.v:1030$12764.Y [5] has no (* sta_arrival *) value.
Warning: Endpoint spatial_upscaler.$flatten\u_scaler.\u_core.\u_fb.$techmap108402$mul$/home/claude/scaler_ips/spatial_upscaler/yosys/spatial_upscaler.sv2v.v:1030$12764.Y [6] has no (* sta_arrival *) value.
Warning: Endpoint spatial_upscaler.$flatten\u_scaler.\u_core.\u_fb.$techmap108402$mul$/home/claude/scaler_ips/spatial_upscaler/yosys/spatial_upscaler.sv2v.v:1030$12764.Y [7] has no (* sta_arrival *) value.
Warning: Endpoint spatial_upscaler.$flatten\u_scaler.\u_core.\u_fb.$techmap108402$mul$/home/claude/scaler_ips/spatial_upscaler/yosys/spatial_upscaler.sv2v.v:1030$12764.Y [8] has no (* sta_arrival *) value.
Warning: Endpoint spatial_upscaler.$flatten\u_scaler.\u_core.\u_fb.$techmap108403$mul$/home/claude/scaler_ips/spatial_upscaler/yosys/spatial_upscaler.sv2v.v:1030$12770.Y [0] has no (* sta_arrival *) value.
Warning: Endpoint spatial_upscaler.$flatten\u_scaler.\u_core.\u_fb.$techmap108403$mul$/home/claude/scaler_ips/spatial_upscaler/yosys/spatial_upscaler.sv2v.v:1030$12770.Y [1] has no (* sta_arrival *) value.
Warning: Endpoint spatial_upscaler.$flatten\u_scaler.\u_core.\u_fb.$techmap108403$mul$/home/claude/scaler_ips/spatial_upscaler/yosys/spatial_upscaler.sv2v.v:1030$12770.Y [2] has no (* sta_arrival *) value.
Warning: Endpoint spatial_upscaler.$flatten\u_scaler.\u_core.\u_fb.$techmap108403$mul$/home/claude/scaler_ips/spatial_upscaler/yosys/spatial_upscaler.sv2v.v:1030$12770.Y [3] has no (* sta_arrival *) value.
Warning: Endpoint spatial_upscaler.$flatten\u_scaler.\u_core.\u_fb.$techmap108403$mul$/home/claude/scaler_ips/spatial_upscaler/yosys/spatial_upscaler.sv2v.v:1030$12770.Y [4] has no (* sta_arrival *) value.
Warning: Endpoint spatial_upscaler.$flatten\u_scaler.\u_core.\u_fb.$techmap108403$mul$/home/claude/scaler_ips/spatial_upscaler/yosys/spatial_upscaler.sv2v.v:1030$12770.Y [5] has no (* sta_arrival *) value.
Warning: Endpoint spatial_upscaler.$flatten\u_scaler.\u_core.\u_fb.$techmap108403$mul$/home/claude/scaler_ips/spatial_upscaler/yosys/spatial_upscaler.sv2v.v:1030$12770.Y [6] has no (* sta_arrival *) value.
Warning: Endpoint spatial_upscaler.$flatten\u_scaler.\u_core.\u_fb.$techmap108403$mul$/home/claude/scaler_ips/spatial_upscaler/yosys/spatial_upscaler.sv2v.v:1030$12770.Y [7] has no (* sta_arrival *) value.
Warning: Endpoint spatial_upscaler.$flatten\u_scaler.\u_core.\u_fb.$techmap108403$mul$/home/claude/scaler_ips/spatial_upscaler/yosys/spatial_upscaler.sv2v.v:1030$12770.Y [8] has no (* sta_arrival *) value.
Warning: Endpoint spatial_upscaler.$flatten\u_scaler.\u_core.\u_fb.$techmap108404$mul$/home/claude/scaler_ips/spatial_upscaler/yosys/spatial_upscaler.sv2v.v:1030$12776.Y [0] has no (* sta_arrival *) value.
Warning: Endpoint spatial_upscaler.$flatten\u_scaler.\u_core.\u_fb.$techmap108404$mul$/home/claude/scaler_ips/spatial_upscaler/yosys/spatial_upscaler.sv2v.v:1030$12776.Y [1] has no (* sta_arrival *) value.
Warning: Endpoint spatial_upscaler.$flatten\u_scaler.\u_core.\u_fb.$techmap108404$mul$/home/claude/scaler_ips/spatial_upscaler/yosys/spatial_upscaler.sv2v.v:1030$12776.Y [2] has no (* sta_arrival *) value.
Warning: Endpoint spatial_upscaler.$flatten\u_scaler.\u_core.\u_fb.$techmap108404$mul$/home/claude/scaler_ips/spatial_upscaler/yosys/spatial_upscaler.sv2v.v:1030$12776.Y [3] has no (* sta_arrival *) value.
Warning: Endpoint spatial_upscaler.$flatten\u_scaler.\u_core.\u_fb.$techmap108404$mul$/home/claude/scaler_ips/spatial_upscaler/yosys/spatial_upscaler.sv2v.v:1030$12776.Y [4] has no (* sta_arrival *) value.
Warning: Endpoint spatial_upscaler.$flatten\u_scaler.\u_core.\u_fb.$techmap108404$mul$/home/claude/scaler_ips/spatial_upscaler/yosys/spatial_upscaler.sv2v.v:1030$12776.Y [5] has no (* sta_arrival *) value.
Warning: Endpoint spatial_upscaler.$flatten\u_scaler.\u_core.\u_fb.$techmap108404$mul$/home/claude/scaler_ips/spatial_upscaler/yosys/spatial_upscaler.sv2v.v:1030$12776.Y [6] has no (* sta_arrival *) value.
Warning: Endpoint spatial_upscaler.$flatten\u_scaler.\u_core.\u_fb.$techmap108404$mul$/home/claude/scaler_ips/spatial_upscaler/yosys/spatial_upscaler.sv2v.v:1030$12776.Y [7] has no (* sta_arrival *) value.
Warning: Endpoint spatial_upscaler.$flatten\u_scaler.\u_core.\u_fb.$techmap108404$mul$/home/claude/scaler_ips/spatial_upscaler/yosys/spatial_upscaler.sv2v.v:1030$12776.Y [8] has no (* sta_arrival *) value.
Warning: Endpoint spatial_upscaler.$flatten\u_scaler.\u_core.\u_fb.$techmap108405$mul$/home/claude/scaler_ips/spatial_upscaler/yosys/spatial_upscaler.sv2v.v:1030$12782.Y [0] has no (* sta_arrival *) value.
Warning: Endpoint spatial_upscaler.$flatten\u_scaler.\u_core.\u_fb.$techmap108405$mul$/home/claude/scaler_ips/spatial_upscaler/yosys/spatial_upscaler.sv2v.v:1030$12782.Y [1] has no (* sta_arrival *) value.
Warning: Endpoint spatial_upscaler.$flatten\u_scaler.\u_core.\u_fb.$techmap108405$mul$/home/claude/scaler_ips/spatial_upscaler/yosys/spatial_upscaler.sv2v.v:1030$12782.Y [2] has no (* sta_arrival *) value.
Warning: Endpoint spatial_upscaler.$flatten\u_scaler.\u_core.\u_fb.$techmap108405$mul$/home/claude/scaler_ips/spatial_upscaler/yosys/spatial_upscaler.sv2v.v:1030$12782.Y [3] has no (* sta_arrival *) value.
Warning: Endpoint spatial_upscaler.$flatten\u_scaler.\u_core.\u_fb.$techmap108405$mul$/home/claude/scaler_ips/spatial_upscaler/yosys/spatial_upscaler.sv2v.v:1030$12782.Y [4] has no (* sta_arrival *) value.
Warning: Endpoint spatial_upscaler.$flatten\u_scaler.\u_core.\u_fb.$techmap108405$mul$/home/claude/scaler_ips/spatial_upscaler/yosys/spatial_upscaler.sv2v.v:1030$12782.Y [5] has no (* sta_arrival *) value.
Warning: Endpoint spatial_upscaler.$flatten\u_scaler.\u_core.\u_fb.$techmap108405$mul$/home/claude/scaler_ips/spatial_upscaler/yosys/spatial_upscaler.sv2v.v:1030$12782.Y [6] has no (* sta_arrival *) value.
Warning: Endpoint spatial_upscaler.$flatten\u_scaler.\u_core.\u_fb.$techmap108405$mul$/home/claude/scaler_ips/spatial_upscaler/yosys/spatial_upscaler.sv2v.v:1030$12782.Y [7] has no (* sta_arrival *) value.
Warning: Endpoint spatial_upscaler.$flatten\u_scaler.\u_core.\u_fb.$techmap108405$mul$/home/claude/scaler_ips/spatial_upscaler/yosys/spatial_upscaler.sv2v.v:1030$12782.Y [8] has no (* sta_arrival *) value.
Warning: Endpoint spatial_upscaler.$flatten\u_scaler.\u_core.\u_fb.$techmap108406$mul$/home/claude/scaler_ips/spatial_upscaler/yosys/spatial_upscaler.sv2v.v:1030$12788.Y [0] has no (* sta_arrival *) value.
Warning: Endpoint spatial_upscaler.$flatten\u_scaler.\u_core.\u_fb.$techmap108406$mul$/home/claude/scaler_ips/spatial_upscaler/yosys/spatial_upscaler.sv2v.v:1030$12788.Y [1] has no (* sta_arrival *) value.
Warning: Endpoint spatial_upscaler.$flatten\u_scaler.\u_core.\u_fb.$techmap108406$mul$/home/claude/scaler_ips/spatial_upscaler/yosys/spatial_upscaler.sv2v.v:1030$12788.Y [2] has no (* sta_arrival *) value.
Warning: Endpoint spatial_upscaler.$flatten\u_scaler.\u_core.\u_fb.$techmap108406$mul$/home/claude/scaler_ips/spatial_upscaler/yosys/spatial_upscaler.sv2v.v:1030$12788.Y [3] has no (* sta_arrival *) value.
Warning: Endpoint spatial_upscaler.$flatten\u_scaler.\u_core.\u_fb.$techmap108406$mul$/home/claude/scaler_ips/spatial_upscaler/yosys/spatial_upscaler.sv2v.v:1030$12788.Y [4] has no (* sta_arrival *) value.
Warning: Endpoint spatial_upscaler.$flatten\u_scaler.\u_core.\u_fb.$techmap108406$mul$/home/claude/scaler_ips/spatial_upscaler/yosys/spatial_upscaler.sv2v.v:1030$12788.Y [5] has no (* sta_arrival *) value.
Warning: Endpoint spatial_upscaler.$flatten\u_scaler.\u_core.\u_fb.$techmap108406$mul$/home/claude/scaler_ips/spatial_upscaler/yosys/spatial_upscaler.sv2v.v:1030$12788.Y [6] has no (* sta_arrival *) value.
Warning: Endpoint spatial_upscaler.$flatten\u_scaler.\u_core.\u_fb.$techmap108406$mul$/home/claude/scaler_ips/spatial_upscaler/yosys/spatial_upscaler.sv2v.v:1030$12788.Y [7] has no (* sta_arrival *) value.
Warning: Endpoint spatial_upscaler.$flatten\u_scaler.\u_core.\u_fb.$techmap108406$mul$/home/claude/scaler_ips/spatial_upscaler/yosys/spatial_upscaler.sv2v.v:1030$12788.Y [8] has no (* sta_arrival *) value.
Warning: Endpoint spatial_upscaler.$flatten\u_scaler.\u_core.\u_fb.$techmap108407$mul$/home/claude/scaler_ips/spatial_upscaler/yosys/spatial_upscaler.sv2v.v:1030$12794.Y [0] has no (* sta_arrival *) value.
Warning: Endpoint spatial_upscaler.$flatten\u_scaler.\u_core.\u_fb.$techmap108407$mul$/home/claude/scaler_ips/spatial_upscaler/yosys/spatial_upscaler.sv2v.v:1030$12794.Y [1] has no (* sta_arrival *) value.
Warning: Endpoint spatial_upscaler.$flatten\u_scaler.\u_core.\u_fb.$techmap108407$mul$/home/claude/scaler_ips/spatial_upscaler/yosys/spatial_upscaler.sv2v.v:1030$12794.Y [2] has no (* sta_arrival *) value.
Warning: Endpoint spatial_upscaler.$flatten\u_scaler.\u_core.\u_fb.$techmap108407$mul$/home/claude/scaler_ips/spatial_upscaler/yosys/spatial_upscaler.sv2v.v:1030$12794.Y [3] has no (* sta_arrival *) value.
Warning: Endpoint spatial_upscaler.$flatten\u_scaler.\u_core.\u_fb.$techmap108407$mul$/home/claude/scaler_ips/spatial_upscaler/yosys/spatial_upscaler.sv2v.v:1030$12794.Y [4] has no (* sta_arrival *) value.
Warning: Endpoint spatial_upscaler.$flatten\u_scaler.\u_core.\u_fb.$techmap108407$mul$/home/claude/scaler_ips/spatial_upscaler/yosys/spatial_upscaler.sv2v.v:1030$12794.Y [5] has no (* sta_arrival *) value.
Warning: Endpoint spatial_upscaler.$flatten\u_scaler.\u_core.\u_fb.$techmap108407$mul$/home/claude/scaler_ips/spatial_upscaler/yosys/spatial_upscaler.sv2v.v:1030$12794.Y [6] has no (* sta_arrival *) value.
Warning: Endpoint spatial_upscaler.$flatten\u_scaler.\u_core.\u_fb.$techmap108407$mul$/home/claude/scaler_ips/spatial_upscaler/yosys/spatial_upscaler.sv2v.v:1030$12794.Y [7] has no (* sta_arrival *) value.
Warning: Endpoint spatial_upscaler.$flatten\u_scaler.\u_core.\u_fb.$techmap108407$mul$/home/claude/scaler_ips/spatial_upscaler/yosys/spatial_upscaler.sv2v.v:1030$12794.Y [8] has no (* sta_arrival *) value.
Warning: Endpoint spatial_upscaler.$flatten\u_scaler.\u_core.\u_fb.$techmap108408$mul$/home/claude/scaler_ips/spatial_upscaler/yosys/spatial_upscaler.sv2v.v:1030$12800.Y [0] has no (* sta_arrival *) value.
Warning: Endpoint spatial_upscaler.$flatten\u_scaler.\u_core.\u_fb.$techmap108408$mul$/home/claude/scaler_ips/spatial_upscaler/yosys/spatial_upscaler.sv2v.v:1030$12800.Y [1] has no (* sta_arrival *) value.
Warning: Endpoint spatial_upscaler.$flatten\u_scaler.\u_core.\u_fb.$techmap108408$mul$/home/claude/scaler_ips/spatial_upscaler/yosys/spatial_upscaler.sv2v.v:1030$12800.Y [2] has no (* sta_arrival *) value.
Warning: Endpoint spatial_upscaler.$flatten\u_scaler.\u_core.\u_fb.$techmap108408$mul$/home/claude/scaler_ips/spatial_upscaler/yosys/spatial_upscaler.sv2v.v:1030$12800.Y [3] has no (* sta_arrival *) value.
Warning: Endpoint spatial_upscaler.$flatten\u_scaler.\u_core.\u_fb.$techmap108408$mul$/home/claude/scaler_ips/spatial_upscaler/yosys/spatial_upscaler.sv2v.v:1030$12800.Y [4] has no (* sta_arrival *) value.
Warning: Endpoint spatial_upscaler.$flatten\u_scaler.\u_core.\u_fb.$techmap108408$mul$/home/claude/scaler_ips/spatial_upscaler/yosys/spatial_upscaler.sv2v.v:1030$12800.Y [5] has no (* sta_arrival *) value.
Warning: Endpoint spatial_upscaler.$flatten\u_scaler.\u_core.\u_fb.$techmap108408$mul$/home/claude/scaler_ips/spatial_upscaler/yosys/spatial_upscaler.sv2v.v:1030$12800.Y [6] has no (* sta_arrival *) value.
Warning: Endpoint spatial_upscaler.$flatten\u_scaler.\u_core.\u_fb.$techmap108408$mul$/home/claude/scaler_ips/spatial_upscaler/yosys/spatial_upscaler.sv2v.v:1030$12800.Y [7] has no (* sta_arrival *) value.
Warning: Endpoint spatial_upscaler.$flatten\u_scaler.\u_core.\u_fb.$techmap108408$mul$/home/claude/scaler_ips/spatial_upscaler/yosys/spatial_upscaler.sv2v.v:1030$12800.Y [8] has no (* sta_arrival *) value.
Warning: Endpoint spatial_upscaler.\u_scaler.u_core.u_fb.lo_x [0] has no (* sta_arrival *) value.
Warning: Endpoint spatial_upscaler.\u_scaler.u_core.u_fb.lo_x [1] has no (* sta_arrival *) value.
Warning: Endpoint spatial_upscaler.\u_scaler.u_core.u_fb.lo_x [2] has no (* sta_arrival *) value.
Warning: Endpoint spatial_upscaler.\u_scaler.u_core.u_fb.hi_x [0] has no (* sta_arrival *) value.
Warning: Endpoint spatial_upscaler.\u_scaler.u_core.u_fb.hi_x [1] has no (* sta_arrival *) value.
Warning: Endpoint spatial_upscaler.\u_scaler.u_core.u_fb.hi_x [2] has no (* sta_arrival *) value.
Warning: Endpoint spatial_upscaler.\u_scaler.u_core.u_fb.lo_y [0] has no (* sta_arrival *) value.
Warning: Endpoint spatial_upscaler.\u_scaler.u_core.u_fb.lo_y [1] has no (* sta_arrival *) value.
Warning: Endpoint spatial_upscaler.\u_scaler.u_core.u_fb.lo_y [2] has no (* sta_arrival *) value.
Warning: Endpoint spatial_upscaler.\u_scaler.u_core.u_fb.hi_y [0] has no (* sta_arrival *) value.
Warning: Endpoint spatial_upscaler.\u_scaler.u_core.u_fb.hi_y [1] has no (* sta_arrival *) value.
Warning: Endpoint spatial_upscaler.\u_scaler.u_core.u_fb.hi_y [2] has no (* sta_arrival *) value.

Arrival histogram:
 legend: * represents 54 endpoint(s)
         + represents [1,54) endpoint(s)
(  3980,   3781] |*+
(  3781,   3582] | 
(  3582,   3383] |+
(  3383,   3184] |+
(  3184,   2985] |************************************************************ 
(  2985,   2786] |+
(  2786,   2587] |+
(  2587,   2388] |*+
(  2388,   2189] |**+
(  2189,   1990] |******+
(  1990,   1791] |*******************+
(  1791,   1592] |*******+
(  1592,   1393] |******+
(  1393,   1194] |**+
(  1194,    995] |**+
(   995,    796] |**********+
(   796,    597] |+
(   597,    398] |************************+
(   398,    199] |*******************************+
(   199,      0] |*+
