Module     : spatial_upscaler
Family     : xc7
Parameters : MAX_W=640 MAX_H=480
Tools      : Yosys 0.69+154, sv2v v0.0.13
Run time   : 190 s

Hierarchical utilization (Yosys synth_xilinx, totals include sub-instances)

Instance                                            LUT   LUTRAM       FF    CARRY     MUXF   BRAM36      DSP
-------------------------------------------------------------------------------------------------------------
spatial_upscaler                                  29105      252    17595     1533       65    264.0      144
  (self)                                              0        0        0        0        0      0.0        0
  axil_split                                         76        0      117        0        0      0.0        0
  scaler_lanczos                                  25749      252    15884     1316        0    256.0      135
    (self)                                            0        0        0        0        0      0.0        0
    scaler_polyphase                              25749      252    15884     1316        0    256.0      135
      (self)                                      13863      252    14720      889        0      0.0      126
      banked_framebuf                             11377        0      484      369        0    256.0        9
      scaler_ctrl                                   315        0      515       26        0      0.0        0
        (self)                                      304        0      361       26        0      0.0        0
        axil_regbus                                  11        0      154        0        0      0.0        0
      scaler_dda                                    194        0      165       32        0      0.0        0
  sharpen_cas                                      3280        0     1594      217       65      8.0        9
    (self)                                         3269        0     1458      217       65      8.0        9
    axil_regbus#2                                    11        0      136        0        0      0.0        0

LUT = LUT1..LUT6 used as logic; LUTRAM = distributed RAM + SRL; BRAM36 counts
RAMB36 as 1 and RAMB18 as 0.5. Yosys does not place or route, so these are
pre-implementation estimates (Vivado will typically optimise further).

Critical path (cell delays only, no routing): 4521 ps  (see timing.rpt)
