
17. Printing statistics.

=== $paramod$01fd129ea6389d3819b5304ca3c73423f7b7ae88\axil_regbus ===

   Number of wires:                179
   Number of wire bits:            380
   Number of public wires:          33
   Number of public wire bits:     234
   Number of memories:               0
   Number of memory bits:            0
   Number of processes:              0
   Number of cells:                285
     FDCE                          136
     INV                           138
     LUT2                            3
     LUT3                            4
     LUT4                            4

   Estimated number of LCs:          8

=== $paramod$0f56ade832962c6a2f949a6e2339b3e283aa214c\scaler_polyphase ===

   Number of wires:               6115
   Number of wire bits:          74290
   Number of public wires:        1457
   Number of public wire bits:   35230
   Number of memories:               0
   Number of memory bits:            0
   Number of processes:              0
   Number of cells:              29426
     $paramod$1a7e5605f84781269eb69d2e932a119099c35f26\banked_framebuf      1
     $paramod$85e300dc4af1b9cc2ed127750b28dd5868c65bf7\scaler_ctrl      1
     CARRY4                        892
     DSP48E1                       126
     FDCE                           93
     FDRE                        14573
     INV                           151
     LUT1                           36
     LUT2                         3326
     LUT3                         3252
     LUT4                           90
     LUT5                          243
     LUT6                         6317
     MUXF7                          72
     RAM64M                        252
     scaler_dda                      1

   Estimated number of LCs:       9902

=== $paramod$1a7e5605f84781269eb69d2e932a119099c35f26\banked_framebuf ===

   Number of wires:              15103
   Number of wire bits:          98218
   Number of public wires:         170
   Number of public wire bits:    3222
   Number of memories:               0
   Number of memory bits:            0
   Number of processes:              0
   Number of cells:              20268
     CARRY4                        401
     DSP48E1                         9
     FDRE                          484
     INV                            46
     LUT1                         3072
     LUT2                         1059
     LUT3                         3281
     LUT4                           64
     LUT5                           24
     LUT6                         6964
     MUXF7                        3072
     MUXF8                        1536
     RAMB36E1                      256

   Estimated number of LCs:      10714

=== $paramod$22b184c8b09b5b69755fa74a5884a8273e8154f8\axil_regbus ===

   Number of wires:                197
   Number of wire bits:            428
   Number of public wires:          33
   Number of public wire bits:     264
   Number of memories:               0
   Number of memory bits:            0
   Number of processes:              0
   Number of cells:                321
     FDCE                          154
     INV                           156
     LUT2                            3
     LUT3                            4
     LUT4                            4

   Estimated number of LCs:          8

=== $paramod$407b742f8224c6f0a71c2ae0cd1108164a052892\axil_split ===

   Number of wires:                199
   Number of wire bits:            681
   Number of public wires:          51
   Number of public wire bits:     483
   Number of memories:               0
   Number of memory bits:            0
   Number of processes:              0
   Number of cells:                312
     FDCE                          115
     FDPE                            2
     INV                           119
     LUT2                           20
     LUT3                           39
     LUT4                            7
     LUT5                            4
     LUT6                            6

   Estimated number of LCs:         56

=== $paramod$85e300dc4af1b9cc2ed127750b28dd5868c65bf7\scaler_ctrl ===

   Number of wires:                665
   Number of wire bits:           2386
   Number of public wires:          92
   Number of public wire bits:    1155
   Number of memories:               0
   Number of memory bits:            0
   Number of processes:              0
   Number of cells:               1081
     $paramod$22b184c8b09b5b69755fa74a5884a8273e8154f8\axil_regbus      1
     CARRY4                         27
     FDCE                          355
     FDPE                            6
     INV                           398
     LUT2                           57
     LUT3                           48
     LUT4                            7
     LUT5                           31
     LUT6                          137
     MUXF7                          12
     MUXF8                           2

   Estimated number of LCs:        224

=== $paramod$cc1761609c7f360cf3c9d173cc3bb99c2df7b917\scaler_lanczos ===

   Number of wires:                 29
   Number of wire bits:            168
   Number of public wires:          29
   Number of public wire bits:     168
   Number of memories:               0
   Number of memory bits:            0
   Number of processes:              0
   Number of cells:                  1
     $paramod$0f56ade832962c6a2f949a6e2339b3e283aa214c\scaler_polyphase      1

   Estimated number of LCs:          0

=== $paramod$cdaf7e0f11ffd730df60bde56c3cbbacee619f2a\sharpen_cas ===

   Number of wires:               3637
   Number of wire bits:          11934
   Number of public wires:         209
   Number of public wire bits:    2256
   Number of memories:               0
   Number of memory bits:            0
   Number of processes:              0
   Number of cells:               5720
     $paramod$01fd129ea6389d3819b5304ca3c73423f7b7ae88\axil_regbus      1
     CARRY4                        226
     DSP48E1                         9
     FDCE                          337
     FDPE                            6
     FDRE                         1115
     INV                           450
     LUT1                          288
     LUT2                          231
     LUT3                          806
     LUT4                          131
     LUT5                          118
     LUT6                         1242
     MUXF7                         509
     MUXF8                         243
     RAMB36E1                        8

   Estimated number of LCs:       2297

=== scaler_dda ===

   Number of wires:                270
   Number of wire bits:           1080
   Number of public wires:          24
   Number of public wire bits:     363
   Number of memories:               0
   Number of memory bits:            0
   Number of processes:              0
   Number of cells:                600
     CARRY4                         32
     FDCE                          165
     INV                           197
     LUT2                           69
     LUT3                           35
     LUT4                           46
     LUT6                           44
     MUXF7                           8
     MUXF8                           4

   Estimated number of LCs:        125

=== spatial_upscaler ===

   Number of wires:                 51
   Number of wire bits:            422
   Number of public wires:          51
   Number of public wire bits:     422
   Number of memories:               0
   Number of memory bits:            0
   Number of processes:              0
   Number of cells:                  3
     $paramod$407b742f8224c6f0a71c2ae0cd1108164a052892\axil_split      1
     $paramod$cc1761609c7f360cf3c9d173cc3bb99c2df7b917\scaler_lanczos      1
     $paramod$cdaf7e0f11ffd730df60bde56c3cbbacee619f2a\sharpen_cas      1

   Estimated number of LCs:          0

=== design hierarchy ===

   spatial_upscaler                  1
     $paramod$407b742f8224c6f0a71c2ae0cd1108164a052892\axil_split      1
     $paramod$cc1761609c7f360cf3c9d173cc3bb99c2df7b917\scaler_lanczos      1
       $paramod$0f56ade832962c6a2f949a6e2339b3e283aa214c\scaler_polyphase      1
         $paramod$1a7e5605f84781269eb69d2e932a119099c35f26\banked_framebuf      1
         $paramod$85e300dc4af1b9cc2ed127750b28dd5868c65bf7\scaler_ctrl      1
           $paramod$22b184c8b09b5b69755fa74a5884a8273e8154f8\axil_regbus      1
         scaler_dda                  1
     $paramod$cdaf7e0f11ffd730df60bde56c3cbbacee619f2a\sharpen_cas      1
       $paramod$01fd129ea6389d3819b5304ca3c73423f7b7ae88\axil_regbus      1

   Number of wires:              26445
   Number of wire bits:         189987
   Number of public wires:        2149
   Number of public wire bits:   43797
   Number of memories:               0
   Number of memory bits:            0
   Number of processes:              0
   Number of cells:              58008
     CARRY4                       1578
     DSP48E1                       144
     FDCE                         1355
     FDPE                           14
     FDRE                        16172
     INV                          1655
     LUT1                         3396
     LUT2                         4768
     LUT3                         7469
     LUT4                          353
     LUT5                          420
     LUT6                        14710
     MUXF7                        3673
     MUXF8                        1785
     RAM64M                        252
     RAMB36E1                      264

   Estimated number of LCs:      22952

