Module     : spatial_upscaler
Family     : xc7
Parameters : MAX_W=640 MAX_H=480
Tools      : Yosys 0.33, sv2v v0.0.12
Run time   : 227 s

Hierarchical utilization (Yosys synth_xilinx, totals include sub-instances)

Instance                                            LUT   LUTRAM       FF    CARRY     MUXF   BRAM36      DSP
-------------------------------------------------------------------------------------------------------------
spatial_upscaler                                  31116      252    17541     1578     5458    264.0      144
  (self)                                              0        0        0        0        0      0.0        0
  axil_split                                         76        0      117        0        0      0.0        0
  scaler_lanczos                                  28213      252    15830     1352     4706    256.0      135
    (self)                                            0        0        0        0        0      0.0        0
    scaler_polyphase                              28213      252    15830     1352     4706    256.0      135
      (self)                                      13264      252    14666      892       72      0.0      126
      banked_framebuf                             14464        0      484      401     4608    256.0        9
      scaler_ctrl                                   291        0      515       27       14      0.0        0
        (self)                                      280        0      361       27       14      0.0        0
        axil_regbus                                  11        0      154        0        0      0.0        0
      scaler_dda                                    194        0      165       32       12      0.0        0
  sharpen_cas                                      2827        0     1594      226      752      8.0        9
    (self)                                         2816        0     1458      226      752      8.0        9
    axil_regbus#2                                    11        0      136        0        0      0.0        0

LUT = LUT1..LUT6 used as logic; LUTRAM = distributed RAM + SRL; BRAM36 counts
RAMB36 as 1 and RAMB18 as 0.5. Yosys does not place or route, so these are
pre-implementation estimates (Vivado will typically optimise further).

Critical path (cell delays only, no routing): 3976 ps  (see timing.rpt)
