
20. Executing STA pass (static timing analysis).
Latest arrival time in 'axil_split' is 1760:
    1760 $auto$ff.cc:266:slice$2471 (FDCE.D)
           $abc$3288$auto$fsm_map.cc:170:map_fsm$1911[1]
    1760 $abc$3288$auto$blifparse.cc:525:parse_blif$3308 (LUT5.I0->O)
           $techmap3727$abc$3288$auto$blifparse.cc:525:parse_blif$3364.A [0]
    1129 $abc$3288$auto$blifparse.cc:525:parse_blif$3310 (LUT4.I2->O)
           \wsel
     891 $auto$ff.cc:266:slice$2747 (FDCE.CLR->Q)
           $abc$3288$auto$rtlil.cc:2600:NotGate$3193
     127 $abc$3288$auto$blifparse.cc:525:parse_blif$3437 (INV.I->O)
       0   \rst_n (<primary input>)

Arrival histogram:
 legend: * represents 1 endpoint(s)
         + represents [1,1) endpoint(s)
(  1780,   1691] |+
(  1691,   1602] |**+
(  1602,   1513] |**+
(  1513,   1424] |**+
(  1424,   1335] |*+
(  1335,   1246] |***+
(  1246,   1157] |+
(  1157,   1068] |*****+
(  1068,    979] |******************+
(   979,    890] |*****************************************************+
(   890,    801] | 
(   801,    712] | 
(   712,    623] | 
(   623,    534] | 
(   534,    445] |************************************************************ 
(   445,    356] | 
(   356,    267] | 
(   267,    178] | 
(   178,     89] | 
(    89,      0] |*********************************+
