
21. Executing STA pass (static timing analysis).
Warning: Module 'CARRY4' has no timing arcs!
Warning: Module 'MUXF8' has no timing arcs!
Warning: Module 'MUXF7' has no timing arcs!
Latest arrival time in 'scaler_anisotropic' is 4959:
    4959 (<unknown>)
Warning: Critical-path does not terminate in a recognised endpoint.
           $flatten\u_core.$auto$maccmap.cc:240:synth$20071.X [2]
    4959 $flatten\u_core.$abc$76848$auto$blifparse.cc:525:parse_blif$78862 (LUT6.I3->O)
           $flatten\u_core.$techmap86923$abc$76848$auto$blifparse.cc:525:parse_blif$78849.A [3]
    4552 $flatten\u_core.$abc$76848$auto$blifparse.cc:525:parse_blif$78853 (LUT6.I0->O)
           $flatten\u_core.$abc$76848$auto$blifparse.cc:525:parse_blif$78842.A [0]
    3910 $flatten\u_core.$abc$76848$auto$blifparse.cc:525:parse_blif$78843 (LUT6.I0->O)
           \u_core.g_lvl[3].u_fb.rd_win [0]
    3268 $flatten\u_core.\g_lvl[3].u_fb.$abc$73537$auto$blifparse.cc:525:parse_blif$73759 (LUT3.I0->O)
           $flatten\u_core.\g_lvl[3].u_fb.$techmap90934$abc$73537$auto$blifparse.cc:525:parse_blif$73687.A [0]
    2861 $flatten\u_core.\g_lvl[3].u_fb.$abc$73537$auto$blifparse.cc:525:parse_blif$73689 (LUT3.I0->O)
           \u_core.g_lvl[3].u_fb.bank_q[3] [0]
    2454 u_core.g_lvl[3].u_fb.g_by[1].g_bx[1].mem.0.0 (RAMB18E1.CLKBWRCLK->DOBDO)
       0   \clk (<primary input>)
Warning: Endpoint scaler_anisotropic.\u_core.g_lvl[0].u_fb.tsy[1] has no (* sta_arrival *) value.
Warning: Endpoint scaler_anisotropic.\u_core.g_lvl[0].u_fb.tsx[1] has no (* sta_arrival *) value.
Warning: Endpoint scaler_anisotropic.$flatten\u_core.\g_lvl[0].u_fb.$techmap11515$mul$/home/claude/scaler_ips/scaler_anisotropic/yosys/scaler_anisotropic.sv2v.v:811$4122.Y [10] has no (* sta_arrival *) value.
Warning: Endpoint scaler_anisotropic.$flatten\u_core.\g_lvl[0].u_fb.$techmap11515$mul$/home/claude/scaler_ips/scaler_anisotropic/yosys/scaler_anisotropic.sv2v.v:811$4122.Y [9] has no (* sta_arrival *) value.
Warning: Endpoint scaler_anisotropic.$flatten\u_core.\g_lvl[0].u_fb.$techmap11515$mul$/home/claude/scaler_ips/scaler_anisotropic/yosys/scaler_anisotropic.sv2v.v:811$4122.Y [8] has no (* sta_arrival *) value.
Warning: Endpoint scaler_anisotropic.$flatten\u_core.\g_lvl[0].u_fb.$techmap11515$mul$/home/claude/scaler_ips/scaler_anisotropic/yosys/scaler_anisotropic.sv2v.v:811$4122.Y [7] has no (* sta_arrival *) value.
Warning: Endpoint scaler_anisotropic.$flatten\u_core.\g_lvl[0].u_fb.$techmap11515$mul$/home/claude/scaler_ips/scaler_anisotropic/yosys/scaler_anisotropic.sv2v.v:811$4122.Y [6] has no (* sta_arrival *) value.
Warning: Endpoint scaler_anisotropic.$flatten\u_core.\g_lvl[0].u_fb.$techmap11515$mul$/home/claude/scaler_ips/scaler_anisotropic/yosys/scaler_anisotropic.sv2v.v:811$4122.Y [5] has no (* sta_arrival *) value.
Warning: Endpoint scaler_anisotropic.$flatten\u_core.\g_lvl[0].u_fb.$techmap11515$mul$/home/claude/scaler_ips/scaler_anisotropic/yosys/scaler_anisotropic.sv2v.v:811$4122.Y [4] has no (* sta_arrival *) value.
Warning: Endpoint scaler_anisotropic.$flatten\u_core.\g_lvl[0].u_fb.$techmap11515$mul$/home/claude/scaler_ips/scaler_anisotropic/yosys/scaler_anisotropic.sv2v.v:811$4122.Y [3] has no (* sta_arrival *) value.
Warning: Endpoint scaler_anisotropic.$flatten\u_core.\g_lvl[0].u_fb.$techmap11515$mul$/home/claude/scaler_ips/scaler_anisotropic/yosys/scaler_anisotropic.sv2v.v:811$4122.Y [2] has no (* sta_arrival *) value.
Warning: Endpoint scaler_anisotropic.$flatten\u_core.\g_lvl[0].u_fb.$techmap11515$mul$/home/claude/scaler_ips/scaler_anisotropic/yosys/scaler_anisotropic.sv2v.v:811$4122.Y [1] has no (* sta_arrival *) value.
Warning: Endpoint scaler_anisotropic.$flatten\u_core.\g_lvl[0].u_fb.$techmap11515$mul$/home/claude/scaler_ips/scaler_anisotropic/yosys/scaler_anisotropic.sv2v.v:811$4122.Y [0] has no (* sta_arrival *) value.
Warning: Endpoint scaler_anisotropic.$flatten\u_core.\g_lvl[0].u_fb.$techmap11514$mul$/home/claude/scaler_ips/scaler_anisotropic/yosys/scaler_anisotropic.sv2v.v:811$4116.Y [10] has no (* sta_arrival *) value.
Warning: Endpoint scaler_anisotropic.$flatten\u_core.\g_lvl[0].u_fb.$techmap11514$mul$/home/claude/scaler_ips/scaler_anisotropic/yosys/scaler_anisotropic.sv2v.v:811$4116.Y [9] has no (* sta_arrival *) value.
Warning: Endpoint scaler_anisotropic.$flatten\u_core.\g_lvl[0].u_fb.$techmap11514$mul$/home/claude/scaler_ips/scaler_anisotropic/yosys/scaler_anisotropic.sv2v.v:811$4116.Y [8] has no (* sta_arrival *) value.
Warning: Endpoint scaler_anisotropic.$flatten\u_core.\g_lvl[0].u_fb.$techmap11514$mul$/home/claude/scaler_ips/scaler_anisotropic/yosys/scaler_anisotropic.sv2v.v:811$4116.Y [7] has no (* sta_arrival *) value.
Warning: Endpoint scaler_anisotropic.$flatten\u_core.\g_lvl[0].u_fb.$techmap11514$mul$/home/claude/scaler_ips/scaler_anisotropic/yosys/scaler_anisotropic.sv2v.v:811$4116.Y [6] has no (* sta_arrival *) value.
Warning: Endpoint scaler_anisotropic.$flatten\u_core.\g_lvl[0].u_fb.$techmap11514$mul$/home/claude/scaler_ips/scaler_anisotropic/yosys/scaler_anisotropic.sv2v.v:811$4116.Y [5] has no (* sta_arrival *) value.
Warning: Endpoint scaler_anisotropic.$flatten\u_core.\g_lvl[0].u_fb.$techmap11514$mul$/home/claude/scaler_ips/scaler_anisotropic/yosys/scaler_anisotropic.sv2v.v:811$4116.Y [4] has no (* sta_arrival *) value.
Warning: Endpoint scaler_anisotropic.$flatten\u_core.\g_lvl[0].u_fb.$techmap11514$mul$/home/claude/scaler_ips/scaler_anisotropic/yosys/scaler_anisotropic.sv2v.v:811$4116.Y [3] has no (* sta_arrival *) value.
Warning: Endpoint scaler_anisotropic.$flatten\u_core.\g_lvl[0].u_fb.$techmap11514$mul$/home/claude/scaler_ips/scaler_anisotropic/yosys/scaler_anisotropic.sv2v.v:811$4116.Y [2] has no (* sta_arrival *) value.
Warning: Endpoint scaler_anisotropic.$flatten\u_core.\g_lvl[0].u_fb.$techmap11514$mul$/home/claude/scaler_ips/scaler_anisotropic/yosys/scaler_anisotropic.sv2v.v:811$4116.Y [1] has no (* sta_arrival *) value.
Warning: Endpoint scaler_anisotropic.$flatten\u_core.\g_lvl[0].u_fb.$techmap11514$mul$/home/claude/scaler_ips/scaler_anisotropic/yosys/scaler_anisotropic.sv2v.v:811$4116.Y [0] has no (* sta_arrival *) value.
Warning: Endpoint scaler_anisotropic.\u_core.g_lvl[0].u_fb.bcx[1] [15] has no (* sta_arrival *) value.
Warning: Endpoint scaler_anisotropic.\u_core.g_lvl[0].u_fb.bcx[1] [14] has no (* sta_arrival *) value.
Warning: Endpoint scaler_anisotropic.\u_core.g_lvl[0].u_fb.bcx[1] [13] has no (* sta_arrival *) value.
Warning: Endpoint scaler_anisotropic.\u_core.g_lvl[0].u_fb.bcx[1] [12] has no (* sta_arrival *) value.
Warning: Endpoint scaler_anisotropic.\u_core.g_lvl[0].u_fb.bcx[1] [11] has no (* sta_arrival *) value.
Warning: Endpoint scaler_anisotropic.\u_core.g_lvl[0].u_fb.bcx[1] [10] has no (* sta_arrival *) value.
Warning: Endpoint scaler_anisotropic.\u_core.g_lvl[0].u_fb.bcx[1] [9] has no (* sta_arrival *) value.
Warning: Endpoint scaler_anisotropic.\u_core.g_lvl[0].u_fb.bcx[1] [8] has no (* sta_arrival *) value.
Warning: Endpoint scaler_anisotropic.\u_core.g_lvl[0].u_fb.bcx[1] [7] has no (* sta_arrival *) value.
Warning: Endpoint scaler_anisotropic.\u_core.g_lvl[0].u_fb.bcx[1] [6] has no (* sta_arrival *) value.
Warning: Endpoint scaler_anisotropic.\u_core.g_lvl[0].u_fb.bcx[1] [5] has no (* sta_arrival *) value.
Warning: Endpoint scaler_anisotropic.\u_core.g_lvl[0].u_fb.bcx[1] [4] has no (* sta_arrival *) value.
Warning: Endpoint scaler_anisotropic.\u_core.g_lvl[0].u_fb.bcx[1] [3] has no (* sta_arrival *) value.
Warning: Endpoint scaler_anisotropic.\u_core.g_lvl[0].u_fb.bcx[1] [2] has no (* sta_arrival *) value.
Warning: Endpoint scaler_anisotropic.\u_core.g_lvl[0].u_fb.bcx[1] [1] has no (* sta_arrival *) value.
Warning: Endpoint scaler_anisotropic.\u_core.g_lvl[0].u_fb.bcx[0] [15] has no (* sta_arrival *) value.
Warning: Endpoint scaler_anisotropic.\u_core.g_lvl[0].u_fb.bcx[0] [14] has no (* sta_arrival *) value.
Warning: Endpoint scaler_anisotropic.\u_core.g_lvl[0].u_fb.bcx[0] [13] has no (* sta_arrival *) value.
Warning: Endpoint scaler_anisotropic.\u_core.g_lvl[0].u_fb.bcx[0] [12] has no (* sta_arrival *) value.
Warning: Endpoint scaler_anisotropic.\u_core.g_lvl[0].u_fb.bcx[0] [11] has no (* sta_arrival *) value.
Warning: Endpoint scaler_anisotropic.\u_core.g_lvl[0].u_fb.bcx[0] [10] has no (* sta_arrival *) value.
Warning: Endpoint scaler_anisotropic.\u_core.g_lvl[0].u_fb.bcx[0] [9] has no (* sta_arrival *) value.
Warning: Endpoint scaler_anisotropic.\u_core.g_lvl[0].u_fb.bcx[0] [8] has no (* sta_arrival *) value.
Warning: Endpoint scaler_anisotropic.\u_core.g_lvl[0].u_fb.bcx[0] [7] has no (* sta_arrival *) value.
Warning: Endpoint scaler_anisotropic.\u_core.g_lvl[0].u_fb.bcx[0] [6] has no (* sta_arrival *) value.
Warning: Endpoint scaler_anisotropic.\u_core.g_lvl[0].u_fb.bcx[0] [5] has no (* sta_arrival *) value.
Warning: Endpoint scaler_anisotropic.\u_core.g_lvl[0].u_fb.bcx[0] [4] has no (* sta_arrival *) value.
Warning: Endpoint scaler_anisotropic.\u_core.g_lvl[0].u_fb.bcx[0] [3] has no (* sta_arrival *) value.
Warning: Endpoint scaler_anisotropic.\u_core.g_lvl[0].u_fb.bcx[0] [2] has no (* sta_arrival *) value.
Warning: Endpoint scaler_anisotropic.\u_core.g_lvl[0].u_fb.bcx[0] [1] has no (* sta_arrival *) value.
Warning: Endpoint scaler_anisotropic.\u_core.g_lvl[1].u_fb.tsy[1] has no (* sta_arrival *) value.
Warning: Endpoint scaler_anisotropic.\u_core.g_lvl[1].u_fb.tsx[1] has no (* sta_arrival *) value.
Warning: Endpoint scaler_anisotropic.$flatten\u_core.\g_lvl[1].u_fb.$techmap11539$mul$/home/claude/scaler_ips/scaler_anisotropic/yosys/scaler_anisotropic.sv2v.v:811$3778.Y [9] has no (* sta_arrival *) value.
Warning: Endpoint scaler_anisotropic.$flatten\u_core.\g_lvl[1].u_fb.$techmap11539$mul$/home/claude/scaler_ips/scaler_anisotropic/yosys/scaler_anisotropic.sv2v.v:811$3778.Y [8] has no (* sta_arrival *) value.
Warning: Endpoint scaler_anisotropic.$flatten\u_core.\g_lvl[1].u_fb.$techmap11539$mul$/home/claude/scaler_ips/scaler_anisotropic/yosys/scaler_anisotropic.sv2v.v:811$3778.Y [7] has no (* sta_arrival *) value.
Warning: Endpoint scaler_anisotropic.$flatten\u_core.\g_lvl[1].u_fb.$techmap11539$mul$/home/claude/scaler_ips/scaler_anisotropic/yosys/scaler_anisotropic.sv2v.v:811$3778.Y [6] has no (* sta_arrival *) value.
Warning: Endpoint scaler_anisotropic.$flatten\u_core.\g_lvl[1].u_fb.$techmap11539$mul$/home/claude/scaler_ips/scaler_anisotropic/yosys/scaler_anisotropic.sv2v.v:811$3778.Y [5] has no (* sta_arrival *) value.
Warning: Endpoint scaler_anisotropic.$flatten\u_core.\g_lvl[1].u_fb.$techmap11539$mul$/home/claude/scaler_ips/scaler_anisotropic/yosys/scaler_anisotropic.sv2v.v:811$3778.Y [4] has no (* sta_arrival *) value.
Warning: Endpoint scaler_anisotropic.$flatten\u_core.\g_lvl[1].u_fb.$techmap11539$mul$/home/claude/scaler_ips/scaler_anisotropic/yosys/scaler_anisotropic.sv2v.v:811$3778.Y [3] has no (* sta_arrival *) value.
Warning: Endpoint scaler_anisotropic.$flatten\u_core.\g_lvl[1].u_fb.$techmap11539$mul$/home/claude/scaler_ips/scaler_anisotropic/yosys/scaler_anisotropic.sv2v.v:811$3778.Y [2] has no (* sta_arrival *) value.
Warning: Endpoint scaler_anisotropic.$flatten\u_core.\g_lvl[1].u_fb.$techmap11539$mul$/home/claude/scaler_ips/scaler_anisotropic/yosys/scaler_anisotropic.sv2v.v:811$3778.Y [1] has no (* sta_arrival *) value.
Warning: Endpoint scaler_anisotropic.$flatten\u_core.\g_lvl[1].u_fb.$techmap11539$mul$/home/claude/scaler_ips/scaler_anisotropic/yosys/scaler_anisotropic.sv2v.v:811$3778.Y [0] has no (* sta_arrival *) value.
Warning: Endpoint scaler_anisotropic.\u_core.g_lvl[1].u_fb.bcx[1] [15] has no (* sta_arrival *) value.
Warning: Endpoint scaler_anisotropic.\u_core.g_lvl[1].u_fb.bcx[1] [14] has no (* sta_arrival *) value.
Warning: Endpoint scaler_anisotropic.\u_core.g_lvl[1].u_fb.bcx[1] [13] has no (* sta_arrival *) value.
Warning: Endpoint scaler_anisotropic.\u_core.g_lvl[1].u_fb.bcx[1] [12] has no (* sta_arrival *) value.
Warning: Endpoint scaler_anisotropic.\u_core.g_lvl[1].u_fb.bcx[1] [11] has no (* sta_arrival *) value.
Warning: Endpoint scaler_anisotropic.\u_core.g_lvl[1].u_fb.bcx[1] [10] has no (* sta_arrival *) value.
Warning: Endpoint scaler_anisotropic.\u_core.g_lvl[1].u_fb.bcx[1] [9] has no (* sta_arrival *) value.
Warning: Endpoint scaler_anisotropic.\u_core.g_lvl[1].u_fb.bcx[1] [8] has no (* sta_arrival *) value.
Warning: Endpoint scaler_anisotropic.\u_core.g_lvl[1].u_fb.bcx[1] [7] has no (* sta_arrival *) value.
Warning: Endpoint scaler_anisotropic.\u_core.g_lvl[1].u_fb.bcx[1] [6] has no (* sta_arrival *) value.
Warning: Endpoint scaler_anisotropic.\u_core.g_lvl[1].u_fb.bcx[1] [5] has no (* sta_arrival *) value.
Warning: Endpoint scaler_anisotropic.\u_core.g_lvl[1].u_fb.bcx[1] [4] has no (* sta_arrival *) value.
Warning: Endpoint scaler_anisotropic.\u_core.g_lvl[1].u_fb.bcx[1] [3] has no (* sta_arrival *) value.
Warning: Endpoint scaler_anisotropic.\u_core.g_lvl[1].u_fb.bcx[1] [2] has no (* sta_arrival *) value.
Warning: Endpoint scaler_anisotropic.\u_core.g_lvl[1].u_fb.bcx[1] [1] has no (* sta_arrival *) value.
Warning: Endpoint scaler_anisotropic.\u_core.g_lvl[1].u_fb.bcx[0] [15] has no (* sta_arrival *) value.
Warning: Endpoint scaler_anisotropic.\u_core.g_lvl[1].u_fb.bcx[0] [14] has no (* sta_arrival *) value.
Warning: Endpoint scaler_anisotropic.\u_core.g_lvl[1].u_fb.bcx[0] [13] has no (* sta_arrival *) value.
Warning: Endpoint scaler_anisotropic.\u_core.g_lvl[1].u_fb.bcx[0] [12] has no (* sta_arrival *) value.
Warning: Endpoint scaler_anisotropic.\u_core.g_lvl[1].u_fb.bcx[0] [11] has no (* sta_arrival *) value.
Warning: Endpoint scaler_anisotropic.\u_core.g_lvl[1].u_fb.bcx[0] [10] has no (* sta_arrival *) value.
Warning: Endpoint scaler_anisotropic.\u_core.g_lvl[1].u_fb.bcx[0] [9] has no (* sta_arrival *) value.
Warning: Endpoint scaler_anisotropic.\u_core.g_lvl[1].u_fb.bcx[0] [8] has no (* sta_arrival *) value.
Warning: Endpoint scaler_anisotropic.\u_core.g_lvl[1].u_fb.bcx[0] [7] has no (* sta_arrival *) value.
Warning: Endpoint scaler_anisotropic.\u_core.g_lvl[1].u_fb.bcx[0] [6] has no (* sta_arrival *) value.
Warning: Endpoint scaler_anisotropic.\u_core.g_lvl[1].u_fb.bcx[0] [5] has no (* sta_arrival *) value.
Warning: Endpoint scaler_anisotropic.\u_core.g_lvl[1].u_fb.bcx[0] [4] has no (* sta_arrival *) value.
Warning: Endpoint scaler_anisotropic.\u_core.g_lvl[1].u_fb.bcx[0] [3] has no (* sta_arrival *) value.
Warning: Endpoint scaler_anisotropic.\u_core.g_lvl[1].u_fb.bcx[0] [2] has no (* sta_arrival *) value.
Warning: Endpoint scaler_anisotropic.\u_core.g_lvl[1].u_fb.bcx[0] [1] has no (* sta_arrival *) value.
Warning: Endpoint scaler_anisotropic.$flatten\u_core.\g_lvl[1].u_fb.$techmap11538$mul$/home/claude/scaler_ips/scaler_anisotropic/yosys/scaler_anisotropic.sv2v.v:811$3772.Y [9] has no (* sta_arrival *) value.
Warning: Endpoint scaler_anisotropic.$flatten\u_core.\g_lvl[1].u_fb.$techmap11538$mul$/home/claude/scaler_ips/scaler_anisotropic/yosys/scaler_anisotropic.sv2v.v:811$3772.Y [8] has no (* sta_arrival *) value.
Warning: Endpoint scaler_anisotropic.$flatten\u_core.\g_lvl[1].u_fb.$techmap11538$mul$/home/claude/scaler_ips/scaler_anisotropic/yosys/scaler_anisotropic.sv2v.v:811$3772.Y [7] has no (* sta_arrival *) value.
Warning: Endpoint scaler_anisotropic.$flatten\u_core.\g_lvl[1].u_fb.$techmap11538$mul$/home/claude/scaler_ips/scaler_anisotropic/yosys/scaler_anisotropic.sv2v.v:811$3772.Y [6] has no (* sta_arrival *) value.
Warning: Endpoint scaler_anisotropic.$flatten\u_core.\g_lvl[1].u_fb.$techmap11538$mul$/home/claude/scaler_ips/scaler_anisotropic/yosys/scaler_anisotropic.sv2v.v:811$3772.Y [5] has no (* sta_arrival *) value.
Warning: Endpoint scaler_anisotropic.$flatten\u_core.\g_lvl[1].u_fb.$techmap11538$mul$/home/claude/scaler_ips/scaler_anisotropic/yosys/scaler_anisotropic.sv2v.v:811$3772.Y [4] has no (* sta_arrival *) value.
Warning: Endpoint scaler_anisotropic.$flatten\u_core.\g_lvl[1].u_fb.$techmap11538$mul$/home/claude/scaler_ips/scaler_anisotropic/yosys/scaler_anisotropic.sv2v.v:811$3772.Y [3] has no (* sta_arrival *) value.
Warning: Endpoint scaler_anisotropic.$flatten\u_core.\g_lvl[1].u_fb.$techmap11538$mul$/home/claude/scaler_ips/scaler_anisotropic/yosys/scaler_anisotropic.sv2v.v:811$3772.Y [2] has no (* sta_arrival *) value.
Warning: Endpoint scaler_anisotropic.$flatten\u_core.\g_lvl[1].u_fb.$techmap11538$mul$/home/claude/scaler_ips/scaler_anisotropic/yosys/scaler_anisotropic.sv2v.v:811$3772.Y [1] has no (* sta_arrival *) value.
Warning: Endpoint scaler_anisotropic.$flatten\u_core.\g_lvl[1].u_fb.$techmap11538$mul$/home/claude/scaler_ips/scaler_anisotropic/yosys/scaler_anisotropic.sv2v.v:811$3772.Y [0] has no (* sta_arrival *) value.
Warning: Endpoint scaler_anisotropic.\u_core.g_lvl[2].u_fb.tsy[1] has no (* sta_arrival *) value.
Warning: Endpoint scaler_anisotropic.\u_core.g_lvl[2].u_fb.tsx[1] has no (* sta_arrival *) value.
Warning: Endpoint scaler_anisotropic.$flatten\u_core.\g_lvl[2].u_fb.$techmap11527$mul$/home/claude/scaler_ips/scaler_anisotropic/yosys/scaler_anisotropic.sv2v.v:811$3434.Y [8] has no (* sta_arrival *) value.
Warning: Endpoint scaler_anisotropic.$flatten\u_core.\g_lvl[2].u_fb.$techmap11527$mul$/home/claude/scaler_ips/scaler_anisotropic/yosys/scaler_anisotropic.sv2v.v:811$3434.Y [7] has no (* sta_arrival *) value.
Warning: Endpoint scaler_anisotropic.$flatten\u_core.\g_lvl[2].u_fb.$techmap11527$mul$/home/claude/scaler_ips/scaler_anisotropic/yosys/scaler_anisotropic.sv2v.v:811$3434.Y [6] has no (* sta_arrival *) value.
Warning: Endpoint scaler_anisotropic.$flatten\u_core.\g_lvl[2].u_fb.$techmap11527$mul$/home/claude/scaler_ips/scaler_anisotropic/yosys/scaler_anisotropic.sv2v.v:811$3434.Y [5] has no (* sta_arrival *) value.
Warning: Endpoint scaler_anisotropic.$flatten\u_core.\g_lvl[2].u_fb.$techmap11527$mul$/home/claude/scaler_ips/scaler_anisotropic/yosys/scaler_anisotropic.sv2v.v:811$3434.Y [4] has no (* sta_arrival *) value.
Warning: Endpoint scaler_anisotropic.$flatten\u_core.\g_lvl[2].u_fb.$techmap11527$mul$/home/claude/scaler_ips/scaler_anisotropic/yosys/scaler_anisotropic.sv2v.v:811$3434.Y [3] has no (* sta_arrival *) value.
Warning: Endpoint scaler_anisotropic.$flatten\u_core.\g_lvl[2].u_fb.$techmap11527$mul$/home/claude/scaler_ips/scaler_anisotropic/yosys/scaler_anisotropic.sv2v.v:811$3434.Y [2] has no (* sta_arrival *) value.
Warning: Endpoint scaler_anisotropic.$flatten\u_core.\g_lvl[2].u_fb.$techmap11527$mul$/home/claude/scaler_ips/scaler_anisotropic/yosys/scaler_anisotropic.sv2v.v:811$3434.Y [1] has no (* sta_arrival *) value.
Warning: Endpoint scaler_anisotropic.$flatten\u_core.\g_lvl[2].u_fb.$techmap11527$mul$/home/claude/scaler_ips/scaler_anisotropic/yosys/scaler_anisotropic.sv2v.v:811$3434.Y [0] has no (* sta_arrival *) value.
Warning: Endpoint scaler_anisotropic.\u_core.g_lvl[2].u_fb.bcx[1] [13] has no (* sta_arrival *) value.
Warning: Endpoint scaler_anisotropic.\u_core.g_lvl[2].u_fb.bcx[1] [12] has no (* sta_arrival *) value.
Warning: Endpoint scaler_anisotropic.\u_core.g_lvl[2].u_fb.bcx[1] [11] has no (* sta_arrival *) value.
Warning: Endpoint scaler_anisotropic.\u_core.g_lvl[2].u_fb.bcx[1] [10] has no (* sta_arrival *) value.
Warning: Endpoint scaler_anisotropic.\u_core.g_lvl[2].u_fb.bcx[1] [9] has no (* sta_arrival *) value.
Warning: Endpoint scaler_anisotropic.\u_core.g_lvl[2].u_fb.bcx[1] [8] has no (* sta_arrival *) value.
Warning: Endpoint scaler_anisotropic.\u_core.g_lvl[2].u_fb.bcx[1] [7] has no (* sta_arrival *) value.
Warning: Endpoint scaler_anisotropic.\u_core.g_lvl[2].u_fb.bcx[1] [6] has no (* sta_arrival *) value.
Warning: Endpoint scaler_anisotropic.\u_core.g_lvl[2].u_fb.bcx[1] [5] has no (* sta_arrival *) value.
Warning: Endpoint scaler_anisotropic.\u_core.g_lvl[2].u_fb.bcx[1] [4] has no (* sta_arrival *) value.
Warning: Endpoint scaler_anisotropic.\u_core.g_lvl[2].u_fb.bcx[1] [3] has no (* sta_arrival *) value.
Warning: Endpoint scaler_anisotropic.\u_core.g_lvl[2].u_fb.bcx[1] [2] has no (* sta_arrival *) value.
Warning: Endpoint scaler_anisotropic.\u_core.g_lvl[2].u_fb.bcx[1] [1] has no (* sta_arrival *) value.
Warning: Endpoint scaler_anisotropic.\u_core.g_lvl[2].u_fb.bcx[0] [13] has no (* sta_arrival *) value.
Warning: Endpoint scaler_anisotropic.\u_core.g_lvl[2].u_fb.bcx[0] [12] has no (* sta_arrival *) value.
Warning: Endpoint scaler_anisotropic.\u_core.g_lvl[2].u_fb.bcx[0] [11] has no (* sta_arrival *) value.
Warning: Endpoint scaler_anisotropic.\u_core.g_lvl[2].u_fb.bcx[0] [10] has no (* sta_arrival *) value.
Warning: Endpoint scaler_anisotropic.\u_core.g_lvl[2].u_fb.bcx[0] [9] has no (* sta_arrival *) value.
Warning: Endpoint scaler_anisotropic.\u_core.g_lvl[2].u_fb.bcx[0] [8] has no (* sta_arrival *) value.
Warning: Endpoint scaler_anisotropic.\u_core.g_lvl[2].u_fb.bcx[0] [7] has no (* sta_arrival *) value.
Warning: Endpoint scaler_anisotropic.\u_core.g_lvl[2].u_fb.bcx[0] [6] has no (* sta_arrival *) value.
Warning: Endpoint scaler_anisotropic.\u_core.g_lvl[2].u_fb.bcx[0] [5] has no (* sta_arrival *) value.
Warning: Endpoint scaler_anisotropic.\u_core.g_lvl[2].u_fb.bcx[0] [4] has no (* sta_arrival *) value.
Warning: Endpoint scaler_anisotropic.\u_core.g_lvl[2].u_fb.bcx[0] [3] has no (* sta_arrival *) value.
Warning: Endpoint scaler_anisotropic.\u_core.g_lvl[2].u_fb.bcx[0] [2] has no (* sta_arrival *) value.
Warning: Endpoint scaler_anisotropic.\u_core.g_lvl[2].u_fb.bcx[0] [1] has no (* sta_arrival *) value.
Warning: Endpoint scaler_anisotropic.$flatten\u_core.\g_lvl[2].u_fb.$techmap11526$mul$/home/claude/scaler_ips/scaler_anisotropic/yosys/scaler_anisotropic.sv2v.v:811$3428.Y [8] has no (* sta_arrival *) value.
Warning: Endpoint scaler_anisotropic.$flatten\u_core.\g_lvl[2].u_fb.$techmap11526$mul$/home/claude/scaler_ips/scaler_anisotropic/yosys/scaler_anisotropic.sv2v.v:811$3428.Y [7] has no (* sta_arrival *) value.
Warning: Endpoint scaler_anisotropic.$flatten\u_core.\g_lvl[2].u_fb.$techmap11526$mul$/home/claude/scaler_ips/scaler_anisotropic/yosys/scaler_anisotropic.sv2v.v:811$3428.Y [6] has no (* sta_arrival *) value.
Warning: Endpoint scaler_anisotropic.$flatten\u_core.\g_lvl[2].u_fb.$techmap11526$mul$/home/claude/scaler_ips/scaler_anisotropic/yosys/scaler_anisotropic.sv2v.v:811$3428.Y [5] has no (* sta_arrival *) value.
Warning: Endpoint scaler_anisotropic.$flatten\u_core.\g_lvl[2].u_fb.$techmap11526$mul$/home/claude/scaler_ips/scaler_anisotropic/yosys/scaler_anisotropic.sv2v.v:811$3428.Y [4] has no (* sta_arrival *) value.
Warning: Endpoint scaler_anisotropic.$flatten\u_core.\g_lvl[2].u_fb.$techmap11526$mul$/home/claude/scaler_ips/scaler_anisotropic/yosys/scaler_anisotropic.sv2v.v:811$3428.Y [3] has no (* sta_arrival *) value.
Warning: Endpoint scaler_anisotropic.$flatten\u_core.\g_lvl[2].u_fb.$techmap11526$mul$/home/claude/scaler_ips/scaler_anisotropic/yosys/scaler_anisotropic.sv2v.v:811$3428.Y [2] has no (* sta_arrival *) value.
Warning: Endpoint scaler_anisotropic.$flatten\u_core.\g_lvl[2].u_fb.$techmap11526$mul$/home/claude/scaler_ips/scaler_anisotropic/yosys/scaler_anisotropic.sv2v.v:811$3428.Y [1] has no (* sta_arrival *) value.
Warning: Endpoint scaler_anisotropic.$flatten\u_core.\g_lvl[2].u_fb.$techmap11526$mul$/home/claude/scaler_ips/scaler_anisotropic/yosys/scaler_anisotropic.sv2v.v:811$3428.Y [0] has no (* sta_arrival *) value.
Warning: Endpoint scaler_anisotropic.\u_core.g_lvl[3].u_fb.tsy[1] has no (* sta_arrival *) value.
Warning: Endpoint scaler_anisotropic.\u_core.g_lvl[3].u_fb.tsx[1] has no (* sta_arrival *) value.
Warning: Endpoint scaler_anisotropic.\u_core.g_lvl[3].u_fb.bcx[1] [11] has no (* sta_arrival *) value.
Warning: Endpoint scaler_anisotropic.\u_core.g_lvl[3].u_fb.bcx[1] [10] has no (* sta_arrival *) value.
Warning: Endpoint scaler_anisotropic.\u_core.g_lvl[3].u_fb.bcx[1] [9] has no (* sta_arrival *) value.
Warning: Endpoint scaler_anisotropic.\u_core.g_lvl[3].u_fb.bcx[1] [8] has no (* sta_arrival *) value.
Warning: Endpoint scaler_anisotropic.\u_core.g_lvl[3].u_fb.bcx[1] [7] has no (* sta_arrival *) value.
Warning: Endpoint scaler_anisotropic.\u_core.g_lvl[3].u_fb.bcx[1] [6] has no (* sta_arrival *) value.
Warning: Endpoint scaler_anisotropic.\u_core.g_lvl[3].u_fb.bcx[1] [5] has no (* sta_arrival *) value.
Warning: Endpoint scaler_anisotropic.\u_core.g_lvl[3].u_fb.bcx[1] [4] has no (* sta_arrival *) value.
Warning: Endpoint scaler_anisotropic.\u_core.g_lvl[3].u_fb.bcx[1] [3] has no (* sta_arrival *) value.
Warning: Endpoint scaler_anisotropic.\u_core.g_lvl[3].u_fb.bcx[1] [2] has no (* sta_arrival *) value.
Warning: Endpoint scaler_anisotropic.\u_core.g_lvl[3].u_fb.bcx[1] [1] has no (* sta_arrival *) value.
Warning: Endpoint scaler_anisotropic.\u_core.g_lvl[3].u_fb.bcx[0] [11] has no (* sta_arrival *) value.
Warning: Endpoint scaler_anisotropic.\u_core.g_lvl[3].u_fb.bcx[0] [10] has no (* sta_arrival *) value.
Warning: Endpoint scaler_anisotropic.\u_core.g_lvl[3].u_fb.bcx[0] [9] has no (* sta_arrival *) value.
Warning: Endpoint scaler_anisotropic.\u_core.g_lvl[3].u_fb.bcx[0] [8] has no (* sta_arrival *) value.
Warning: Endpoint scaler_anisotropic.\u_core.g_lvl[3].u_fb.bcx[0] [7] has no (* sta_arrival *) value.
Warning: Endpoint scaler_anisotropic.\u_core.g_lvl[3].u_fb.bcx[0] [6] has no (* sta_arrival *) value.
Warning: Endpoint scaler_anisotropic.\u_core.g_lvl[3].u_fb.bcx[0] [5] has no (* sta_arrival *) value.
Warning: Endpoint scaler_anisotropic.\u_core.g_lvl[3].u_fb.bcx[0] [4] has no (* sta_arrival *) value.
Warning: Endpoint scaler_anisotropic.\u_core.g_lvl[3].u_fb.bcx[0] [3] has no (* sta_arrival *) value.
Warning: Endpoint scaler_anisotropic.\u_core.g_lvl[3].u_fb.bcx[0] [2] has no (* sta_arrival *) value.
Warning: Endpoint scaler_anisotropic.\u_core.g_lvl[3].u_fb.bcx[0] [1] has no (* sta_arrival *) value.
Warning: Endpoint scaler_anisotropic.\u_core.g_lvl[4].u_fb.tsy[1] has no (* sta_arrival *) value.
Warning: Endpoint scaler_anisotropic.\u_core.g_lvl[4].u_fb.tsx[1] has no (* sta_arrival *) value.
Warning: Endpoint scaler_anisotropic.\u_core.g_lvl[4].u_fb.bcx[1] [9] has no (* sta_arrival *) value.
Warning: Endpoint scaler_anisotropic.\u_core.g_lvl[4].u_fb.bcx[1] [8] has no (* sta_arrival *) value.
Warning: Endpoint scaler_anisotropic.\u_core.g_lvl[4].u_fb.bcx[1] [7] has no (* sta_arrival *) value.
Warning: Endpoint scaler_anisotropic.\u_core.g_lvl[4].u_fb.bcx[1] [6] has no (* sta_arrival *) value.
Warning: Endpoint scaler_anisotropic.\u_core.g_lvl[4].u_fb.bcx[1] [5] has no (* sta_arrival *) value.
Warning: Endpoint scaler_anisotropic.\u_core.g_lvl[4].u_fb.bcx[1] [4] has no (* sta_arrival *) value.
Warning: Endpoint scaler_anisotropic.\u_core.g_lvl[4].u_fb.bcx[1] [3] has no (* sta_arrival *) value.
Warning: Endpoint scaler_anisotropic.\u_core.g_lvl[4].u_fb.bcx[1] [2] has no (* sta_arrival *) value.
Warning: Endpoint scaler_anisotropic.\u_core.g_lvl[4].u_fb.bcx[1] [1] has no (* sta_arrival *) value.
Warning: Endpoint scaler_anisotropic.\u_core.g_lvl[4].u_fb.bcx[0] [9] has no (* sta_arrival *) value.
Warning: Endpoint scaler_anisotropic.\u_core.g_lvl[4].u_fb.bcx[0] [8] has no (* sta_arrival *) value.
Warning: Endpoint scaler_anisotropic.\u_core.g_lvl[4].u_fb.bcx[0] [7] has no (* sta_arrival *) value.
Warning: Endpoint scaler_anisotropic.\u_core.g_lvl[4].u_fb.bcx[0] [6] has no (* sta_arrival *) value.
Warning: Endpoint scaler_anisotropic.\u_core.g_lvl[4].u_fb.bcx[0] [5] has no (* sta_arrival *) value.
Warning: Endpoint scaler_anisotropic.\u_core.g_lvl[4].u_fb.bcx[0] [4] has no (* sta_arrival *) value.
Warning: Endpoint scaler_anisotropic.\u_core.g_lvl[4].u_fb.bcx[0] [3] has no (* sta_arrival *) value.
Warning: Endpoint scaler_anisotropic.\u_core.g_lvl[4].u_fb.bcx[0] [2] has no (* sta_arrival *) value.
Warning: Endpoint scaler_anisotropic.\u_core.g_lvl[4].u_fb.bcx[0] [1] has no (* sta_arrival *) value.

Arrival histogram:
 legend: * represents 21 endpoint(s)
         + represents [1,21) endpoint(s)
(  4480,   4256] |**+
(  4256,   4032] | 
(  4032,   3808] |*********+
(  3808,   3584] | 
(  3584,   3360] | 
(  3360,   3136] | 
(  3136,   2912] |***********************************+
(  2912,   2688] |+
(  2688,   2464] |+
(  2464,   2240] |**+
(  2240,   2016] |**+
(  2016,   1792] |**+
(  1792,   1568] |*****+
(  1568,   1344] |*****+
(  1344,   1120] |******+
(  1120,    896] |*******+
(   896,    672] |************************+
(   672,    448] |************************************************************ 
(   448,    224] |*******+
(   224,      0] |****+
