
17. Printing statistics.

=== $paramod$22b184c8b09b5b69755fa74a5884a8273e8154f8\axil_regbus ===

   Number of wires:                197
   Number of wire bits:            428
   Number of public wires:          33
   Number of public wire bits:     264
   Number of memories:               0
   Number of memory bits:            0
   Number of processes:              0
   Number of cells:                321
     FDCE                          154
     INV                           156
     LUT2                            3
     LUT3                            4
     LUT4                            4

   Estimated number of LCs:          8

=== $paramod$46e6f9ac0ef6b49e82deba4d507aa05d8e9adbc0\banked_framebuf ===

   Number of wires:               1237
   Number of wire bits:          14910
   Number of public wires:          76
   Number of public wire bits:    1064
   Number of memories:               0
   Number of memory bits:            0
   Number of processes:              0
   Number of cells:               1358
     CARRY4                         79
     DSP48E1                         3
     FDRE                          112
     INV                            34
     LUT1                          192
     LUT2                           58
     LUT3                          252
     LUT4                           64
     LUT5                            8
     LUT6                          208
     MUXF7                         192
     MUXF8                          96
     RAMB36E1                       60

   Estimated number of LCs:        532

=== $paramod$6865a0cc8f9ff64ee4d71db1d3be772405dd9e27\banked_framebuf ===

   Number of wires:                326
   Number of wire bits:           4480
   Number of public wires:          80
   Number of public wire bits:    1132
   Number of memories:               0
   Number of memory bits:            0
   Number of processes:              0
   Number of cells:                691
     CARRY4                         80
     FDRE                           84
     INV                            34
     LUT2                           72
     LUT3                          219
     LUT4                           74
     LUT5                            8
     LUT6                          108
     RAMB18E1                       12

   Estimated number of LCs:        409

=== $paramod$7eda356396dede0c194e60853ca4adedfb6185b7\scaler_ctrl ===

   Number of wires:                653
   Number of wire bits:           2338
   Number of public wires:          92
   Number of public wire bits:    1155
   Number of memories:               0
   Number of memory bits:            0
   Number of processes:              0
   Number of cells:               1108
     $paramod$22b184c8b09b5b69755fa74a5884a8273e8154f8\axil_regbus      1
     CARRY4                         27
     FDCE                          355
     FDPE                            6
     INV                           398
     LUT2                           70
     LUT3                           55
     LUT4                            8
     LUT5                           37
     LUT6                          136
     MUXF7                          13
     MUXF8                           2

   Estimated number of LCs:        240

=== $paramod$80e0c85dc43c6efd688f619855b2ce15d6e51262\banked_framebuf ===

   Number of wires:               1012
   Number of wire bits:           7354
   Number of public wires:          76
   Number of public wire bits:    1050
   Number of memories:               0
   Number of memory bits:            0
   Number of processes:              0
   Number of cells:               1297
     CARRY4                         79
     DSP48E1                         3
     FDRE                          104
     INV                            34
     LUT1                          192
     LUT2                           53
     LUT3                          248
     LUT4                           64
     LUT5                            8
     LUT6                          208
     MUXF7                         192
     MUXF8                          96
     RAMB36E1                       16

   Estimated number of LCs:        528

=== $paramod$ca08d32f90293e5c19ce6a89fa5de1a57b68ed8a\banked_framebuf ===

   Number of wires:                275
   Number of wire bits:           2711
   Number of public wires:          80
   Number of public wire bits:    1118
   Number of memories:               0
   Number of memory bits:            0
   Number of processes:              0
   Number of cells:                658
     CARRY4                         80
     FDRE                           76
     INV                            34
     LUT2                           64
     LUT3                          214
     LUT4                           72
     LUT5                            8
     LUT6                          106
     RAMB18E1                        4

   Estimated number of LCs:        400

=== $paramod$e078b48b8ea45af2a3692bd10277ea0d11fdb494\banked_framebuf ===

   Number of wires:               2603
   Number of wire bits:          48557
   Number of public wires:          76
   Number of public wire bits:    1070
   Number of memories:               0
   Number of memory bits:            0
   Number of processes:              0
   Number of cells:               2079
     CARRY4                         79
     DSP48E1                         3
     FDRE                          124
     INV                            34
     LUT1                          192
     LUT2                           71
     LUT3                          256
     LUT4                           64
     LUT5                          104
     LUT6                          636
     MUXF7                         192
     MUXF8                          96
     RAMB36E1                      228

   Estimated number of LCs:       1060

=== $paramod$ec02bc9ece3cab7df3074fbaa26a4c792d5505b6\scaler_mip ===

   Number of wires:               2641
   Number of wire bits:          14932
   Number of public wires:         321
   Number of public wire bits:    4766
   Number of memories:               0
   Number of memory bits:            0
   Number of processes:              0
   Number of cells:               6102
     $paramod$46e6f9ac0ef6b49e82deba4d507aa05d8e9adbc0\banked_framebuf      1
     $paramod$6865a0cc8f9ff64ee4d71db1d3be772405dd9e27\banked_framebuf      1
     $paramod$7eda356396dede0c194e60853ca4adedfb6185b7\scaler_ctrl      1
     $paramod$80e0c85dc43c6efd688f619855b2ce15d6e51262\banked_framebuf      1
     $paramod$ca08d32f90293e5c19ce6a89fa5de1a57b68ed8a\banked_framebuf      1
     $paramod$e078b48b8ea45af2a3692bd10277ea0d11fdb494\banked_framebuf      1
     CARRY4                        261
     DSP48E1                        42
     FDCE                          598
     FDPE                            1
     FDRE                         1427
     INV                           665
     LUT1                          174
     LUT2                          763
     LUT3                          624
     LUT4                          205
     LUT5                          248
     LUT6                          744
     MUXF7                         240
     MUXF8                         103
     scaler_dda                      1

   Estimated number of LCs:       1821

=== scaler_anisotropic ===

   Number of wires:                 29
   Number of wire bits:            168
   Number of public wires:          29
   Number of public wire bits:     168
   Number of memories:               0
   Number of memory bits:            0
   Number of processes:              0
   Number of cells:                  1
     $paramod$ec02bc9ece3cab7df3074fbaa26a4c792d5505b6\scaler_mip      1

   Estimated number of LCs:          0

=== scaler_dda ===

   Number of wires:                263
   Number of wire bits:           1073
   Number of public wires:          24
   Number of public wire bits:     363
   Number of memories:               0
   Number of memory bits:            0
   Number of processes:              0
   Number of cells:                596
     CARRY4                         32
     FDCE                          165
     INV                           197
     LUT2                           72
     LUT3                           36
     LUT4                           45
     LUT5                            1
     LUT6                           42
     MUXF7                           4
     MUXF8                           2

   Estimated number of LCs:        124

=== design hierarchy ===

   scaler_anisotropic                1
     $paramod$ec02bc9ece3cab7df3074fbaa26a4c792d5505b6\scaler_mip      1
       $paramod$46e6f9ac0ef6b49e82deba4d507aa05d8e9adbc0\banked_framebuf      1
       $paramod$6865a0cc8f9ff64ee4d71db1d3be772405dd9e27\banked_framebuf      1
       $paramod$7eda356396dede0c194e60853ca4adedfb6185b7\scaler_ctrl      1
         $paramod$22b184c8b09b5b69755fa74a5884a8273e8154f8\axil_regbus      1
       $paramod$80e0c85dc43c6efd688f619855b2ce15d6e51262\banked_framebuf      1
       $paramod$ca08d32f90293e5c19ce6a89fa5de1a57b68ed8a\banked_framebuf      1
       $paramod$e078b48b8ea45af2a3692bd10277ea0d11fdb494\banked_framebuf      1
       scaler_dda                    1

   Number of wires:               9236
   Number of wire bits:          96951
   Number of public wires:         887
   Number of public wire bits:   12150
   Number of memories:               0
   Number of memory bits:            0
   Number of processes:              0
   Number of cells:              14202
     CARRY4                        717
     DSP48E1                        51
     FDCE                         1272
     FDPE                            7
     FDRE                         1927
     INV                          1586
     LUT1                          750
     LUT2                         1226
     LUT3                         1908
     LUT4                          600
     LUT5                          422
     LUT6                         2188
     MUXF7                         833
     MUXF8                         395
     RAMB18E1                       16
     RAMB36E1                      304

   Estimated number of LCs:       5118

