Module     : scaler_anisotropic
Family     : xc7
Parameters : MAX_W=640 MAX_H=480
Tools      : Yosys 0.33, sv2v v0.0.12
Run time   : 33 s

Hierarchical utilization (Yosys synth_xilinx, totals include sub-instances)

Instance                                            LUT   LUTRAM       FF    CARRY     MUXF   BRAM36      DSP
-------------------------------------------------------------------------------------------------------------
scaler_anisotropic                                 7094        0     3206      717     1228    312.0       51
  (self)                                              0        0        0        0        0      0.0        0
  scaler_mip                                       7094        0     3206      717     1228    312.0       51
    (self)                                         2758        0     2026      261      343      0.0       42
    banked_framebuf                                 782        0      112       79      288     60.0        3
    banked_framebuf#2                               481        0       84       80        0      6.0        0
    scaler_ctrl                                     317        0      515       27       15      0.0        0
      (self)                                        306        0      361       27       15      0.0        0
      axil_regbus                                    11        0      154        0        0      0.0        0
    banked_framebuf#3                               773        0      104       79      288     16.0        3
    banked_framebuf#4                               464        0       76       80        0      2.0        0
    banked_framebuf#5                              1323        0      124       79      288    228.0        3
    scaler_dda                                      196        0      165       32        6      0.0        0

LUT = LUT1..LUT6 used as logic; LUTRAM = distributed RAM + SRL; BRAM36 counts
RAMB36 as 1 and RAMB18 as 0.5. Yosys does not place or route, so these are
pre-implementation estimates (Vivado will typically optimise further).

Critical path (cell delays only, no routing): 4959 ps  (see timing.rpt)
