
17. Printing statistics.

=== $paramod$22b184c8b09b5b69755fa74a5884a8273e8154f8\axil_regbus ===

   Number of wires:                197
   Number of wire bits:            428
   Number of public wires:          33
   Number of public wire bits:     264
   Number of memories:               0
   Number of memory bits:            0
   Number of processes:              0
   Number of cells:                321
     FDCE                          154
     INV                           156
     LUT2                            3
     LUT3                            4
     LUT4                            4

   Estimated number of LCs:          8

=== $paramod$4b99332b1ece0d9200363ab280c2477890104563\scaler_ctrl ===

   Number of wires:                655
   Number of wire bits:           2341
   Number of public wires:          92
   Number of public wire bits:    1155
   Number of memories:               0
   Number of memory bits:            0
   Number of processes:              0
   Number of cells:               1108
     $paramod$22b184c8b09b5b69755fa74a5884a8273e8154f8\axil_regbus      1
     CARRY4                         27
     FDCE                          355
     FDPE                            6
     INV                           398
     LUT1                            1
     LUT2                           71
     LUT3                           57
     LUT4                            6
     LUT5                           38
     LUT6                          134
     MUXF7                          12
     MUXF8                           2

   Estimated number of LCs:        239

=== $paramod$651879c372f95991a3044182ae791e91555968c8\banked_framebuf ===

   Number of wires:               2067
   Number of wire bits:          46349
   Number of public wires:          52
   Number of public wire bits:     711
   Number of memories:               0
   Number of memory bits:            0
   Number of processes:              0
   Number of cells:               1283
     CARRY4                         30
     DSP48E1                         2
     FDRE                           79
     INV                            30
     LUT2                           52
     LUT3                           97
     LUT4                           18
     LUT5                           82
     LUT6                          596
     MUXF7                          48
     MUXF8                          24
     RAMB36E1                      225

   Estimated number of LCs:        793

=== scaler_dda ===

   Number of wires:                263
   Number of wire bits:           1073
   Number of public wires:          24
   Number of public wire bits:     363
   Number of memories:               0
   Number of memory bits:            0
   Number of processes:              0
   Number of cells:                596
     CARRY4                         32
     FDCE                          165
     INV                           197
     LUT2                           72
     LUT3                           36
     LUT4                           45
     LUT5                            1
     LUT6                           42
     MUXF7                           4
     MUXF8                           2

   Estimated number of LCs:        124

=== scaler_nearest ===

   Number of wires:                119
   Number of wire bits:            974
   Number of public wires:          72
   Number of public wire bits:     787
   Number of memories:               0
   Number of memory bits:            0
   Number of processes:              0
   Number of cells:                124
     $paramod$4b99332b1ece0d9200363ab280c2477890104563\scaler_ctrl      1
     $paramod$651879c372f95991a3044182ae791e91555968c8\banked_framebuf      1
     CARRY4                         10
     FDCE                           36
     FDRE                           32
     INV                            38
     LUT2                            1
     LUT3                            2
     LUT5                            2
     scaler_dda                      1

   Estimated number of LCs:          4

=== design hierarchy ===

   scaler_nearest                    1
     $paramod$4b99332b1ece0d9200363ab280c2477890104563\scaler_ctrl      1
       $paramod$22b184c8b09b5b69755fa74a5884a8273e8154f8\axil_regbus      1
     $paramod$651879c372f95991a3044182ae791e91555968c8\banked_framebuf      1
     scaler_dda                      1

   Number of wires:               3301
   Number of wire bits:          51165
   Number of public wires:         273
   Number of public wire bits:    3280
   Number of memories:               0
   Number of memory bits:            0
   Number of processes:              0
   Number of cells:               3428
     CARRY4                         99
     DSP48E1                         2
     FDCE                          710
     FDPE                            6
     FDRE                          111
     INV                           819
     LUT1                            1
     LUT2                          199
     LUT3                          196
     LUT4                           73
     LUT5                          123
     LUT6                          772
     MUXF7                          64
     MUXF8                          28
     RAMB36E1                      225

   Estimated number of LCs:       1164

