
16. Printing statistics.

=== scaler_dda ===

   Number of wires:                263
   Number of wire bits:           1069
   Number of public wires:          24
   Number of public wire bits:     363
   Number of memories:               0
   Number of memory bits:            0
   Number of processes:              0
   Number of cells:                595
     CARRY4                         32
     FDCE                          165
     INV                           197
     LUT2                           70
     LUT3                           36
     LUT4                           46
     LUT5                            2
     LUT6                           41
     MUXF7                           4
     MUXF8                           2

   Estimated number of LCs:        125

