
20. Executing STA pass (static timing analysis).
Warning: Module 'MUXF7' has no timing arcs!
Warning: Module 'MUXF8' has no timing arcs!
Warning: Module 'CARRY4' has no timing arcs!
Latest arrival time in 'scaler_ctrl' is 2412:
    2412 (<unknown>)
Warning: Critical-path does not terminate in a recognised endpoint.
           $abc$8094$auto$blifparse.cc:525:parse_blif$8096.genblk1.genblk1.genblk1.genblk1.genblk1.genblk1.genblk1.genblk1.genblk1.f1
    2412 $abc$8094$auto$blifparse.cc:525:parse_blif$8096.genblk1.genblk1.genblk1.genblk1.genblk1.genblk1.genblk1.genblk1.genblk1.lut1 (LUT6.I0->O)
           $abc$8094$auto$blifparse.cc:525:parse_blif$8096.A [0]
    1770 $abc$8094$auto$blifparse.cc:525:parse_blif$8106 (LUT3.I0->O)
           $techmap9333$abc$8094$auto$blifparse.cc:525:parse_blif$8106.A [0]
    1363 $abc$8094$auto$blifparse.cc:525:parse_blif$8107 (LUT5.I1->O)
           \cy [2]
     891 $auto$ff.cc:266:slice$4271 (FDCE.CLR->Q)
           $abc$8094$auto$rtlil.cc:2600:NotGate$7440
     127 $abc$8094$auto$blifparse.cc:525:parse_blif$8548 (INV.I->O)
       0   \rst_n (<primary input>)

Arrival histogram:
 legend: * represents 8 endpoint(s)
         + represents [1,8) endpoint(s)
(  2420,   2299] |+
(  2299,   2178] |*****+
(  2178,   2057] |+
(  2057,   1936] |+
(  1936,   1815] |+
(  1815,   1694] |+
(  1694,   1573] |**+
(  1573,   1452] |+
(  1452,   1331] |+
(  1331,   1210] |****+
(  1210,   1089] |+
(  1089,    968] |****+
(   968,    847] |**********************************************+
(   847,    726] | 
(   726,    605] | 
(   605,    484] |************************************************************ 
(   484,    363] | 
(   363,    242] | 
(   242,    121] | 
(   121,      0] |**********+
