
16. Printing statistics.

=== $paramod$22b184c8b09b5b69755fa74a5884a8273e8154f8\axil_regbus ===

   Number of wires:                197
   Number of wire bits:            428
   Number of public wires:          33
   Number of public wire bits:     264
   Number of memories:               0
   Number of memory bits:            0
   Number of processes:              0
   Number of cells:                321
     FDCE                          154
     INV                           156
     LUT2                            3
     LUT3                            4
     LUT4                            4

   Estimated number of LCs:          8

=== scaler_ctrl ===

   Number of wires:                666
   Number of wire bits:           2324
   Number of public wires:          92
   Number of public wire bits:    1155
   Number of memories:               0
   Number of memory bits:            0
   Number of processes:              0
   Number of cells:               1101
     $paramod$22b184c8b09b5b69755fa74a5884a8273e8154f8\axil_regbus      1
     CARRY4                         27
     FDCE                          355
     FDPE                            6
     INV                           398
     LUT2                           84
     LUT3                           67
     LUT4                            1
     LUT5                           26
     LUT6                          124
     MUXF7                          10
     MUXF8                           2

   Estimated number of LCs:        226

=== design hierarchy ===

   scaler_ctrl                       1
     $paramod$22b184c8b09b5b69755fa74a5884a8273e8154f8\axil_regbus      1

   Number of wires:                863
   Number of wire bits:           2752
   Number of public wires:         125
   Number of public wire bits:    1419
   Number of memories:               0
   Number of memory bits:            0
   Number of processes:              0
   Number of cells:               1421
     CARRY4                         27
     FDCE                          509
     FDPE                            6
     INV                           554
     LUT2                           87
     LUT3                           71
     LUT4                            5
     LUT5                           26
     LUT6                          124
     MUXF7                          10
     MUXF8                           2

   Estimated number of LCs:        232

