
21. Executing STA pass (static timing analysis).
Warning: Module 'CARRY4' has no timing arcs!
Warning: Module 'MUXF7' has no timing arcs!
Warning: Module 'MUXF8' has no timing arcs!
Latest arrival time in 'scaler_edge_directed' is 3841:
    3841 (<unknown>)
Warning: Critical-path does not terminate in a recognised endpoint.
           $flatten\u_fb.$auto$alumacc.cc:485:replace_alu$6896.X [8]
    3841 $flatten\u_fb.$abc$34103$auto$blifparse.cc:525:parse_blif$35059 (LUT2.I1->O)
           $flatten\u_fb.$auto$alumacc.cc:485:replace_alu$6896.B [8]
    3714 $flatten\u_fb.$mul$/home/claude/scaler_ips/scaler_edge_directed/yosys/scaler_edge_directed.sv2v.v:748$2445 (DSP48E1.A->P)
           \u_ctrl.fb_wy [15]
     891 $flatten\u_ctrl.$auto$ff.cc:266:slice$28704 (FDCE.CLR->Q)
           $flatten\u_ctrl.$abc$33421$auto$rtlil.cc:2600:NotGate$32083
     127 $flatten\u_ctrl.$abc$33421$auto$blifparse.cc:525:parse_blif$33771 (INV.I->O)
       0   \rst_n (<primary input>)
Warning: Endpoint scaler_edge_directed.\u_fb.bcx[0] [1] has no (* sta_arrival *) value.
Warning: Endpoint scaler_edge_directed.\u_fb.bcx[0] [2] has no (* sta_arrival *) value.
Warning: Endpoint scaler_edge_directed.\u_fb.bcx[0] [3] has no (* sta_arrival *) value.
Warning: Endpoint scaler_edge_directed.\u_fb.bcx[0] [4] has no (* sta_arrival *) value.
Warning: Endpoint scaler_edge_directed.\u_fb.bcx[0] [5] has no (* sta_arrival *) value.
Warning: Endpoint scaler_edge_directed.\u_fb.bcx[0] [6] has no (* sta_arrival *) value.
Warning: Endpoint scaler_edge_directed.\u_fb.bcx[0] [7] has no (* sta_arrival *) value.
Warning: Endpoint scaler_edge_directed.\u_fb.bcx[0] [8] has no (* sta_arrival *) value.
Warning: Endpoint scaler_edge_directed.\u_fb.bcx[0] [9] has no (* sta_arrival *) value.
Warning: Endpoint scaler_edge_directed.\u_fb.bcx[0] [10] has no (* sta_arrival *) value.
Warning: Endpoint scaler_edge_directed.\u_fb.bcx[0] [11] has no (* sta_arrival *) value.
Warning: Endpoint scaler_edge_directed.\u_fb.bcx[0] [12] has no (* sta_arrival *) value.
Warning: Endpoint scaler_edge_directed.\u_fb.bcx[0] [13] has no (* sta_arrival *) value.
Warning: Endpoint scaler_edge_directed.\u_fb.bcx[0] [14] has no (* sta_arrival *) value.
Warning: Endpoint scaler_edge_directed.\u_fb.bcx[0] [15] has no (* sta_arrival *) value.
Warning: Endpoint scaler_edge_directed.\u_fb.bcx[1] [1] has no (* sta_arrival *) value.
Warning: Endpoint scaler_edge_directed.\u_fb.bcx[1] [2] has no (* sta_arrival *) value.
Warning: Endpoint scaler_edge_directed.\u_fb.bcx[1] [3] has no (* sta_arrival *) value.
Warning: Endpoint scaler_edge_directed.\u_fb.bcx[1] [4] has no (* sta_arrival *) value.
Warning: Endpoint scaler_edge_directed.\u_fb.bcx[1] [5] has no (* sta_arrival *) value.
Warning: Endpoint scaler_edge_directed.\u_fb.bcx[1] [6] has no (* sta_arrival *) value.
Warning: Endpoint scaler_edge_directed.\u_fb.bcx[1] [7] has no (* sta_arrival *) value.
Warning: Endpoint scaler_edge_directed.\u_fb.bcx[1] [8] has no (* sta_arrival *) value.
Warning: Endpoint scaler_edge_directed.\u_fb.bcx[1] [9] has no (* sta_arrival *) value.
Warning: Endpoint scaler_edge_directed.\u_fb.bcx[1] [10] has no (* sta_arrival *) value.
Warning: Endpoint scaler_edge_directed.\u_fb.bcx[1] [11] has no (* sta_arrival *) value.
Warning: Endpoint scaler_edge_directed.\u_fb.bcx[1] [12] has no (* sta_arrival *) value.
Warning: Endpoint scaler_edge_directed.\u_fb.bcx[1] [13] has no (* sta_arrival *) value.
Warning: Endpoint scaler_edge_directed.\u_fb.bcx[1] [14] has no (* sta_arrival *) value.
Warning: Endpoint scaler_edge_directed.\u_fb.bcx[1] [15] has no (* sta_arrival *) value.
Warning: Endpoint scaler_edge_directed.$flatten\u_fb.$techmap5697$mul$/home/claude/scaler_ips/scaler_edge_directed/yosys/scaler_edge_directed.sv2v.v:811$2627.Y [0] has no (* sta_arrival *) value.
Warning: Endpoint scaler_edge_directed.$flatten\u_fb.$techmap5697$mul$/home/claude/scaler_ips/scaler_edge_directed/yosys/scaler_edge_directed.sv2v.v:811$2627.Y [1] has no (* sta_arrival *) value.
Warning: Endpoint scaler_edge_directed.$flatten\u_fb.$techmap5697$mul$/home/claude/scaler_ips/scaler_edge_directed/yosys/scaler_edge_directed.sv2v.v:811$2627.Y [2] has no (* sta_arrival *) value.
Warning: Endpoint scaler_edge_directed.$flatten\u_fb.$techmap5697$mul$/home/claude/scaler_ips/scaler_edge_directed/yosys/scaler_edge_directed.sv2v.v:811$2627.Y [3] has no (* sta_arrival *) value.
Warning: Endpoint scaler_edge_directed.$flatten\u_fb.$techmap5697$mul$/home/claude/scaler_ips/scaler_edge_directed/yosys/scaler_edge_directed.sv2v.v:811$2627.Y [4] has no (* sta_arrival *) value.
Warning: Endpoint scaler_edge_directed.$flatten\u_fb.$techmap5697$mul$/home/claude/scaler_ips/scaler_edge_directed/yosys/scaler_edge_directed.sv2v.v:811$2627.Y [5] has no (* sta_arrival *) value.
Warning: Endpoint scaler_edge_directed.$flatten\u_fb.$techmap5697$mul$/home/claude/scaler_ips/scaler_edge_directed/yosys/scaler_edge_directed.sv2v.v:811$2627.Y [6] has no (* sta_arrival *) value.
Warning: Endpoint scaler_edge_directed.$flatten\u_fb.$techmap5697$mul$/home/claude/scaler_ips/scaler_edge_directed/yosys/scaler_edge_directed.sv2v.v:811$2627.Y [7] has no (* sta_arrival *) value.
Warning: Endpoint scaler_edge_directed.$flatten\u_fb.$techmap5697$mul$/home/claude/scaler_ips/scaler_edge_directed/yosys/scaler_edge_directed.sv2v.v:811$2627.Y [8] has no (* sta_arrival *) value.
Warning: Endpoint scaler_edge_directed.$flatten\u_fb.$techmap5697$mul$/home/claude/scaler_ips/scaler_edge_directed/yosys/scaler_edge_directed.sv2v.v:811$2627.Y [9] has no (* sta_arrival *) value.
Warning: Endpoint scaler_edge_directed.$flatten\u_fb.$techmap5697$mul$/home/claude/scaler_ips/scaler_edge_directed/yosys/scaler_edge_directed.sv2v.v:811$2627.Y [10] has no (* sta_arrival *) value.
Warning: Endpoint scaler_edge_directed.$flatten\u_fb.$techmap5698$mul$/home/claude/scaler_ips/scaler_edge_directed/yosys/scaler_edge_directed.sv2v.v:811$2633.Y [0] has no (* sta_arrival *) value.
Warning: Endpoint scaler_edge_directed.$flatten\u_fb.$techmap5698$mul$/home/claude/scaler_ips/scaler_edge_directed/yosys/scaler_edge_directed.sv2v.v:811$2633.Y [1] has no (* sta_arrival *) value.
Warning: Endpoint scaler_edge_directed.$flatten\u_fb.$techmap5698$mul$/home/claude/scaler_ips/scaler_edge_directed/yosys/scaler_edge_directed.sv2v.v:811$2633.Y [2] has no (* sta_arrival *) value.
Warning: Endpoint scaler_edge_directed.$flatten\u_fb.$techmap5698$mul$/home/claude/scaler_ips/scaler_edge_directed/yosys/scaler_edge_directed.sv2v.v:811$2633.Y [3] has no (* sta_arrival *) value.
Warning: Endpoint scaler_edge_directed.$flatten\u_fb.$techmap5698$mul$/home/claude/scaler_ips/scaler_edge_directed/yosys/scaler_edge_directed.sv2v.v:811$2633.Y [4] has no (* sta_arrival *) value.
Warning: Endpoint scaler_edge_directed.$flatten\u_fb.$techmap5698$mul$/home/claude/scaler_ips/scaler_edge_directed/yosys/scaler_edge_directed.sv2v.v:811$2633.Y [5] has no (* sta_arrival *) value.
Warning: Endpoint scaler_edge_directed.$flatten\u_fb.$techmap5698$mul$/home/claude/scaler_ips/scaler_edge_directed/yosys/scaler_edge_directed.sv2v.v:811$2633.Y [6] has no (* sta_arrival *) value.
Warning: Endpoint scaler_edge_directed.$flatten\u_fb.$techmap5698$mul$/home/claude/scaler_ips/scaler_edge_directed/yosys/scaler_edge_directed.sv2v.v:811$2633.Y [7] has no (* sta_arrival *) value.
Warning: Endpoint scaler_edge_directed.$flatten\u_fb.$techmap5698$mul$/home/claude/scaler_ips/scaler_edge_directed/yosys/scaler_edge_directed.sv2v.v:811$2633.Y [8] has no (* sta_arrival *) value.
Warning: Endpoint scaler_edge_directed.$flatten\u_fb.$techmap5698$mul$/home/claude/scaler_ips/scaler_edge_directed/yosys/scaler_edge_directed.sv2v.v:811$2633.Y [9] has no (* sta_arrival *) value.
Warning: Endpoint scaler_edge_directed.$flatten\u_fb.$techmap5698$mul$/home/claude/scaler_ips/scaler_edge_directed/yosys/scaler_edge_directed.sv2v.v:811$2633.Y [10] has no (* sta_arrival *) value.
Warning: Endpoint scaler_edge_directed.\u_fb.tsx[0] has no (* sta_arrival *) value.
Warning: Endpoint scaler_edge_directed.\u_fb.tsx[1] has no (* sta_arrival *) value.
Warning: Endpoint scaler_edge_directed.\u_fb.tsy[0] has no (* sta_arrival *) value.
Warning: Endpoint scaler_edge_directed.\u_fb.tsy[1] has no (* sta_arrival *) value.
Warning: Endpoint scaler_edge_directed.$flatten\u_ctrl.$abc$33421$procmux$3036_Y[0] has no (* sta_arrival *) value.
Warning: Endpoint scaler_edge_directed.$flatten\u_ctrl.$abc$33421$procmux$3036_Y[1] has no (* sta_arrival *) value.
Warning: Endpoint scaler_edge_directed.$flatten\u_ctrl.$abc$33421$procmux$3036_Y[2] has no (* sta_arrival *) value.
Warning: Endpoint scaler_edge_directed.$flatten\u_ctrl.$abc$33421$procmux$3036_Y[3] has no (* sta_arrival *) value.
Warning: Endpoint scaler_edge_directed.$flatten\u_ctrl.$abc$33421$procmux$3036_Y[4] has no (* sta_arrival *) value.
Warning: Endpoint scaler_edge_directed.$flatten\u_ctrl.$abc$33421$procmux$3036_Y[5] has no (* sta_arrival *) value.
Warning: Endpoint scaler_edge_directed.$flatten\u_ctrl.$abc$33421$procmux$3036_Y[6] has no (* sta_arrival *) value.
Warning: Endpoint scaler_edge_directed.$flatten\u_ctrl.$abc$33421$procmux$3036_Y[7] has no (* sta_arrival *) value.
Warning: Endpoint scaler_edge_directed.$flatten\u_ctrl.$abc$33421$procmux$3036_Y[8] has no (* sta_arrival *) value.
Warning: Endpoint scaler_edge_directed.$flatten\u_ctrl.$abc$33421$procmux$3036_Y[9] has no (* sta_arrival *) value.
Warning: Endpoint scaler_edge_directed.$flatten\u_ctrl.$abc$33421$procmux$3036_Y[10] has no (* sta_arrival *) value.
Warning: Endpoint scaler_edge_directed.$flatten\u_ctrl.$abc$33421$procmux$3036_Y[11] has no (* sta_arrival *) value.
Warning: Endpoint scaler_edge_directed.$flatten\u_ctrl.$abc$33421$procmux$3036_Y[12] has no (* sta_arrival *) value.
Warning: Endpoint scaler_edge_directed.$flatten\u_ctrl.$abc$33421$procmux$3036_Y[13] has no (* sta_arrival *) value.
Warning: Endpoint scaler_edge_directed.$flatten\u_ctrl.$abc$33421$procmux$3036_Y[14] has no (* sta_arrival *) value.
Warning: Endpoint scaler_edge_directed.$flatten\u_ctrl.$abc$33421$procmux$3036_Y[15] has no (* sta_arrival *) value.

Arrival histogram:
 legend: * represents 14 endpoint(s)
         + represents [1,14) endpoint(s)
(  3380,   3211] |**+
(  3211,   3042] |*********************+
(  3042,   2873] | 
(  2873,   2704] | 
(  2704,   2535] |+
(  2535,   2366] |*+
(  2366,   2197] |*+
(  2197,   2028] |*+
(  2028,   1859] |+
(  1859,   1690] |+
(  1690,   1521] |****+
(  1521,   1352] |****+
(  1352,   1183] |****+
(  1183,   1014] |*******+
(  1014,    845] |**********************+
(   845,    676] | 
(   676,    507] |************************************************************ 
(   507,    338] | 
(   338,    169] |************************+
(   169,      0] |******+
