
17. Printing statistics.

=== $paramod$22b184c8b09b5b69755fa74a5884a8273e8154f8\axil_regbus ===

   Number of wires:                197
   Number of wire bits:            428
   Number of public wires:          33
   Number of public wire bits:     264
   Number of memories:               0
   Number of memory bits:            0
   Number of processes:              0
   Number of cells:                321
     FDCE                          154
     INV                           156
     LUT2                            3
     LUT3                            4
     LUT4                            4

   Estimated number of LCs:          8

=== $paramod$62eefcd75c6568d267c6bca00be276f17be752c2\scaler_ctrl ===

   Number of wires:                668
   Number of wire bits:           2386
   Number of public wires:          92
   Number of public wire bits:    1155
   Number of memories:               0
   Number of memory bits:            0
   Number of processes:              0
   Number of cells:               1085
     $paramod$22b184c8b09b5b69755fa74a5884a8273e8154f8\axil_regbus      1
     CARRY4                         27
     FDCE                          355
     FDPE                            6
     INV                           398
     LUT1                            1
     LUT2                           78
     LUT3                           46
     LUT4                            8
     LUT5                           33
     LUT6                          117
     MUXF7                          13
     MUXF8                           2

   Estimated number of LCs:        216

=== $paramod$be51c8a09e1d93eee8d102442f2a8f3d6b905f2c\banked_framebuf ===

   Number of wires:               2623
   Number of wire bits:          48592
   Number of public wires:          76
   Number of public wire bits:    1070
   Number of memories:               0
   Number of memory bits:            0
   Number of processes:              0
   Number of cells:               2079
     CARRY4                         79
     DSP48E1                         3
     FDRE                          124
     INV                            34
     LUT1                          192
     LUT2                           71
     LUT3                          256
     LUT4                           64
     LUT5                          104
     LUT6                          636
     MUXF7                         192
     MUXF8                          96
     RAMB36E1                      228

   Estimated number of LCs:       1060

=== scaler_dda ===

   Number of wires:                263
   Number of wire bits:           1072
   Number of public wires:          24
   Number of public wire bits:     363
   Number of memories:               0
   Number of memory bits:            0
   Number of processes:              0
   Number of cells:                596
     CARRY4                         32
     FDCE                          165
     INV                           197
     LUT2                           72
     LUT3                           36
     LUT4                           45
     LUT5                            1
     LUT6                           42
     MUXF7                           4
     MUXF8                           2

   Estimated number of LCs:        124

=== scaler_edge_directed ===

   Number of wires:                634
   Number of wire bits:           6365
   Number of public wires:         177
   Number of public wire bits:    2752
   Number of memories:               0
   Number of memory bits:            0
   Number of processes:              0
   Number of cells:               2083
     $paramod$62eefcd75c6568d267c6bca00be276f17be752c2\scaler_ctrl      1
     $paramod$be51c8a09e1d93eee8d102442f2a8f3d6b905f2c\banked_framebuf      1
     CARRY4                        146
     DSP48E1                        16
     FDCE                           91
     FDPE                            2
     FDRE                         1022
     INV                           128
     LUT2                          350
     LUT3                          129
     LUT4                           17
     LUT5                           57
     LUT6                          115
     MUXF7                           5
     MUXF8                           2
     scaler_dda                      1

   Estimated number of LCs:        420

=== design hierarchy ===

   scaler_edge_directed              1
     $paramod$62eefcd75c6568d267c6bca00be276f17be752c2\scaler_ctrl      1
       $paramod$22b184c8b09b5b69755fa74a5884a8273e8154f8\axil_regbus      1
     $paramod$be51c8a09e1d93eee8d102442f2a8f3d6b905f2c\banked_framebuf      1
     scaler_dda                      1

   Number of wires:               4385
   Number of wire bits:          58843
   Number of public wires:         402
   Number of public wire bits:    5604
   Number of memories:               0
   Number of memory bits:            0
   Number of processes:              0
   Number of cells:               6160
     CARRY4                        284
     DSP48E1                        19
     FDCE                          765
     FDPE                            8
     FDRE                         1146
     INV                           913
     LUT1                          193
     LUT2                          574
     LUT3                          471
     LUT4                          138
     LUT5                          195
     LUT6                          910
     MUXF7                         214
     MUXF8                         102
     RAMB36E1                      228

   Estimated number of LCs:       1714

