reset_ctrl: OK
baud_nco: OK
uart: OK
i2c_master: OK
spi_master: OK
gpio: OK
intc: OK
pwm: OK
quadrature_decoder: OK
watchdog: OK
edge_event_capture: OK
async_fifo: OK
axis_async_bridge: OK
axi4_lite_cdc: OK
dma_engine: OK
axis_dma: OK
bit_sync: OK
toggle_sync: OK
pulse_sync: OK
reset_sync: OK
edge_detect: OK
clock_enable: OK
counter: OK
timeout_timer: OK
priority_encoder: OK
onehot_decoder: OK
single_port_ram: OK
simple_dual_port_ram: OK
true_dual_port_ram: OK
rom: OK
register_file: OK
sync_fifo: OK
fallthrough_fifo: OK
packet_fifo: OK
memory_arbiter: OK
nco: OK
baud_generator: OK
pulse_generator: OK
frequency_counter: OK
timestamp_counter: OK
rate_limiter: OK
interval_timer: OK
axi4_lite_slave: OK
axi4_lite_regs: OK
axi4_lite_decoder: OK
axi4_lite_mux: OK
axi_stream_fifo: OK
axi_stream_width_converter: OK
axi_stream_arbiter: OK
parity_gen: OK
parity_check: OK
crc8: OK
crc16: OK
crc32: OK
checksum: OK
lfsr: OK
error_status: OK
spi_slave: OK
clock_domain_bridge: OK
uart_tx: OK
uart_rx: OK
cordic: OK
dds: OK
fir: OK
cic: OK
ecc_memory_ctrl: OK
packet_parser: OK
packet_formatter: OK
i2s: OK
eth_mac_if: OK
spi_flash_ctrl: OK
sdio_host: OK
demo_regs: OK
pcie_tl_ep: OK
usb_fs_sie: OK
ALLDONE
