reset_ctrl: [reset_ctrl] PASSED
baud_nco: [baud_nco] PASSED
uart: [uart] PASSED
i2c_master: [i2c_master] PASSED
spi_master: [spi_master] PASSED
gpio: [gpio] PASSED
intc: [intc] PASSED
pwm: [pwm] PASSED
quadrature_decoder: [quadrature_decoder] PASSED
watchdog: [watchdog] PASSED
edge_event_capture: [edge_event_capture] PASSED
async_fifo: [async_fifo] PASSED
axis_async_bridge: [axis_async_bridge] PASSED
axi4_lite_cdc: [axi4_lite_cdc] PASSED
dma_engine: [dma_engine] PASSED
axis_dma: [axis_dma] PASSED
bit_sync: [bit_sync] PASSED
toggle_sync: [toggle_sync] PASSED
pulse_sync: [pulse_sync] PASSED
reset_sync: [reset_sync] PASSED
edge_detect: [edge_detect] PASSED
clock_enable: [clock_enable] PASSED
counter: [counter] PASSED
timeout_timer: [timeout_timer] PASSED
priority_encoder: [priority_encoder] PASSED
onehot_decoder: [onehot_decoder] PASSED
single_port_ram: [single_port_ram] PASSED
simple_dual_port_ram: [simple_dual_port_ram] PASSED
true_dual_port_ram: [true_dual_port_ram] PASSED
rom: [rom] PASSED
register_file: [register_file] PASSED
sync_fifo: [sync_fifo] PASSED
fallthrough_fifo: [fallthrough_fifo] PASSED
packet_fifo: [packet_fifo] PASSED
memory_arbiter: [memory_arbiter] PASSED
nco: [nco] PASSED
baud_generator: [baud_generator] PASSED
pulse_generator: [pulse_generator] PASSED
frequency_counter: [frequency_counter] PASSED
timestamp_counter: [timestamp_counter] PASSED
rate_limiter: [rate_limiter] PASSED
interval_timer: [interval_timer] PASSED
axi4_lite_slave: [axi4_lite_slave] PASSED
axi4_lite_regs: [axi4_lite_regs] PASSED
axi4_lite_decoder: [axi4_lite_decoder] PASSED
axi4_lite_mux: [axi4_lite_mux] PASSED
axi_stream_fifo: [axi_stream_fifo] PASSED
axi_stream_width_converter: [axi_stream_width_converter] PASSED
axi_stream_arbiter: [axi_stream_arbiter] PASSED
parity_gen: [parity_gen] PASSED
parity_check: [parity_check] PASSED
crc8: [crc8] PASSED
crc16: [crc16] PASSED
crc32: [crc32] PASSED
checksum: [checksum] PASSED
lfsr: [lfsr] PASSED
error_status: [error_status] PASSED
spi_slave: [spi_slave] PASSED
clock_domain_bridge: [clock_domain_bridge] PASSED
uart_tx: [uart_tx] PASSED
uart_rx: [uart_rx] PASSED
cordic: [cordic] PASSED
dds: [dds] PASSED
fir: [fir] PASSED
cic: [cic] PASSED
ecc_memory_ctrl: [ecc_memory_ctrl] PASSED
packet_parser: [packet_parser] PASSED
packet_formatter: [packet_formatter] PASSED
i2s: [i2s] PASSED
eth_mac_if: [eth_mac_if] PASSED
spi_flash_ctrl: [spi_flash_ctrl] PASSED
sdio_host: [sdio_host] PASSED
demo_regs: [demo_regs] PASSED
pcie_tl_ep: [pcie_tl_ep] PASSED
usb_fs_sie: [usb_fs_sie] PASSED
SIMDONE
