Module     : scaler_bicubic
Family     : xc7
Parameters : MAX_W=640 MAX_H=480
Tools      : Yosys 0.33, sv2v v0.0.12
Run time   : 132 s

Hierarchical utilization (Yosys synth_xilinx, totals include sub-instances)

Instance                                            LUT   LUTRAM       FF    CARRY     MUXF   BRAM36      DSP
-------------------------------------------------------------------------------------------------------------
scaler_bicubic                                     7966      120     8754      649     1389    240.0       65
  (self)                                              0        0        0        0        0      0.0        0
  scaler_polyphase                                 7966      120     8754      649     1389    240.0       65
    (self)                                         4516      120     7854      419      211      0.0       60
    scaler_ctrl                                     312        0      515       27       14      0.0        0
      (self)                                        301        0      361       27       14      0.0        0
      axil_regbus                                    11        0      154        0        0      0.0        0
    banked_framebuf                                2944        0      220      171     1152    240.0        5
    scaler_dda                                      194        0      165       32       12      0.0        0

LUT = LUT1..LUT6 used as logic; LUTRAM = distributed RAM + SRL; BRAM36 counts
RAMB36 as 1 and RAMB18 as 0.5. Yosys does not place or route, so these are
pre-implementation estimates (Vivado will typically optimise further).

Critical path (cell delays only, no routing): 3841 ps  (see timing.rpt)
