Module     : scaler_polyphase
Family     : xc7
Parameters : MAX_W=640 MAX_H=480
Tools      : Yosys 0.33, sv2v v0.0.12
Run time   : 132 s

Hierarchical utilization (Yosys synth_xilinx, totals include sub-instances)

Instance                                            LUT   LUTRAM       FF    CARRY     MUXF   BRAM36      DSP
-------------------------------------------------------------------------------------------------------------
scaler_polyphase                                   7964      120     8754      649     1384    240.0       65
  (self)                                           4514      120     7854      419      211      0.0       60
  scaler_ctrl                                       310        0      515       27       15      0.0        0
    (self)                                          299        0      361       27       15      0.0        0
    axil_regbus                                      11        0      154        0        0      0.0        0
  banked_framebuf                                  2944        0      220      171     1152    240.0        5
  scaler_dda                                        196        0      165       32        6      0.0        0

LUT = LUT1..LUT6 used as logic; LUTRAM = distributed RAM + SRL; BRAM36 counts
RAMB36 as 1 and RAMB18 as 0.5. Yosys does not place or route, so these are
pre-implementation estimates (Vivado will typically optimise further).

Critical path (cell delays only, no routing): 3841 ps  (see timing.rpt)
