
21. Executing STA pass (static timing analysis).
Warning: Module 'CARRY4' has no timing arcs!
Warning: Module 'MUXF8' has no timing arcs!
Warning: Module 'MUXF7' has no timing arcs!
Latest arrival time in 'scaler_mip' is 4588:
    4588 (<unknown>)
Warning: Critical-path does not terminate in a recognised endpoint.
           $techmap11652$mul$/home/claude/scaler_ips/scaler_mip/yosys/scaler_mip.sv2v.v:1595$6008.P_48 [47]
    4588 $mul$/home/claude/scaler_ips/scaler_mip/yosys/scaler_mip.sv2v.v:1595$6008 (DSP48E1.B->P)
           \lod_f [0]
    1898 $abc$69801$auto$blifparse.cc:525:parse_blif$70242 (LUT2.I0->O)
           $techmap75701$abc$69801$auto$blifparse.cc:525:parse_blif$71875.A [0]
    1660 $abc$69801$auto$blifparse.cc:525:parse_blif$70005 (LUT3.I2->O)
           $techmap75700$abc$69801$auto$blifparse.cc:525:parse_blif$70005.A [2]
    1533 $abc$69801$auto$blifparse.cc:525:parse_blif$69804 (LUT6.I0->O)
           \lod [10]
     891 $auto$ff.cc:266:slice$21590 (FDCE.CLR->Q)
           $abc$69801$auto$rtlil.cc:2600:NotGate$65689
     127 $abc$69801$auto$blifparse.cc:525:parse_blif$72380 (INV.I->O)
       0   \rst_n (<primary input>)
Warning: Endpoint scaler_mip.\g_lvl[3].u_fb.bcx[0] [1] has no (* sta_arrival *) value.
Warning: Endpoint scaler_mip.\g_lvl[3].u_fb.bcx[0] [2] has no (* sta_arrival *) value.
Warning: Endpoint scaler_mip.\g_lvl[3].u_fb.bcx[0] [3] has no (* sta_arrival *) value.
Warning: Endpoint scaler_mip.\g_lvl[3].u_fb.bcx[0] [4] has no (* sta_arrival *) value.
Warning: Endpoint scaler_mip.\g_lvl[3].u_fb.bcx[0] [5] has no (* sta_arrival *) value.
Warning: Endpoint scaler_mip.\g_lvl[3].u_fb.bcx[0] [6] has no (* sta_arrival *) value.
Warning: Endpoint scaler_mip.\g_lvl[3].u_fb.bcx[0] [7] has no (* sta_arrival *) value.
Warning: Endpoint scaler_mip.\g_lvl[3].u_fb.bcx[0] [8] has no (* sta_arrival *) value.
Warning: Endpoint scaler_mip.\g_lvl[3].u_fb.bcx[0] [9] has no (* sta_arrival *) value.
Warning: Endpoint scaler_mip.\g_lvl[3].u_fb.bcx[0] [10] has no (* sta_arrival *) value.
Warning: Endpoint scaler_mip.\g_lvl[3].u_fb.bcx[0] [11] has no (* sta_arrival *) value.
Warning: Endpoint scaler_mip.\g_lvl[3].u_fb.bcx[1] [1] has no (* sta_arrival *) value.
Warning: Endpoint scaler_mip.\g_lvl[3].u_fb.bcx[1] [2] has no (* sta_arrival *) value.
Warning: Endpoint scaler_mip.\g_lvl[3].u_fb.bcx[1] [3] has no (* sta_arrival *) value.
Warning: Endpoint scaler_mip.\g_lvl[3].u_fb.bcx[1] [4] has no (* sta_arrival *) value.
Warning: Endpoint scaler_mip.\g_lvl[3].u_fb.bcx[1] [5] has no (* sta_arrival *) value.
Warning: Endpoint scaler_mip.\g_lvl[3].u_fb.bcx[1] [6] has no (* sta_arrival *) value.
Warning: Endpoint scaler_mip.\g_lvl[3].u_fb.bcx[1] [7] has no (* sta_arrival *) value.
Warning: Endpoint scaler_mip.\g_lvl[3].u_fb.bcx[1] [8] has no (* sta_arrival *) value.
Warning: Endpoint scaler_mip.\g_lvl[3].u_fb.bcx[1] [9] has no (* sta_arrival *) value.
Warning: Endpoint scaler_mip.\g_lvl[3].u_fb.bcx[1] [10] has no (* sta_arrival *) value.
Warning: Endpoint scaler_mip.\g_lvl[3].u_fb.bcx[1] [11] has no (* sta_arrival *) value.
Warning: Endpoint scaler_mip.\g_lvl[3].u_fb.tsx[1] has no (* sta_arrival *) value.
Warning: Endpoint scaler_mip.\g_lvl[3].u_fb.tsy[1] has no (* sta_arrival *) value.
Warning: Endpoint scaler_mip.$flatten\g_lvl[2].u_fb.$techmap11690$mul$/home/claude/scaler_ips/scaler_mip/yosys/scaler_mip.sv2v.v:811$4125.Y [0] has no (* sta_arrival *) value.
Warning: Endpoint scaler_mip.$flatten\g_lvl[2].u_fb.$techmap11690$mul$/home/claude/scaler_ips/scaler_mip/yosys/scaler_mip.sv2v.v:811$4125.Y [1] has no (* sta_arrival *) value.
Warning: Endpoint scaler_mip.$flatten\g_lvl[2].u_fb.$techmap11690$mul$/home/claude/scaler_ips/scaler_mip/yosys/scaler_mip.sv2v.v:811$4125.Y [2] has no (* sta_arrival *) value.
Warning: Endpoint scaler_mip.$flatten\g_lvl[2].u_fb.$techmap11690$mul$/home/claude/scaler_ips/scaler_mip/yosys/scaler_mip.sv2v.v:811$4125.Y [3] has no (* sta_arrival *) value.
Warning: Endpoint scaler_mip.$flatten\g_lvl[2].u_fb.$techmap11690$mul$/home/claude/scaler_ips/scaler_mip/yosys/scaler_mip.sv2v.v:811$4125.Y [4] has no (* sta_arrival *) value.
Warning: Endpoint scaler_mip.$flatten\g_lvl[2].u_fb.$techmap11690$mul$/home/claude/scaler_ips/scaler_mip/yosys/scaler_mip.sv2v.v:811$4125.Y [5] has no (* sta_arrival *) value.
Warning: Endpoint scaler_mip.$flatten\g_lvl[2].u_fb.$techmap11690$mul$/home/claude/scaler_ips/scaler_mip/yosys/scaler_mip.sv2v.v:811$4125.Y [6] has no (* sta_arrival *) value.
Warning: Endpoint scaler_mip.$flatten\g_lvl[2].u_fb.$techmap11690$mul$/home/claude/scaler_ips/scaler_mip/yosys/scaler_mip.sv2v.v:811$4125.Y [7] has no (* sta_arrival *) value.
Warning: Endpoint scaler_mip.$flatten\g_lvl[2].u_fb.$techmap11690$mul$/home/claude/scaler_ips/scaler_mip/yosys/scaler_mip.sv2v.v:811$4125.Y [8] has no (* sta_arrival *) value.
Warning: Endpoint scaler_mip.\g_lvl[2].u_fb.bcx[0] [1] has no (* sta_arrival *) value.
Warning: Endpoint scaler_mip.\g_lvl[2].u_fb.bcx[0] [2] has no (* sta_arrival *) value.
Warning: Endpoint scaler_mip.\g_lvl[2].u_fb.bcx[0] [3] has no (* sta_arrival *) value.
Warning: Endpoint scaler_mip.\g_lvl[2].u_fb.bcx[0] [4] has no (* sta_arrival *) value.
Warning: Endpoint scaler_mip.\g_lvl[2].u_fb.bcx[0] [5] has no (* sta_arrival *) value.
Warning: Endpoint scaler_mip.\g_lvl[2].u_fb.bcx[0] [6] has no (* sta_arrival *) value.
Warning: Endpoint scaler_mip.\g_lvl[2].u_fb.bcx[0] [7] has no (* sta_arrival *) value.
Warning: Endpoint scaler_mip.\g_lvl[2].u_fb.bcx[0] [8] has no (* sta_arrival *) value.
Warning: Endpoint scaler_mip.\g_lvl[2].u_fb.bcx[0] [9] has no (* sta_arrival *) value.
Warning: Endpoint scaler_mip.\g_lvl[2].u_fb.bcx[0] [10] has no (* sta_arrival *) value.
Warning: Endpoint scaler_mip.\g_lvl[2].u_fb.bcx[0] [11] has no (* sta_arrival *) value.
Warning: Endpoint scaler_mip.\g_lvl[2].u_fb.bcx[0] [12] has no (* sta_arrival *) value.
Warning: Endpoint scaler_mip.\g_lvl[2].u_fb.bcx[0] [13] has no (* sta_arrival *) value.
Warning: Endpoint scaler_mip.\g_lvl[2].u_fb.bcx[1] [1] has no (* sta_arrival *) value.
Warning: Endpoint scaler_mip.\g_lvl[2].u_fb.bcx[1] [2] has no (* sta_arrival *) value.
Warning: Endpoint scaler_mip.\g_lvl[2].u_fb.bcx[1] [3] has no (* sta_arrival *) value.
Warning: Endpoint scaler_mip.\g_lvl[2].u_fb.bcx[1] [4] has no (* sta_arrival *) value.
Warning: Endpoint scaler_mip.\g_lvl[2].u_fb.bcx[1] [5] has no (* sta_arrival *) value.
Warning: Endpoint scaler_mip.\g_lvl[2].u_fb.bcx[1] [6] has no (* sta_arrival *) value.
Warning: Endpoint scaler_mip.\g_lvl[2].u_fb.bcx[1] [7] has no (* sta_arrival *) value.
Warning: Endpoint scaler_mip.\g_lvl[2].u_fb.bcx[1] [8] has no (* sta_arrival *) value.
Warning: Endpoint scaler_mip.\g_lvl[2].u_fb.bcx[1] [9] has no (* sta_arrival *) value.
Warning: Endpoint scaler_mip.\g_lvl[2].u_fb.bcx[1] [10] has no (* sta_arrival *) value.
Warning: Endpoint scaler_mip.\g_lvl[2].u_fb.bcx[1] [11] has no (* sta_arrival *) value.
Warning: Endpoint scaler_mip.\g_lvl[2].u_fb.bcx[1] [12] has no (* sta_arrival *) value.
Warning: Endpoint scaler_mip.\g_lvl[2].u_fb.bcx[1] [13] has no (* sta_arrival *) value.
Warning: Endpoint scaler_mip.$flatten\g_lvl[2].u_fb.$techmap11691$mul$/home/claude/scaler_ips/scaler_mip/yosys/scaler_mip.sv2v.v:811$4131.Y [0] has no (* sta_arrival *) value.
Warning: Endpoint scaler_mip.$flatten\g_lvl[2].u_fb.$techmap11691$mul$/home/claude/scaler_ips/scaler_mip/yosys/scaler_mip.sv2v.v:811$4131.Y [1] has no (* sta_arrival *) value.
Warning: Endpoint scaler_mip.$flatten\g_lvl[2].u_fb.$techmap11691$mul$/home/claude/scaler_ips/scaler_mip/yosys/scaler_mip.sv2v.v:811$4131.Y [2] has no (* sta_arrival *) value.
Warning: Endpoint scaler_mip.$flatten\g_lvl[2].u_fb.$techmap11691$mul$/home/claude/scaler_ips/scaler_mip/yosys/scaler_mip.sv2v.v:811$4131.Y [3] has no (* sta_arrival *) value.
Warning: Endpoint scaler_mip.$flatten\g_lvl[2].u_fb.$techmap11691$mul$/home/claude/scaler_ips/scaler_mip/yosys/scaler_mip.sv2v.v:811$4131.Y [4] has no (* sta_arrival *) value.
Warning: Endpoint scaler_mip.$flatten\g_lvl[2].u_fb.$techmap11691$mul$/home/claude/scaler_ips/scaler_mip/yosys/scaler_mip.sv2v.v:811$4131.Y [5] has no (* sta_arrival *) value.
Warning: Endpoint scaler_mip.$flatten\g_lvl[2].u_fb.$techmap11691$mul$/home/claude/scaler_ips/scaler_mip/yosys/scaler_mip.sv2v.v:811$4131.Y [6] has no (* sta_arrival *) value.
Warning: Endpoint scaler_mip.$flatten\g_lvl[2].u_fb.$techmap11691$mul$/home/claude/scaler_ips/scaler_mip/yosys/scaler_mip.sv2v.v:811$4131.Y [7] has no (* sta_arrival *) value.
Warning: Endpoint scaler_mip.$flatten\g_lvl[2].u_fb.$techmap11691$mul$/home/claude/scaler_ips/scaler_mip/yosys/scaler_mip.sv2v.v:811$4131.Y [8] has no (* sta_arrival *) value.
Warning: Endpoint scaler_mip.\g_lvl[2].u_fb.tsx[1] has no (* sta_arrival *) value.
Warning: Endpoint scaler_mip.\g_lvl[2].u_fb.tsy[1] has no (* sta_arrival *) value.
Warning: Endpoint scaler_mip.$flatten\g_lvl[1].u_fb.$techmap11702$mul$/home/claude/scaler_ips/scaler_mip/yosys/scaler_mip.sv2v.v:811$4469.Y [0] has no (* sta_arrival *) value.
Warning: Endpoint scaler_mip.$flatten\g_lvl[1].u_fb.$techmap11702$mul$/home/claude/scaler_ips/scaler_mip/yosys/scaler_mip.sv2v.v:811$4469.Y [1] has no (* sta_arrival *) value.
Warning: Endpoint scaler_mip.$flatten\g_lvl[1].u_fb.$techmap11702$mul$/home/claude/scaler_ips/scaler_mip/yosys/scaler_mip.sv2v.v:811$4469.Y [2] has no (* sta_arrival *) value.
Warning: Endpoint scaler_mip.$flatten\g_lvl[1].u_fb.$techmap11702$mul$/home/claude/scaler_ips/scaler_mip/yosys/scaler_mip.sv2v.v:811$4469.Y [3] has no (* sta_arrival *) value.
Warning: Endpoint scaler_mip.$flatten\g_lvl[1].u_fb.$techmap11702$mul$/home/claude/scaler_ips/scaler_mip/yosys/scaler_mip.sv2v.v:811$4469.Y [4] has no (* sta_arrival *) value.
Warning: Endpoint scaler_mip.$flatten\g_lvl[1].u_fb.$techmap11702$mul$/home/claude/scaler_ips/scaler_mip/yosys/scaler_mip.sv2v.v:811$4469.Y [5] has no (* sta_arrival *) value.
Warning: Endpoint scaler_mip.$flatten\g_lvl[1].u_fb.$techmap11702$mul$/home/claude/scaler_ips/scaler_mip/yosys/scaler_mip.sv2v.v:811$4469.Y [6] has no (* sta_arrival *) value.
Warning: Endpoint scaler_mip.$flatten\g_lvl[1].u_fb.$techmap11702$mul$/home/claude/scaler_ips/scaler_mip/yosys/scaler_mip.sv2v.v:811$4469.Y [7] has no (* sta_arrival *) value.
Warning: Endpoint scaler_mip.$flatten\g_lvl[1].u_fb.$techmap11702$mul$/home/claude/scaler_ips/scaler_mip/yosys/scaler_mip.sv2v.v:811$4469.Y [8] has no (* sta_arrival *) value.
Warning: Endpoint scaler_mip.$flatten\g_lvl[1].u_fb.$techmap11702$mul$/home/claude/scaler_ips/scaler_mip/yosys/scaler_mip.sv2v.v:811$4469.Y [9] has no (* sta_arrival *) value.
Warning: Endpoint scaler_mip.\g_lvl[1].u_fb.bcx[0] [1] has no (* sta_arrival *) value.
Warning: Endpoint scaler_mip.\g_lvl[1].u_fb.bcx[0] [2] has no (* sta_arrival *) value.
Warning: Endpoint scaler_mip.\g_lvl[1].u_fb.bcx[0] [3] has no (* sta_arrival *) value.
Warning: Endpoint scaler_mip.\g_lvl[1].u_fb.bcx[0] [4] has no (* sta_arrival *) value.
Warning: Endpoint scaler_mip.\g_lvl[1].u_fb.bcx[0] [5] has no (* sta_arrival *) value.
Warning: Endpoint scaler_mip.\g_lvl[1].u_fb.bcx[0] [6] has no (* sta_arrival *) value.
Warning: Endpoint scaler_mip.\g_lvl[1].u_fb.bcx[0] [7] has no (* sta_arrival *) value.
Warning: Endpoint scaler_mip.\g_lvl[1].u_fb.bcx[0] [8] has no (* sta_arrival *) value.
Warning: Endpoint scaler_mip.\g_lvl[1].u_fb.bcx[0] [9] has no (* sta_arrival *) value.
Warning: Endpoint scaler_mip.\g_lvl[1].u_fb.bcx[0] [10] has no (* sta_arrival *) value.
Warning: Endpoint scaler_mip.\g_lvl[1].u_fb.bcx[0] [11] has no (* sta_arrival *) value.
Warning: Endpoint scaler_mip.\g_lvl[1].u_fb.bcx[0] [12] has no (* sta_arrival *) value.
Warning: Endpoint scaler_mip.\g_lvl[1].u_fb.bcx[0] [13] has no (* sta_arrival *) value.
Warning: Endpoint scaler_mip.\g_lvl[1].u_fb.bcx[0] [14] has no (* sta_arrival *) value.
Warning: Endpoint scaler_mip.\g_lvl[1].u_fb.bcx[0] [15] has no (* sta_arrival *) value.
Warning: Endpoint scaler_mip.\g_lvl[1].u_fb.bcx[1] [1] has no (* sta_arrival *) value.
Warning: Endpoint scaler_mip.\g_lvl[1].u_fb.bcx[1] [2] has no (* sta_arrival *) value.
Warning: Endpoint scaler_mip.\g_lvl[1].u_fb.bcx[1] [3] has no (* sta_arrival *) value.
Warning: Endpoint scaler_mip.\g_lvl[1].u_fb.bcx[1] [4] has no (* sta_arrival *) value.
Warning: Endpoint scaler_mip.\g_lvl[1].u_fb.bcx[1] [5] has no (* sta_arrival *) value.
Warning: Endpoint scaler_mip.\g_lvl[1].u_fb.bcx[1] [6] has no (* sta_arrival *) value.
Warning: Endpoint scaler_mip.\g_lvl[1].u_fb.bcx[1] [7] has no (* sta_arrival *) value.
Warning: Endpoint scaler_mip.\g_lvl[1].u_fb.bcx[1] [8] has no (* sta_arrival *) value.
Warning: Endpoint scaler_mip.\g_lvl[1].u_fb.bcx[1] [9] has no (* sta_arrival *) value.
Warning: Endpoint scaler_mip.\g_lvl[1].u_fb.bcx[1] [10] has no (* sta_arrival *) value.
Warning: Endpoint scaler_mip.\g_lvl[1].u_fb.bcx[1] [11] has no (* sta_arrival *) value.
Warning: Endpoint scaler_mip.\g_lvl[1].u_fb.bcx[1] [12] has no (* sta_arrival *) value.
Warning: Endpoint scaler_mip.\g_lvl[1].u_fb.bcx[1] [13] has no (* sta_arrival *) value.
Warning: Endpoint scaler_mip.\g_lvl[1].u_fb.bcx[1] [14] has no (* sta_arrival *) value.
Warning: Endpoint scaler_mip.\g_lvl[1].u_fb.bcx[1] [15] has no (* sta_arrival *) value.
Warning: Endpoint scaler_mip.$flatten\g_lvl[1].u_fb.$techmap11703$mul$/home/claude/scaler_ips/scaler_mip/yosys/scaler_mip.sv2v.v:811$4475.Y [0] has no (* sta_arrival *) value.
Warning: Endpoint scaler_mip.$flatten\g_lvl[1].u_fb.$techmap11703$mul$/home/claude/scaler_ips/scaler_mip/yosys/scaler_mip.sv2v.v:811$4475.Y [1] has no (* sta_arrival *) value.
Warning: Endpoint scaler_mip.$flatten\g_lvl[1].u_fb.$techmap11703$mul$/home/claude/scaler_ips/scaler_mip/yosys/scaler_mip.sv2v.v:811$4475.Y [2] has no (* sta_arrival *) value.
Warning: Endpoint scaler_mip.$flatten\g_lvl[1].u_fb.$techmap11703$mul$/home/claude/scaler_ips/scaler_mip/yosys/scaler_mip.sv2v.v:811$4475.Y [3] has no (* sta_arrival *) value.
Warning: Endpoint scaler_mip.$flatten\g_lvl[1].u_fb.$techmap11703$mul$/home/claude/scaler_ips/scaler_mip/yosys/scaler_mip.sv2v.v:811$4475.Y [4] has no (* sta_arrival *) value.
Warning: Endpoint scaler_mip.$flatten\g_lvl[1].u_fb.$techmap11703$mul$/home/claude/scaler_ips/scaler_mip/yosys/scaler_mip.sv2v.v:811$4475.Y [5] has no (* sta_arrival *) value.
Warning: Endpoint scaler_mip.$flatten\g_lvl[1].u_fb.$techmap11703$mul$/home/claude/scaler_ips/scaler_mip/yosys/scaler_mip.sv2v.v:811$4475.Y [6] has no (* sta_arrival *) value.
Warning: Endpoint scaler_mip.$flatten\g_lvl[1].u_fb.$techmap11703$mul$/home/claude/scaler_ips/scaler_mip/yosys/scaler_mip.sv2v.v:811$4475.Y [7] has no (* sta_arrival *) value.
Warning: Endpoint scaler_mip.$flatten\g_lvl[1].u_fb.$techmap11703$mul$/home/claude/scaler_ips/scaler_mip/yosys/scaler_mip.sv2v.v:811$4475.Y [8] has no (* sta_arrival *) value.
Warning: Endpoint scaler_mip.$flatten\g_lvl[1].u_fb.$techmap11703$mul$/home/claude/scaler_ips/scaler_mip/yosys/scaler_mip.sv2v.v:811$4475.Y [9] has no (* sta_arrival *) value.
Warning: Endpoint scaler_mip.\g_lvl[1].u_fb.tsx[1] has no (* sta_arrival *) value.
Warning: Endpoint scaler_mip.\g_lvl[1].u_fb.tsy[1] has no (* sta_arrival *) value.
Warning: Endpoint scaler_mip.\g_lvl[0].u_fb.bcx[0] [1] has no (* sta_arrival *) value.
Warning: Endpoint scaler_mip.\g_lvl[0].u_fb.bcx[0] [2] has no (* sta_arrival *) value.
Warning: Endpoint scaler_mip.\g_lvl[0].u_fb.bcx[0] [3] has no (* sta_arrival *) value.
Warning: Endpoint scaler_mip.\g_lvl[0].u_fb.bcx[0] [4] has no (* sta_arrival *) value.
Warning: Endpoint scaler_mip.\g_lvl[0].u_fb.bcx[0] [5] has no (* sta_arrival *) value.
Warning: Endpoint scaler_mip.\g_lvl[0].u_fb.bcx[0] [6] has no (* sta_arrival *) value.
Warning: Endpoint scaler_mip.\g_lvl[0].u_fb.bcx[0] [7] has no (* sta_arrival *) value.
Warning: Endpoint scaler_mip.\g_lvl[0].u_fb.bcx[0] [8] has no (* sta_arrival *) value.
Warning: Endpoint scaler_mip.\g_lvl[0].u_fb.bcx[0] [9] has no (* sta_arrival *) value.
Warning: Endpoint scaler_mip.\g_lvl[0].u_fb.bcx[0] [10] has no (* sta_arrival *) value.
Warning: Endpoint scaler_mip.\g_lvl[0].u_fb.bcx[0] [11] has no (* sta_arrival *) value.
Warning: Endpoint scaler_mip.\g_lvl[0].u_fb.bcx[0] [12] has no (* sta_arrival *) value.
Warning: Endpoint scaler_mip.\g_lvl[0].u_fb.bcx[0] [13] has no (* sta_arrival *) value.
Warning: Endpoint scaler_mip.\g_lvl[0].u_fb.bcx[0] [14] has no (* sta_arrival *) value.
Warning: Endpoint scaler_mip.\g_lvl[0].u_fb.bcx[0] [15] has no (* sta_arrival *) value.
Warning: Endpoint scaler_mip.\g_lvl[0].u_fb.bcx[1] [1] has no (* sta_arrival *) value.
Warning: Endpoint scaler_mip.\g_lvl[0].u_fb.bcx[1] [2] has no (* sta_arrival *) value.
Warning: Endpoint scaler_mip.\g_lvl[0].u_fb.bcx[1] [3] has no (* sta_arrival *) value.
Warning: Endpoint scaler_mip.\g_lvl[0].u_fb.bcx[1] [4] has no (* sta_arrival *) value.
Warning: Endpoint scaler_mip.\g_lvl[0].u_fb.bcx[1] [5] has no (* sta_arrival *) value.
Warning: Endpoint scaler_mip.\g_lvl[0].u_fb.bcx[1] [6] has no (* sta_arrival *) value.
Warning: Endpoint scaler_mip.\g_lvl[0].u_fb.bcx[1] [7] has no (* sta_arrival *) value.
Warning: Endpoint scaler_mip.\g_lvl[0].u_fb.bcx[1] [8] has no (* sta_arrival *) value.
Warning: Endpoint scaler_mip.\g_lvl[0].u_fb.bcx[1] [9] has no (* sta_arrival *) value.
Warning: Endpoint scaler_mip.\g_lvl[0].u_fb.bcx[1] [10] has no (* sta_arrival *) value.
Warning: Endpoint scaler_mip.\g_lvl[0].u_fb.bcx[1] [11] has no (* sta_arrival *) value.
Warning: Endpoint scaler_mip.\g_lvl[0].u_fb.bcx[1] [12] has no (* sta_arrival *) value.
Warning: Endpoint scaler_mip.\g_lvl[0].u_fb.bcx[1] [13] has no (* sta_arrival *) value.
Warning: Endpoint scaler_mip.\g_lvl[0].u_fb.bcx[1] [14] has no (* sta_arrival *) value.
Warning: Endpoint scaler_mip.\g_lvl[0].u_fb.bcx[1] [15] has no (* sta_arrival *) value.
Warning: Endpoint scaler_mip.$flatten\g_lvl[0].u_fb.$techmap11681$mul$/home/claude/scaler_ips/scaler_mip/yosys/scaler_mip.sv2v.v:811$4813.Y [0] has no (* sta_arrival *) value.
Warning: Endpoint scaler_mip.$flatten\g_lvl[0].u_fb.$techmap11681$mul$/home/claude/scaler_ips/scaler_mip/yosys/scaler_mip.sv2v.v:811$4813.Y [1] has no (* sta_arrival *) value.
Warning: Endpoint scaler_mip.$flatten\g_lvl[0].u_fb.$techmap11681$mul$/home/claude/scaler_ips/scaler_mip/yosys/scaler_mip.sv2v.v:811$4813.Y [2] has no (* sta_arrival *) value.
Warning: Endpoint scaler_mip.$flatten\g_lvl[0].u_fb.$techmap11681$mul$/home/claude/scaler_ips/scaler_mip/yosys/scaler_mip.sv2v.v:811$4813.Y [3] has no (* sta_arrival *) value.
Warning: Endpoint scaler_mip.$flatten\g_lvl[0].u_fb.$techmap11681$mul$/home/claude/scaler_ips/scaler_mip/yosys/scaler_mip.sv2v.v:811$4813.Y [4] has no (* sta_arrival *) value.
Warning: Endpoint scaler_mip.$flatten\g_lvl[0].u_fb.$techmap11681$mul$/home/claude/scaler_ips/scaler_mip/yosys/scaler_mip.sv2v.v:811$4813.Y [5] has no (* sta_arrival *) value.
Warning: Endpoint scaler_mip.$flatten\g_lvl[0].u_fb.$techmap11681$mul$/home/claude/scaler_ips/scaler_mip/yosys/scaler_mip.sv2v.v:811$4813.Y [6] has no (* sta_arrival *) value.
Warning: Endpoint scaler_mip.$flatten\g_lvl[0].u_fb.$techmap11681$mul$/home/claude/scaler_ips/scaler_mip/yosys/scaler_mip.sv2v.v:811$4813.Y [7] has no (* sta_arrival *) value.
Warning: Endpoint scaler_mip.$flatten\g_lvl[0].u_fb.$techmap11681$mul$/home/claude/scaler_ips/scaler_mip/yosys/scaler_mip.sv2v.v:811$4813.Y [8] has no (* sta_arrival *) value.
Warning: Endpoint scaler_mip.$flatten\g_lvl[0].u_fb.$techmap11681$mul$/home/claude/scaler_ips/scaler_mip/yosys/scaler_mip.sv2v.v:811$4813.Y [9] has no (* sta_arrival *) value.
Warning: Endpoint scaler_mip.$flatten\g_lvl[0].u_fb.$techmap11681$mul$/home/claude/scaler_ips/scaler_mip/yosys/scaler_mip.sv2v.v:811$4813.Y [10] has no (* sta_arrival *) value.
Warning: Endpoint scaler_mip.$flatten\g_lvl[0].u_fb.$techmap11682$mul$/home/claude/scaler_ips/scaler_mip/yosys/scaler_mip.sv2v.v:811$4819.Y [0] has no (* sta_arrival *) value.
Warning: Endpoint scaler_mip.$flatten\g_lvl[0].u_fb.$techmap11682$mul$/home/claude/scaler_ips/scaler_mip/yosys/scaler_mip.sv2v.v:811$4819.Y [1] has no (* sta_arrival *) value.
Warning: Endpoint scaler_mip.$flatten\g_lvl[0].u_fb.$techmap11682$mul$/home/claude/scaler_ips/scaler_mip/yosys/scaler_mip.sv2v.v:811$4819.Y [2] has no (* sta_arrival *) value.
Warning: Endpoint scaler_mip.$flatten\g_lvl[0].u_fb.$techmap11682$mul$/home/claude/scaler_ips/scaler_mip/yosys/scaler_mip.sv2v.v:811$4819.Y [3] has no (* sta_arrival *) value.
Warning: Endpoint scaler_mip.$flatten\g_lvl[0].u_fb.$techmap11682$mul$/home/claude/scaler_ips/scaler_mip/yosys/scaler_mip.sv2v.v:811$4819.Y [4] has no (* sta_arrival *) value.
Warning: Endpoint scaler_mip.$flatten\g_lvl[0].u_fb.$techmap11682$mul$/home/claude/scaler_ips/scaler_mip/yosys/scaler_mip.sv2v.v:811$4819.Y [5] has no (* sta_arrival *) value.
Warning: Endpoint scaler_mip.$flatten\g_lvl[0].u_fb.$techmap11682$mul$/home/claude/scaler_ips/scaler_mip/yosys/scaler_mip.sv2v.v:811$4819.Y [6] has no (* sta_arrival *) value.
Warning: Endpoint scaler_mip.$flatten\g_lvl[0].u_fb.$techmap11682$mul$/home/claude/scaler_ips/scaler_mip/yosys/scaler_mip.sv2v.v:811$4819.Y [7] has no (* sta_arrival *) value.
Warning: Endpoint scaler_mip.$flatten\g_lvl[0].u_fb.$techmap11682$mul$/home/claude/scaler_ips/scaler_mip/yosys/scaler_mip.sv2v.v:811$4819.Y [8] has no (* sta_arrival *) value.
Warning: Endpoint scaler_mip.$flatten\g_lvl[0].u_fb.$techmap11682$mul$/home/claude/scaler_ips/scaler_mip/yosys/scaler_mip.sv2v.v:811$4819.Y [9] has no (* sta_arrival *) value.
Warning: Endpoint scaler_mip.$flatten\g_lvl[0].u_fb.$techmap11682$mul$/home/claude/scaler_ips/scaler_mip/yosys/scaler_mip.sv2v.v:811$4819.Y [10] has no (* sta_arrival *) value.
Warning: Endpoint scaler_mip.\g_lvl[0].u_fb.tsx[1] has no (* sta_arrival *) value.
Warning: Endpoint scaler_mip.\g_lvl[0].u_fb.tsy[1] has no (* sta_arrival *) value.

Arrival histogram:
 legend: * represents 21 endpoint(s)
         + represents [1,21) endpoint(s)
(  4600,   4370] |**+
(  4370,   4140] | 
(  4140,   3910] |****+
(  3910,   3680] |****+
(  3680,   3450] | 
(  3450,   3220] | 
(  3220,   2990] |**********************************+
(  2990,   2760] |+
(  2760,   2530] |+
(  2530,   2300] |*+
(  2300,   2070] |*+
(  2070,   1840] |*+
(  1840,   1610] |*****+
(  1610,   1380] |******+
(  1380,   1150] |****+
(  1150,    920] |********+
(   920,    690] |***********************+
(   690,    460] |************************************************************ 
(   460,    230] |******+
(   230,      0] |****+
