Module     : scaler_mip
Family     : xc7
Parameters : MAX_W=640 MAX_H=480
Tools      : Yosys 0.69+154, sv2v v0.0.13
Run time   : 49 s

Hierarchical utilization (Yosys synth_xilinx, totals include sub-instances)

Instance                                            LUT   LUTRAM       FF    CARRY     MUXF   BRAM36      DSP
-------------------------------------------------------------------------------------------------------------
scaler_mip                                         5746        0     3128      553        0    310.0       51
  (self)                                           2008        0     2024      258        0      0.0       42
  scaler_ctrl                                       310        0      515       26        0      0.0        0
    (self)                                          299        0      361       26        0      0.0        0
    axil_regbus                                      11        0      154        0        0      0.0        0
  banked_framebuf                                   681        0      112       59        0     60.0        3
  banked_framebuf#2                                 405        0       84       60        0      6.0        0
  banked_framebuf#3                                 672        0      104       59        0     16.0        3
  banked_framebuf#4                                1476        0      124       59        0    228.0        3
  scaler_dda                                        194        0      165       32        0      0.0        0

LUT = LUT1..LUT6 used as logic; LUTRAM = distributed RAM + SRL; BRAM36 counts
RAMB36 as 1 and RAMB18 as 0.5. Yosys does not place or route, so these are
pre-implementation estimates (Vivado will typically optimise further).

Critical path (cell delays only, no routing): 5616 ps  (see timing.rpt)
