
21. Executing STA pass (static timing analysis).
Warning: Module 'CARRY4' has no timing arcs!
Warning: Module 'MUXF7' has no timing arcs!
Warning: Module 'MUXF8' has no timing arcs!
Latest arrival time in 'scaler_lanczos' is 3841:
    3841 (<unknown>)
Warning: Critical-path does not terminate in a recognised endpoint.
           $flatten\u_core.\u_fb.$auto$alumacc.cc:485:replace_alu$102444.X [8]
    3841 $flatten\u_core.\u_fb.$abc$990893$auto$blifparse.cc:525:parse_blif$1000685 (LUT2.I1->O)
           $flatten\u_core.\u_fb.$auto$alumacc.cc:485:replace_alu$102444.B [8]
    3714 $flatten\u_core.\u_fb.$mul$/home/claude/scaler_ips/scaler_lanczos/yosys/scaler_lanczos.sv2v.v:748$6757 (DSP48E1.A->P)
           \u_core.u_ctrl.fb_wy [3]
     891 $flatten\u_core.\u_ctrl.$auto$ff.cc:266:slice$107892 (FDCE.CLR->Q)
           $flatten\u_core.\u_ctrl.$abc$1000991$auto$rtlil.cc:2600:NotGate$976524
     127 $flatten\u_core.\u_ctrl.$abc$1000991$auto$blifparse.cc:525:parse_blif$1001349 (INV.I->O)
       0   \rst_n (<primary input>)
Warning: Endpoint scaler_lanczos.\u_core.u_fb.hi_y [2] has no (* sta_arrival *) value.
Warning: Endpoint scaler_lanczos.\u_core.u_fb.hi_y [1] has no (* sta_arrival *) value.
Warning: Endpoint scaler_lanczos.\u_core.u_fb.hi_y [0] has no (* sta_arrival *) value.
Warning: Endpoint scaler_lanczos.\u_core.u_fb.lo_y [2] has no (* sta_arrival *) value.
Warning: Endpoint scaler_lanczos.\u_core.u_fb.lo_y [1] has no (* sta_arrival *) value.
Warning: Endpoint scaler_lanczos.\u_core.u_fb.lo_y [0] has no (* sta_arrival *) value.
Warning: Endpoint scaler_lanczos.\u_core.u_fb.hi_x [2] has no (* sta_arrival *) value.
Warning: Endpoint scaler_lanczos.\u_core.u_fb.hi_x [1] has no (* sta_arrival *) value.
Warning: Endpoint scaler_lanczos.\u_core.u_fb.hi_x [0] has no (* sta_arrival *) value.
Warning: Endpoint scaler_lanczos.\u_core.u_fb.lo_x [2] has no (* sta_arrival *) value.
Warning: Endpoint scaler_lanczos.\u_core.u_fb.lo_x [1] has no (* sta_arrival *) value.
Warning: Endpoint scaler_lanczos.\u_core.u_fb.lo_x [0] has no (* sta_arrival *) value.
Warning: Endpoint scaler_lanczos.$flatten\u_core.\u_fb.$techmap99543$mul$/home/claude/scaler_ips/scaler_lanczos/yosys/scaler_lanczos.sv2v.v:811$7331.Y [8] has no (* sta_arrival *) value.
Warning: Endpoint scaler_lanczos.$flatten\u_core.\u_fb.$techmap99543$mul$/home/claude/scaler_ips/scaler_lanczos/yosys/scaler_lanczos.sv2v.v:811$7331.Y [7] has no (* sta_arrival *) value.
Warning: Endpoint scaler_lanczos.$flatten\u_core.\u_fb.$techmap99543$mul$/home/claude/scaler_ips/scaler_lanczos/yosys/scaler_lanczos.sv2v.v:811$7331.Y [6] has no (* sta_arrival *) value.
Warning: Endpoint scaler_lanczos.$flatten\u_core.\u_fb.$techmap99543$mul$/home/claude/scaler_ips/scaler_lanczos/yosys/scaler_lanczos.sv2v.v:811$7331.Y [5] has no (* sta_arrival *) value.
Warning: Endpoint scaler_lanczos.$flatten\u_core.\u_fb.$techmap99543$mul$/home/claude/scaler_ips/scaler_lanczos/yosys/scaler_lanczos.sv2v.v:811$7331.Y [4] has no (* sta_arrival *) value.
Warning: Endpoint scaler_lanczos.$flatten\u_core.\u_fb.$techmap99543$mul$/home/claude/scaler_ips/scaler_lanczos/yosys/scaler_lanczos.sv2v.v:811$7331.Y [3] has no (* sta_arrival *) value.
Warning: Endpoint scaler_lanczos.$flatten\u_core.\u_fb.$techmap99543$mul$/home/claude/scaler_ips/scaler_lanczos/yosys/scaler_lanczos.sv2v.v:811$7331.Y [2] has no (* sta_arrival *) value.
Warning: Endpoint scaler_lanczos.$flatten\u_core.\u_fb.$techmap99543$mul$/home/claude/scaler_ips/scaler_lanczos/yosys/scaler_lanczos.sv2v.v:811$7331.Y [1] has no (* sta_arrival *) value.
Warning: Endpoint scaler_lanczos.$flatten\u_core.\u_fb.$techmap99543$mul$/home/claude/scaler_ips/scaler_lanczos/yosys/scaler_lanczos.sv2v.v:811$7331.Y [0] has no (* sta_arrival *) value.
Warning: Endpoint scaler_lanczos.$flatten\u_core.\u_fb.$techmap99542$mul$/home/claude/scaler_ips/scaler_lanczos/yosys/scaler_lanczos.sv2v.v:811$7325.Y [8] has no (* sta_arrival *) value.
Warning: Endpoint scaler_lanczos.$flatten\u_core.\u_fb.$techmap99542$mul$/home/claude/scaler_ips/scaler_lanczos/yosys/scaler_lanczos.sv2v.v:811$7325.Y [7] has no (* sta_arrival *) value.
Warning: Endpoint scaler_lanczos.$flatten\u_core.\u_fb.$techmap99542$mul$/home/claude/scaler_ips/scaler_lanczos/yosys/scaler_lanczos.sv2v.v:811$7325.Y [6] has no (* sta_arrival *) value.
Warning: Endpoint scaler_lanczos.$flatten\u_core.\u_fb.$techmap99542$mul$/home/claude/scaler_ips/scaler_lanczos/yosys/scaler_lanczos.sv2v.v:811$7325.Y [5] has no (* sta_arrival *) value.
Warning: Endpoint scaler_lanczos.$flatten\u_core.\u_fb.$techmap99542$mul$/home/claude/scaler_ips/scaler_lanczos/yosys/scaler_lanczos.sv2v.v:811$7325.Y [4] has no (* sta_arrival *) value.
Warning: Endpoint scaler_lanczos.$flatten\u_core.\u_fb.$techmap99542$mul$/home/claude/scaler_ips/scaler_lanczos/yosys/scaler_lanczos.sv2v.v:811$7325.Y [3] has no (* sta_arrival *) value.
Warning: Endpoint scaler_lanczos.$flatten\u_core.\u_fb.$techmap99542$mul$/home/claude/scaler_ips/scaler_lanczos/yosys/scaler_lanczos.sv2v.v:811$7325.Y [2] has no (* sta_arrival *) value.
Warning: Endpoint scaler_lanczos.$flatten\u_core.\u_fb.$techmap99542$mul$/home/claude/scaler_ips/scaler_lanczos/yosys/scaler_lanczos.sv2v.v:811$7325.Y [1] has no (* sta_arrival *) value.
Warning: Endpoint scaler_lanczos.$flatten\u_core.\u_fb.$techmap99542$mul$/home/claude/scaler_ips/scaler_lanczos/yosys/scaler_lanczos.sv2v.v:811$7325.Y [0] has no (* sta_arrival *) value.
Warning: Endpoint scaler_lanczos.$flatten\u_core.\u_fb.$techmap99541$mul$/home/claude/scaler_ips/scaler_lanczos/yosys/scaler_lanczos.sv2v.v:811$7319.Y [8] has no (* sta_arrival *) value.
Warning: Endpoint scaler_lanczos.$flatten\u_core.\u_fb.$techmap99541$mul$/home/claude/scaler_ips/scaler_lanczos/yosys/scaler_lanczos.sv2v.v:811$7319.Y [7] has no (* sta_arrival *) value.
Warning: Endpoint scaler_lanczos.$flatten\u_core.\u_fb.$techmap99541$mul$/home/claude/scaler_ips/scaler_lanczos/yosys/scaler_lanczos.sv2v.v:811$7319.Y [6] has no (* sta_arrival *) value.
Warning: Endpoint scaler_lanczos.$flatten\u_core.\u_fb.$techmap99541$mul$/home/claude/scaler_ips/scaler_lanczos/yosys/scaler_lanczos.sv2v.v:811$7319.Y [5] has no (* sta_arrival *) value.
Warning: Endpoint scaler_lanczos.$flatten\u_core.\u_fb.$techmap99541$mul$/home/claude/scaler_ips/scaler_lanczos/yosys/scaler_lanczos.sv2v.v:811$7319.Y [4] has no (* sta_arrival *) value.
Warning: Endpoint scaler_lanczos.$flatten\u_core.\u_fb.$techmap99541$mul$/home/claude/scaler_ips/scaler_lanczos/yosys/scaler_lanczos.sv2v.v:811$7319.Y [3] has no (* sta_arrival *) value.
Warning: Endpoint scaler_lanczos.$flatten\u_core.\u_fb.$techmap99541$mul$/home/claude/scaler_ips/scaler_lanczos/yosys/scaler_lanczos.sv2v.v:811$7319.Y [2] has no (* sta_arrival *) value.
Warning: Endpoint scaler_lanczos.$flatten\u_core.\u_fb.$techmap99541$mul$/home/claude/scaler_ips/scaler_lanczos/yosys/scaler_lanczos.sv2v.v:811$7319.Y [1] has no (* sta_arrival *) value.
Warning: Endpoint scaler_lanczos.$flatten\u_core.\u_fb.$techmap99541$mul$/home/claude/scaler_ips/scaler_lanczos/yosys/scaler_lanczos.sv2v.v:811$7319.Y [0] has no (* sta_arrival *) value.
Warning: Endpoint scaler_lanczos.$flatten\u_core.\u_fb.$techmap99540$mul$/home/claude/scaler_ips/scaler_lanczos/yosys/scaler_lanczos.sv2v.v:811$7313.Y [8] has no (* sta_arrival *) value.
Warning: Endpoint scaler_lanczos.$flatten\u_core.\u_fb.$techmap99540$mul$/home/claude/scaler_ips/scaler_lanczos/yosys/scaler_lanczos.sv2v.v:811$7313.Y [7] has no (* sta_arrival *) value.
Warning: Endpoint scaler_lanczos.$flatten\u_core.\u_fb.$techmap99540$mul$/home/claude/scaler_ips/scaler_lanczos/yosys/scaler_lanczos.sv2v.v:811$7313.Y [6] has no (* sta_arrival *) value.
Warning: Endpoint scaler_lanczos.$flatten\u_core.\u_fb.$techmap99540$mul$/home/claude/scaler_ips/scaler_lanczos/yosys/scaler_lanczos.sv2v.v:811$7313.Y [5] has no (* sta_arrival *) value.
Warning: Endpoint scaler_lanczos.$flatten\u_core.\u_fb.$techmap99540$mul$/home/claude/scaler_ips/scaler_lanczos/yosys/scaler_lanczos.sv2v.v:811$7313.Y [4] has no (* sta_arrival *) value.
Warning: Endpoint scaler_lanczos.$flatten\u_core.\u_fb.$techmap99540$mul$/home/claude/scaler_ips/scaler_lanczos/yosys/scaler_lanczos.sv2v.v:811$7313.Y [3] has no (* sta_arrival *) value.
Warning: Endpoint scaler_lanczos.$flatten\u_core.\u_fb.$techmap99540$mul$/home/claude/scaler_ips/scaler_lanczos/yosys/scaler_lanczos.sv2v.v:811$7313.Y [2] has no (* sta_arrival *) value.
Warning: Endpoint scaler_lanczos.$flatten\u_core.\u_fb.$techmap99540$mul$/home/claude/scaler_ips/scaler_lanczos/yosys/scaler_lanczos.sv2v.v:811$7313.Y [1] has no (* sta_arrival *) value.
Warning: Endpoint scaler_lanczos.$flatten\u_core.\u_fb.$techmap99540$mul$/home/claude/scaler_ips/scaler_lanczos/yosys/scaler_lanczos.sv2v.v:811$7313.Y [0] has no (* sta_arrival *) value.
Warning: Endpoint scaler_lanczos.$flatten\u_core.\u_fb.$techmap99539$mul$/home/claude/scaler_ips/scaler_lanczos/yosys/scaler_lanczos.sv2v.v:811$7307.Y [8] has no (* sta_arrival *) value.
Warning: Endpoint scaler_lanczos.$flatten\u_core.\u_fb.$techmap99539$mul$/home/claude/scaler_ips/scaler_lanczos/yosys/scaler_lanczos.sv2v.v:811$7307.Y [7] has no (* sta_arrival *) value.
Warning: Endpoint scaler_lanczos.$flatten\u_core.\u_fb.$techmap99539$mul$/home/claude/scaler_ips/scaler_lanczos/yosys/scaler_lanczos.sv2v.v:811$7307.Y [6] has no (* sta_arrival *) value.
Warning: Endpoint scaler_lanczos.$flatten\u_core.\u_fb.$techmap99539$mul$/home/claude/scaler_ips/scaler_lanczos/yosys/scaler_lanczos.sv2v.v:811$7307.Y [5] has no (* sta_arrival *) value.
Warning: Endpoint scaler_lanczos.$flatten\u_core.\u_fb.$techmap99539$mul$/home/claude/scaler_ips/scaler_lanczos/yosys/scaler_lanczos.sv2v.v:811$7307.Y [4] has no (* sta_arrival *) value.
Warning: Endpoint scaler_lanczos.$flatten\u_core.\u_fb.$techmap99539$mul$/home/claude/scaler_ips/scaler_lanczos/yosys/scaler_lanczos.sv2v.v:811$7307.Y [3] has no (* sta_arrival *) value.
Warning: Endpoint scaler_lanczos.$flatten\u_core.\u_fb.$techmap99539$mul$/home/claude/scaler_ips/scaler_lanczos/yosys/scaler_lanczos.sv2v.v:811$7307.Y [2] has no (* sta_arrival *) value.
Warning: Endpoint scaler_lanczos.$flatten\u_core.\u_fb.$techmap99539$mul$/home/claude/scaler_ips/scaler_lanczos/yosys/scaler_lanczos.sv2v.v:811$7307.Y [1] has no (* sta_arrival *) value.
Warning: Endpoint scaler_lanczos.$flatten\u_core.\u_fb.$techmap99539$mul$/home/claude/scaler_ips/scaler_lanczos/yosys/scaler_lanczos.sv2v.v:811$7307.Y [0] has no (* sta_arrival *) value.
Warning: Endpoint scaler_lanczos.$flatten\u_core.\u_fb.$techmap99538$mul$/home/claude/scaler_ips/scaler_lanczos/yosys/scaler_lanczos.sv2v.v:811$7301.Y [8] has no (* sta_arrival *) value.
Warning: Endpoint scaler_lanczos.$flatten\u_core.\u_fb.$techmap99538$mul$/home/claude/scaler_ips/scaler_lanczos/yosys/scaler_lanczos.sv2v.v:811$7301.Y [7] has no (* sta_arrival *) value.
Warning: Endpoint scaler_lanczos.$flatten\u_core.\u_fb.$techmap99538$mul$/home/claude/scaler_ips/scaler_lanczos/yosys/scaler_lanczos.sv2v.v:811$7301.Y [6] has no (* sta_arrival *) value.
Warning: Endpoint scaler_lanczos.$flatten\u_core.\u_fb.$techmap99538$mul$/home/claude/scaler_ips/scaler_lanczos/yosys/scaler_lanczos.sv2v.v:811$7301.Y [5] has no (* sta_arrival *) value.
Warning: Endpoint scaler_lanczos.$flatten\u_core.\u_fb.$techmap99538$mul$/home/claude/scaler_ips/scaler_lanczos/yosys/scaler_lanczos.sv2v.v:811$7301.Y [4] has no (* sta_arrival *) value.
Warning: Endpoint scaler_lanczos.$flatten\u_core.\u_fb.$techmap99538$mul$/home/claude/scaler_ips/scaler_lanczos/yosys/scaler_lanczos.sv2v.v:811$7301.Y [3] has no (* sta_arrival *) value.
Warning: Endpoint scaler_lanczos.$flatten\u_core.\u_fb.$techmap99538$mul$/home/claude/scaler_ips/scaler_lanczos/yosys/scaler_lanczos.sv2v.v:811$7301.Y [2] has no (* sta_arrival *) value.
Warning: Endpoint scaler_lanczos.$flatten\u_core.\u_fb.$techmap99538$mul$/home/claude/scaler_ips/scaler_lanczos/yosys/scaler_lanczos.sv2v.v:811$7301.Y [1] has no (* sta_arrival *) value.
Warning: Endpoint scaler_lanczos.$flatten\u_core.\u_fb.$techmap99538$mul$/home/claude/scaler_ips/scaler_lanczos/yosys/scaler_lanczos.sv2v.v:811$7301.Y [0] has no (* sta_arrival *) value.
Warning: Endpoint scaler_lanczos.$flatten\u_core.\u_fb.$techmap99537$mul$/home/claude/scaler_ips/scaler_lanczos/yosys/scaler_lanczos.sv2v.v:811$7295.Y [8] has no (* sta_arrival *) value.
Warning: Endpoint scaler_lanczos.$flatten\u_core.\u_fb.$techmap99537$mul$/home/claude/scaler_ips/scaler_lanczos/yosys/scaler_lanczos.sv2v.v:811$7295.Y [7] has no (* sta_arrival *) value.
Warning: Endpoint scaler_lanczos.$flatten\u_core.\u_fb.$techmap99537$mul$/home/claude/scaler_ips/scaler_lanczos/yosys/scaler_lanczos.sv2v.v:811$7295.Y [6] has no (* sta_arrival *) value.
Warning: Endpoint scaler_lanczos.$flatten\u_core.\u_fb.$techmap99537$mul$/home/claude/scaler_ips/scaler_lanczos/yosys/scaler_lanczos.sv2v.v:811$7295.Y [5] has no (* sta_arrival *) value.
Warning: Endpoint scaler_lanczos.$flatten\u_core.\u_fb.$techmap99537$mul$/home/claude/scaler_ips/scaler_lanczos/yosys/scaler_lanczos.sv2v.v:811$7295.Y [4] has no (* sta_arrival *) value.
Warning: Endpoint scaler_lanczos.$flatten\u_core.\u_fb.$techmap99537$mul$/home/claude/scaler_ips/scaler_lanczos/yosys/scaler_lanczos.sv2v.v:811$7295.Y [3] has no (* sta_arrival *) value.
Warning: Endpoint scaler_lanczos.$flatten\u_core.\u_fb.$techmap99537$mul$/home/claude/scaler_ips/scaler_lanczos/yosys/scaler_lanczos.sv2v.v:811$7295.Y [2] has no (* sta_arrival *) value.
Warning: Endpoint scaler_lanczos.$flatten\u_core.\u_fb.$techmap99537$mul$/home/claude/scaler_ips/scaler_lanczos/yosys/scaler_lanczos.sv2v.v:811$7295.Y [1] has no (* sta_arrival *) value.
Warning: Endpoint scaler_lanczos.$flatten\u_core.\u_fb.$techmap99537$mul$/home/claude/scaler_ips/scaler_lanczos/yosys/scaler_lanczos.sv2v.v:811$7295.Y [0] has no (* sta_arrival *) value.
Warning: Endpoint scaler_lanczos.\u_core.u_fb.bcx[7] [15] has no (* sta_arrival *) value.
Warning: Endpoint scaler_lanczos.\u_core.u_fb.bcx[7] [14] has no (* sta_arrival *) value.
Warning: Endpoint scaler_lanczos.\u_core.u_fb.bcx[7] [13] has no (* sta_arrival *) value.
Warning: Endpoint scaler_lanczos.\u_core.u_fb.bcx[7] [12] has no (* sta_arrival *) value.
Warning: Endpoint scaler_lanczos.\u_core.u_fb.bcx[7] [11] has no (* sta_arrival *) value.
Warning: Endpoint scaler_lanczos.\u_core.u_fb.bcx[7] [10] has no (* sta_arrival *) value.
Warning: Endpoint scaler_lanczos.\u_core.u_fb.bcx[7] [9] has no (* sta_arrival *) value.
Warning: Endpoint scaler_lanczos.\u_core.u_fb.bcx[7] [8] has no (* sta_arrival *) value.
Warning: Endpoint scaler_lanczos.\u_core.u_fb.bcx[7] [7] has no (* sta_arrival *) value.
Warning: Endpoint scaler_lanczos.\u_core.u_fb.bcx[7] [6] has no (* sta_arrival *) value.
Warning: Endpoint scaler_lanczos.\u_core.u_fb.bcx[7] [5] has no (* sta_arrival *) value.
Warning: Endpoint scaler_lanczos.\u_core.u_fb.bcx[7] [4] has no (* sta_arrival *) value.
Warning: Endpoint scaler_lanczos.\u_core.u_fb.bcx[7] [3] has no (* sta_arrival *) value.
Warning: Endpoint scaler_lanczos.\u_core.u_fb.bcx[6] [15] has no (* sta_arrival *) value.
Warning: Endpoint scaler_lanczos.\u_core.u_fb.bcx[6] [14] has no (* sta_arrival *) value.
Warning: Endpoint scaler_lanczos.\u_core.u_fb.bcx[6] [13] has no (* sta_arrival *) value.
Warning: Endpoint scaler_lanczos.\u_core.u_fb.bcx[6] [12] has no (* sta_arrival *) value.
Warning: Endpoint scaler_lanczos.\u_core.u_fb.bcx[6] [11] has no (* sta_arrival *) value.
Warning: Endpoint scaler_lanczos.\u_core.u_fb.bcx[6] [10] has no (* sta_arrival *) value.
Warning: Endpoint scaler_lanczos.\u_core.u_fb.bcx[6] [9] has no (* sta_arrival *) value.
Warning: Endpoint scaler_lanczos.\u_core.u_fb.bcx[6] [8] has no (* sta_arrival *) value.
Warning: Endpoint scaler_lanczos.\u_core.u_fb.bcx[6] [7] has no (* sta_arrival *) value.
Warning: Endpoint scaler_lanczos.\u_core.u_fb.bcx[6] [6] has no (* sta_arrival *) value.
Warning: Endpoint scaler_lanczos.\u_core.u_fb.bcx[6] [5] has no (* sta_arrival *) value.
Warning: Endpoint scaler_lanczos.\u_core.u_fb.bcx[6] [4] has no (* sta_arrival *) value.
Warning: Endpoint scaler_lanczos.\u_core.u_fb.bcx[6] [3] has no (* sta_arrival *) value.
Warning: Endpoint scaler_lanczos.\u_core.u_fb.bcx[5] [15] has no (* sta_arrival *) value.
Warning: Endpoint scaler_lanczos.\u_core.u_fb.bcx[5] [14] has no (* sta_arrival *) value.
Warning: Endpoint scaler_lanczos.\u_core.u_fb.bcx[5] [13] has no (* sta_arrival *) value.
Warning: Endpoint scaler_lanczos.\u_core.u_fb.bcx[5] [12] has no (* sta_arrival *) value.
Warning: Endpoint scaler_lanczos.\u_core.u_fb.bcx[5] [11] has no (* sta_arrival *) value.
Warning: Endpoint scaler_lanczos.\u_core.u_fb.bcx[5] [10] has no (* sta_arrival *) value.
Warning: Endpoint scaler_lanczos.\u_core.u_fb.bcx[5] [9] has no (* sta_arrival *) value.
Warning: Endpoint scaler_lanczos.\u_core.u_fb.bcx[5] [8] has no (* sta_arrival *) value.
Warning: Endpoint scaler_lanczos.\u_core.u_fb.bcx[5] [7] has no (* sta_arrival *) value.
Warning: Endpoint scaler_lanczos.\u_core.u_fb.bcx[5] [6] has no (* sta_arrival *) value.
Warning: Endpoint scaler_lanczos.\u_core.u_fb.bcx[5] [5] has no (* sta_arrival *) value.
Warning: Endpoint scaler_lanczos.\u_core.u_fb.bcx[5] [4] has no (* sta_arrival *) value.
Warning: Endpoint scaler_lanczos.\u_core.u_fb.bcx[5] [3] has no (* sta_arrival *) value.
Warning: Endpoint scaler_lanczos.\u_core.u_fb.bcx[4] [15] has no (* sta_arrival *) value.
Warning: Endpoint scaler_lanczos.\u_core.u_fb.bcx[4] [14] has no (* sta_arrival *) value.
Warning: Endpoint scaler_lanczos.\u_core.u_fb.bcx[4] [13] has no (* sta_arrival *) value.
Warning: Endpoint scaler_lanczos.\u_core.u_fb.bcx[4] [12] has no (* sta_arrival *) value.
Warning: Endpoint scaler_lanczos.\u_core.u_fb.bcx[4] [11] has no (* sta_arrival *) value.
Warning: Endpoint scaler_lanczos.\u_core.u_fb.bcx[4] [10] has no (* sta_arrival *) value.
Warning: Endpoint scaler_lanczos.\u_core.u_fb.bcx[4] [9] has no (* sta_arrival *) value.
Warning: Endpoint scaler_lanczos.\u_core.u_fb.bcx[4] [8] has no (* sta_arrival *) value.
Warning: Endpoint scaler_lanczos.\u_core.u_fb.bcx[4] [7] has no (* sta_arrival *) value.
Warning: Endpoint scaler_lanczos.\u_core.u_fb.bcx[4] [6] has no (* sta_arrival *) value.
Warning: Endpoint scaler_lanczos.\u_core.u_fb.bcx[4] [5] has no (* sta_arrival *) value.
Warning: Endpoint scaler_lanczos.\u_core.u_fb.bcx[4] [4] has no (* sta_arrival *) value.
Warning: Endpoint scaler_lanczos.\u_core.u_fb.bcx[4] [3] has no (* sta_arrival *) value.
Warning: Endpoint scaler_lanczos.\u_core.u_fb.bcx[3] [15] has no (* sta_arrival *) value.
Warning: Endpoint scaler_lanczos.\u_core.u_fb.bcx[3] [14] has no (* sta_arrival *) value.
Warning: Endpoint scaler_lanczos.\u_core.u_fb.bcx[3] [13] has no (* sta_arrival *) value.
Warning: Endpoint scaler_lanczos.\u_core.u_fb.bcx[3] [12] has no (* sta_arrival *) value.
Warning: Endpoint scaler_lanczos.\u_core.u_fb.bcx[3] [11] has no (* sta_arrival *) value.
Warning: Endpoint scaler_lanczos.\u_core.u_fb.bcx[3] [10] has no (* sta_arrival *) value.
Warning: Endpoint scaler_lanczos.\u_core.u_fb.bcx[3] [9] has no (* sta_arrival *) value.
Warning: Endpoint scaler_lanczos.\u_core.u_fb.bcx[3] [8] has no (* sta_arrival *) value.
Warning: Endpoint scaler_lanczos.\u_core.u_fb.bcx[3] [7] has no (* sta_arrival *) value.
Warning: Endpoint scaler_lanczos.\u_core.u_fb.bcx[3] [6] has no (* sta_arrival *) value.
Warning: Endpoint scaler_lanczos.\u_core.u_fb.bcx[3] [5] has no (* sta_arrival *) value.
Warning: Endpoint scaler_lanczos.\u_core.u_fb.bcx[3] [4] has no (* sta_arrival *) value.
Warning: Endpoint scaler_lanczos.\u_core.u_fb.bcx[3] [3] has no (* sta_arrival *) value.
Warning: Endpoint scaler_lanczos.\u_core.u_fb.bcx[2] [15] has no (* sta_arrival *) value.
Warning: Endpoint scaler_lanczos.\u_core.u_fb.bcx[2] [14] has no (* sta_arrival *) value.
Warning: Endpoint scaler_lanczos.\u_core.u_fb.bcx[2] [13] has no (* sta_arrival *) value.
Warning: Endpoint scaler_lanczos.\u_core.u_fb.bcx[2] [12] has no (* sta_arrival *) value.
Warning: Endpoint scaler_lanczos.\u_core.u_fb.bcx[2] [11] has no (* sta_arrival *) value.
Warning: Endpoint scaler_lanczos.\u_core.u_fb.bcx[2] [10] has no (* sta_arrival *) value.
Warning: Endpoint scaler_lanczos.\u_core.u_fb.bcx[2] [9] has no (* sta_arrival *) value.
Warning: Endpoint scaler_lanczos.\u_core.u_fb.bcx[2] [8] has no (* sta_arrival *) value.
Warning: Endpoint scaler_lanczos.\u_core.u_fb.bcx[2] [7] has no (* sta_arrival *) value.
Warning: Endpoint scaler_lanczos.\u_core.u_fb.bcx[2] [6] has no (* sta_arrival *) value.
Warning: Endpoint scaler_lanczos.\u_core.u_fb.bcx[2] [5] has no (* sta_arrival *) value.
Warning: Endpoint scaler_lanczos.\u_core.u_fb.bcx[2] [4] has no (* sta_arrival *) value.
Warning: Endpoint scaler_lanczos.\u_core.u_fb.bcx[2] [3] has no (* sta_arrival *) value.
Warning: Endpoint scaler_lanczos.\u_core.u_fb.bcx[1] [15] has no (* sta_arrival *) value.
Warning: Endpoint scaler_lanczos.\u_core.u_fb.bcx[1] [14] has no (* sta_arrival *) value.
Warning: Endpoint scaler_lanczos.\u_core.u_fb.bcx[1] [13] has no (* sta_arrival *) value.
Warning: Endpoint scaler_lanczos.\u_core.u_fb.bcx[1] [12] has no (* sta_arrival *) value.
Warning: Endpoint scaler_lanczos.\u_core.u_fb.bcx[1] [11] has no (* sta_arrival *) value.
Warning: Endpoint scaler_lanczos.\u_core.u_fb.bcx[1] [10] has no (* sta_arrival *) value.
Warning: Endpoint scaler_lanczos.\u_core.u_fb.bcx[1] [9] has no (* sta_arrival *) value.
Warning: Endpoint scaler_lanczos.\u_core.u_fb.bcx[1] [8] has no (* sta_arrival *) value.
Warning: Endpoint scaler_lanczos.\u_core.u_fb.bcx[1] [7] has no (* sta_arrival *) value.
Warning: Endpoint scaler_lanczos.\u_core.u_fb.bcx[1] [6] has no (* sta_arrival *) value.
Warning: Endpoint scaler_lanczos.\u_core.u_fb.bcx[1] [5] has no (* sta_arrival *) value.
Warning: Endpoint scaler_lanczos.\u_core.u_fb.bcx[1] [4] has no (* sta_arrival *) value.
Warning: Endpoint scaler_lanczos.\u_core.u_fb.bcx[1] [3] has no (* sta_arrival *) value.
Warning: Endpoint scaler_lanczos.\u_core.u_fb.bcx[0] [15] has no (* sta_arrival *) value.
Warning: Endpoint scaler_lanczos.\u_core.u_fb.bcx[0] [14] has no (* sta_arrival *) value.
Warning: Endpoint scaler_lanczos.\u_core.u_fb.bcx[0] [13] has no (* sta_arrival *) value.
Warning: Endpoint scaler_lanczos.\u_core.u_fb.bcx[0] [12] has no (* sta_arrival *) value.
Warning: Endpoint scaler_lanczos.\u_core.u_fb.bcx[0] [11] has no (* sta_arrival *) value.
Warning: Endpoint scaler_lanczos.\u_core.u_fb.bcx[0] [10] has no (* sta_arrival *) value.
Warning: Endpoint scaler_lanczos.\u_core.u_fb.bcx[0] [9] has no (* sta_arrival *) value.
Warning: Endpoint scaler_lanczos.\u_core.u_fb.bcx[0] [8] has no (* sta_arrival *) value.
Warning: Endpoint scaler_lanczos.\u_core.u_fb.bcx[0] [7] has no (* sta_arrival *) value.
Warning: Endpoint scaler_lanczos.\u_core.u_fb.bcx[0] [6] has no (* sta_arrival *) value.
Warning: Endpoint scaler_lanczos.\u_core.u_fb.bcx[0] [5] has no (* sta_arrival *) value.
Warning: Endpoint scaler_lanczos.\u_core.u_fb.bcx[0] [4] has no (* sta_arrival *) value.
Warning: Endpoint scaler_lanczos.\u_core.u_fb.bcx[0] [3] has no (* sta_arrival *) value.
Warning: Endpoint scaler_lanczos.$flatten\u_core.\u_fb.$techmap99536$mul$/home/claude/scaler_ips/scaler_lanczos/yosys/scaler_lanczos.sv2v.v:811$7289.Y [8] has no (* sta_arrival *) value.
Warning: Endpoint scaler_lanczos.$flatten\u_core.\u_fb.$techmap99536$mul$/home/claude/scaler_ips/scaler_lanczos/yosys/scaler_lanczos.sv2v.v:811$7289.Y [7] has no (* sta_arrival *) value.
Warning: Endpoint scaler_lanczos.$flatten\u_core.\u_fb.$techmap99536$mul$/home/claude/scaler_ips/scaler_lanczos/yosys/scaler_lanczos.sv2v.v:811$7289.Y [6] has no (* sta_arrival *) value.
Warning: Endpoint scaler_lanczos.$flatten\u_core.\u_fb.$techmap99536$mul$/home/claude/scaler_ips/scaler_lanczos/yosys/scaler_lanczos.sv2v.v:811$7289.Y [5] has no (* sta_arrival *) value.
Warning: Endpoint scaler_lanczos.$flatten\u_core.\u_fb.$techmap99536$mul$/home/claude/scaler_ips/scaler_lanczos/yosys/scaler_lanczos.sv2v.v:811$7289.Y [4] has no (* sta_arrival *) value.
Warning: Endpoint scaler_lanczos.$flatten\u_core.\u_fb.$techmap99536$mul$/home/claude/scaler_ips/scaler_lanczos/yosys/scaler_lanczos.sv2v.v:811$7289.Y [3] has no (* sta_arrival *) value.
Warning: Endpoint scaler_lanczos.$flatten\u_core.\u_fb.$techmap99536$mul$/home/claude/scaler_ips/scaler_lanczos/yosys/scaler_lanczos.sv2v.v:811$7289.Y [2] has no (* sta_arrival *) value.
Warning: Endpoint scaler_lanczos.$flatten\u_core.\u_fb.$techmap99536$mul$/home/claude/scaler_ips/scaler_lanczos/yosys/scaler_lanczos.sv2v.v:811$7289.Y [1] has no (* sta_arrival *) value.
Warning: Endpoint scaler_lanczos.$flatten\u_core.\u_fb.$techmap99536$mul$/home/claude/scaler_ips/scaler_lanczos/yosys/scaler_lanczos.sv2v.v:811$7289.Y [0] has no (* sta_arrival *) value.

Arrival histogram:
 legend: * represents 54 endpoint(s)
         + represents [1,54) endpoint(s)
(  3540,   3363] |+
(  3363,   3186] |+
(  3186,   3009] |************************************************************ 
(  3009,   2832] |+
(  2832,   2655] | 
(  2655,   2478] |+
(  2478,   2301] |+
(  2301,   2124] |******+
(  2124,   1947] |**+
(  1947,   1770] |*********************+
(  1770,   1593] |*+
(  1593,   1416] |+
(  1416,   1239] |*+
(  1239,   1062] |+
(  1062,    885] |******+
(   885,    708] |+
(   708,    531] |**************+
(   531,    354] | 
(   354,    177] |***********************+
(   177,      0] |*+
