Module     : scaler_lanczos
Family     : xc7
Parameters : MAX_W=640 MAX_H=480
Tools      : Yosys 0.69+154, sv2v v0.0.13
Run time   : 139 s

Hierarchical utilization (Yosys synth_xilinx, totals include sub-instances)

Instance                                            LUT   LUTRAM       FF    CARRY     MUXF   BRAM36      DSP
-------------------------------------------------------------------------------------------------------------
scaler_lanczos                                    25704      252    15884     1316        0    256.0      135
  (self)                                              0        0        0        0        0      0.0        0
  scaler_polyphase                                25704      252    15884     1316        0    256.0      135
    (self)                                        13863      252    14720      889        0      0.0      126
    banked_framebuf                               11337        0      484      369        0    256.0        9
    scaler_ctrl                                     310        0      515       26        0      0.0        0
      (self)                                        299        0      361       26        0      0.0        0
      axil_regbus                                    11        0      154        0        0      0.0        0
    scaler_dda                                      194        0      165       32        0      0.0        0

LUT = LUT1..LUT6 used as logic; LUTRAM = distributed RAM + SRL; BRAM36 counts
RAMB36 as 1 and RAMB18 as 0.5. Yosys does not place or route, so these are
pre-implementation estimates (Vivado will typically optimise further).

Critical path (cell delays only, no routing): 4632 ps  (see timing.rpt)
